Component: ARM Compiler 5.06 update 7 (build 960) Tool: armlink [4d3601]

==============================================================================

Section Cross References

    main.o(i.APP_TSK) refers to bsp_os.o(i.BSP_OS_TickEnable) for BSP_OS_TickEnable
    main.o(i.APP_TSK) refers to lib_led.o(i.LED_init) for LED_init
    main.o(i.APP_TSK) refers to glcd.o(i.LCD_Initialization) for LCD_Initialization
    main.o(i.APP_TSK) refers to lib_joystick.o(i.joystick_init) for joystick_init
    main.o(i.APP_TSK) refers to lib_button.o(i.BUTTON_init) for BUTTON_init
    main.o(i.APP_TSK) refers to glcd.o(i.LCD_Clear) for LCD_Clear
    main.o(i.APP_TSK) refers to lib_dma.o(i.init_DMA) for init_DMA
    main.o(i.APP_TSK) refers to main.o(i.showbuffer) for showbuffer
    main.o(i.APP_TSK) refers to password.o(i.passwordcheck) for passwordcheck
    main.o(i.APP_TSK) refers to glcd.o(i.GUI_Text) for GUI_Text
    main.o(i.APP_TSK) refers to main.o(.data) for down_KEY1
    main.o(i.main) refers to system_lpc17xx.o(i.SystemInit) for SystemInit
    main.o(i.main) refers to bsp_os.o(i.BSP_IntInit) for BSP_IntInit
    main.o(i.main) refers to bsp.o(i.BSP_Start) for BSP_Start
    main.o(i.main) refers to cpu_a.o(.text) for CPU_IntDis
    main.o(i.main) refers to cpu_core.o(i.CPU_Init) for CPU_Init
    main.o(i.main) refers to lib_mem.o(i.Mem_Init) for Mem_Init
    main.o(i.main) refers to os_core.o(i.OSInit) for OSInit
    main.o(i.main) refers to os_task.o(i.OSTaskCreate) for OSTaskCreate
    main.o(i.main) refers to os_core.o(i.OSStart) for OSStart
    main.o(i.main) refers to main.o(.bss) for APP_TSK_STACK
    main.o(i.main) refers to main.o(i.APP_TSK) for APP_TSK
    main.o(i.showbuffer) refers to glcd.o(i.LCD_Clear) for LCD_Clear
    main.o(i.showbuffer) refers to main.o(i.tostring2hex) for tostring2hex
    main.o(i.showbuffer) refers to glcd.o(i.GUI_Text) for GUI_Text
    main.o(i.showbuffer) refers to main.o(.bss) for DMAbuffer
    main.o(.data) refers to main.o(.bss) for DMAbuffer
    bsp.o(i.BSP_Start) refers to csp_pm.o(i.CSP_PM_CPU_ClkFreqGet) for CSP_PM_CPU_ClkFreqGet
    bsp.o(i.BSP_Start) refers to os_cpu_c.o(i.OS_CPU_SysTickInit) for OS_CPU_SysTickInit
    bsp.o(i.BSP_Start) refers to os_cfg_app.o(.constdata) for OSCfg_TickRate_Hz
    bsp.o(i.CPU_TS32_to_uSec) refers to cpu_core.o(i.CPU_TS_TmrFreqGet) for CPU_TS_TmrFreqGet
    bsp.o(i.CPU_TS32_to_uSec) refers to lludivv7m.o(.text) for __aeabi_uldivmod
    bsp.o(i.CPU_TS_TmrInit) refers to csp_pm.o(i.CSP_PM_CPU_ClkFreqGet) for CSP_PM_CPU_ClkFreqGet
    bsp.o(i.CPU_TS_TmrInit) refers to cpu_core.o(i.CPU_TS_TmrFreqSet) for CPU_TS_TmrFreqSet
    bsp.o(i.change_frequency) refers to fflt_clz.o(x$fpl$ffltu) for __aeabi_ui2f
    bsp.o(i.change_frequency) refers to fflt_clz.o(x$fpl$fflt) for __aeabi_i2f
    bsp.o(i.change_frequency) refers to fmul.o(x$fpl$fmul) for __aeabi_fmul
    bsp.o(i.change_frequency) refers to fdiv.o(x$fpl$fdiv) for __aeabi_fdiv
    bsp.o(i.change_frequency) refers to ffixu.o(x$fpl$ffixu) for __aeabi_f2uiz
    bsp.o(i.change_frequency) refers to bsp.o(i.update_dutycycle) for update_dutycycle
    bsp.o(i.get_dutycycle) refers to fflt_clz.o(x$fpl$ffltu) for __aeabi_ui2f
    bsp.o(i.get_dutycycle) refers to fdiv.o(x$fpl$fdiv) for __aeabi_fdiv
    bsp.o(i.get_dutycycle) refers to ffix.o(x$fpl$ffix) for __aeabi_f2iz
    bsp.o(i.get_frequency) refers to fflt_clz.o(x$fpl$ffltu) for __aeabi_ui2f
    bsp.o(i.get_frequency) refers to fdiv.o(x$fpl$fdiv) for __aeabi_fdiv
    bsp.o(i.get_frequency) refers to ffix.o(x$fpl$ffix) for __aeabi_f2iz
    bsp.o(i.update_dutycycle) refers to fflt_clz.o(x$fpl$ffltu) for __aeabi_ui2f
    bsp.o(i.update_dutycycle) refers to fmul.o(x$fpl$fmul) for __aeabi_fmul
    bsp.o(i.update_dutycycle) refers to ffix.o(x$fpl$ffix) for __aeabi_f2iz
    bsp_os.o(i.BSP_IntDisable) refers to cpu_c.o(i.CPU_IntSrcDis) for CPU_IntSrcDis
    bsp_os.o(i.BSP_IntEnable) refers to cpu_c.o(i.CPU_IntSrcEn) for CPU_IntSrcEn
    bsp_os.o(i.BSP_IntInit) refers to cpu_a.o(.text) for CPU_SR_Save
    bsp_os.o(i.BSP_IntInit) refers to bsp_os.o(.bss) for VectorTbl_RAM
    bsp_os.o(i.BSP_IntVectSet) refers to bsp_os.o(.bss) for VectorTbl_RAM
    bsp_os.o(i.BSP_OS_SemCreate) refers to os_sem.o(i.OSSemCreate) for OSSemCreate
    bsp_os.o(i.BSP_OS_SemPost) refers to os_sem.o(i.OSSemPost) for OSSemPost
    bsp_os.o(i.BSP_OS_SemWait) refers to os_sem.o(i.OSSemPend) for OSSemPend
    bsp_os.o(i.BSP_OS_SemWait) refers to os_cfg_app.o(.constdata) for OSCfg_TickRate_Hz
    bsp_os.o(i.BSP_OS_TimeDlyMs) refers to os_time.o(i.OSTimeDlyHMSM) for OSTimeDlyHMSM
    cpu_c.o(i.CPU_IntSrcDis) refers to cpu_a.o(.text) for CPU_SR_Save
    cpu_c.o(i.CPU_IntSrcEn) refers to cpu_a.o(.text) for CPU_SR_Save
    cpu_c.o(i.CPU_IntSrcPendClr) refers to cpu_a.o(.text) for CPU_SR_Save
    cpu_c.o(i.CPU_IntSrcPrioGet) refers to cpu_a.o(.text) for CPU_SR_Save
[...]
    Software\uCOS-III\Source\os_task.c       0x00000000   Number         0  os_task.o ABSOLUTE
    Software\uCOS-III\Source\os_tick.c       0x00000000   Number         0  os_tick.o ABSOLUTE
    Software\uCOS-III\Source\os_time.c       0x00000000   Number         0  os_time.o ABSOLUTE
    Software\uCOS-III\Source\os_tmr.c        0x00000000   Number         0  os_tmr.o ABSOLUTE
    Software\uCOS-III\Source\os_var.c        0x00000000   Number         0  os_var.o ABSOLUTE
    Software\user\BSP\bsp.c                  0x00000000   Number         0  bsp.o ABSOLUTE
    Software\user\BSP\bsp_os.c               0x00000000   Number         0  bsp_os.o ABSOLUTE
    Software\user\configuration_os\app_hooks.c 0x00000000   Number         0  app_hooks.o ABSOLUTE
    Software\user\configuration_os\os_app_hooks.c 0x00000000   Number         0  os_app_hooks.o ABSOLUTE
    dc.s                                     0x00000000   Number         0  dc.o ABSOLUTE
    main.c                                   0x00000000   Number         0  main.o ABSOLUTE
    main.c                                   0x00000000   Number         0  main.o ABSOLUTE
    password.c                               0x00000000   Number         0  password.o ABSOLUTE
    !!!main                                  0x000000cc   Section        8  __main.o(!!!main)
    !!!scatter                               0x000000d4   Section       52  __scatter.o(!!!scatter)
    !!dczerorl2                              0x00000108   Section       90  __dczerorl2.o(!!dczerorl2)
    !!handler_zi                             0x00000164   Section       28  __scatter_zi.o(!!handler_zi)
    .ARM.Collect$$libinit$$00000000          0x00000180   Section        2  libinit.o(.ARM.Collect$$libinit$$00000000)
    .ARM.Collect$$libinit$$00000002          0x00000182   Section        0  libinit2.o(.ARM.Collect$$libinit$$00000002)
    .ARM.Collect$$libinit$$00000004          0x00000182   Section        0  libinit2.o(.ARM.Collect$$libinit$$00000004)
    .ARM.Collect$$libinit$$0000000A          0x00000182   Section        0  libinit2.o(.ARM.Collect$$libinit$$0000000A)
    .ARM.Collect$$libinit$$0000000C          0x00000182   Section        0  libinit2.o(.ARM.Collect$$libinit$$0000000C)
    .ARM.Collect$$libinit$$0000000E          0x00000182   Section        0  libinit2.o(.ARM.Collect$$libinit$$0000000E)
    .ARM.Collect$$libinit$$00000011          0x00000182   Section        0  libinit2.o(.ARM.Collect$$libinit$$00000011)
    .ARM.Collect$$libinit$$00000013          0x00000182   Section        0  libinit2.o(.ARM.Collect$$libinit$$00000013)
    .ARM.Collect$$libinit$$00000015          0x00000182   Section        0  libinit2.o(.ARM.Collect$$libinit$$00000015)
    .ARM.Collect$$libinit$$00000017          0x00000182   Section        0  libinit2.o(.ARM.Collect$$libinit$$00000017)
    .ARM.Collect$$libinit$$00000019          0x00000182   Section        0  libinit2.o(.ARM.Collect$$libinit$$00000019)
    .ARM.Collect$$libinit$$0000001B          0x00000182   Section        0  libinit2.o(.ARM.Collect$$libinit$$0000001B)
    .ARM.Collect$$libinit$$0000001D          0x00000182   Section        0  libinit2.o(.ARM.Collect$$libinit$$0000001D)
    .ARM.Collect$$libinit$$0000001F          0x00000182   Section        0  libinit2.o(.ARM.Collect$$libinit$$0000001F)
    .ARM.Collect$$libinit$$00000021          0x00000182   Section        0  libinit2.o(.ARM.Collect$$libinit$$00000021)
    .ARM.Collect$$libinit$$00000023          0x00000182   Section        0  libinit2.o(.ARM.Collect$$libinit$$00000023)
    .ARM.Collect$$libinit$$00000025          0x00000182   Section        0  libinit2.o(.ARM.Collect$$libinit$$00000025)
    .ARM.Collect$$libinit$$0000002C          0x00000182   Section        0  libinit2.o(.ARM.Collect$$libinit$$0000002C)
    .ARM.Collect$$libinit$$0000002E          0x00000182   Section        0  libinit2.o(.ARM.Collect$$libinit$$0000002E)
    .ARM.Collect$$libinit$$00000030          0x00000182   Section        0  libinit2.o(.ARM.Collect$$libinit$$00000030)
    .ARM.Collect$$libinit$$00000032          0x00000182   Section        0  libinit2.o(.ARM.Collect$$libinit$$00000032)
    .ARM.Collect$$libinit$$00000033          0x00000182   Section        2  libinit2.o(.ARM.Collect$$libinit$$00000033)
    .ARM.Collect$$libshutdown$$00000000      0x00000184   Section        2  libshutdown.o(.ARM.Collect$$libshutdown$$00000000)
    .ARM.Collect$$libshutdown$$00000002      0x00000186   Section        0  libshutdown2.o(.ARM.Collect$$libshutdown$$00000002)
    .ARM.Collect$$libshutdown$$00000004      0x00000186   Section        0  libshutdown2.o(.ARM.Collect$$libshutdown$$00000004)
    .ARM.Collect$$libshutdown$$00000006      0x00000186   Section        0  libshutdown2.o(.ARM.Collect$$libshutdown$$00000006)
    .ARM.Collect$$libshutdown$$00000009      0x00000186   Section        0  libshutdown2.o(.ARM.Collect$$libshutdown$$00000009)
    .ARM.Collect$$libshutdown$$0000000C      0x00000186   Section        0  libshutdown2.o(.ARM.Collect$$libshutdown$$0000000C)
    .ARM.Collect$$libshutdown$$0000000E      0x00000186   Section        0  libshutdown2.o(.ARM.Collect$$libshutdown$$0000000E)
    .ARM.Collect$$libshutdown$$00000011      0x00000186   Section        0  libshutdown2.o(.ARM.Collect$$libshutdown$$00000011)
    .ARM.Collect$$libshutdown$$00000012      0x00000186   Section        2  libshutdown2.o(.ARM.Collect$$libshutdown$$00000012)
    .ARM.Collect$$rtentry$$00000000          0x00000188   Section        0  __rtentry.o(.ARM.Collect$$rtentry$$00000000)
    .ARM.Collect$$rtentry$$00000002          0x00000188   Section        0  __rtentry2.o(.ARM.Collect$$rtentry$$00000002)
    .ARM.Collect$$rtentry$$00000004          0x00000188   Section        6  __rtentry4.o(.ARM.Collect$$rtentry$$00000004)
    .ARM.Collect$$rtentry$$00000009          0x0000018e   Section        0  __rtentry2.o(.ARM.Collect$$rtentry$$00000009)
    .ARM.Collect$$rtentry$$0000000A          0x0000018e   Section        4  __rtentry2.o(.ARM.Collect$$rtentry$$0000000A)
    .ARM.Collect$$rtentry$$0000000C          0x00000192   Section        0  __rtentry2.o(.ARM.Collect$$rtentry$$0000000C)
    .ARM.Collect$$rtentry$$0000000D          0x00000192   Section        8  __rtentry2.o(.ARM.Collect$$rtentry$$0000000D)
    .ARM.Collect$$rtexit$$00000000           0x0000019a   Section        2  rtexit.o(.ARM.Collect$$rtexit$$00000000)
    .ARM.Collect$$rtexit$$00000002           0x0000019c   Section        0  rtexit2.o(.ARM.Collect$$rtexit$$00000002)
    .ARM.Collect$$rtexit$$00000003           0x0000019c   Section        4  rtexit2.o(.ARM.Collect$$rtexit$$00000003)
    .ARM.Collect$$rtexit$$00000004           0x000001a0   Section        6  rtexit2.o(.ARM.Collect$$rtexit$$00000004)
    .text                                    0x000001a8   Section       52  cpu_a.o(.text)
    .text                                    0x000001dc   Section      132  os_cpu_a.o(.text)
    .text                                    0x00000260   Section       64  startup_lpc17xx.o(.text)
    .text                                    0x000002a0   Section        0  heapauxi.o(.text)
    .text                                    0x000002a6   Section       74  sys_stackheap_outer.o(.text)
    .text                                    0x000002f0   Section        8  libspace.o(.text)
    .text                                    0x000002f8   Section        2  use_no_semi.o(.text)
    .text                                    0x000002fa   Section        0  indicate_semi.o(.text)
    i.OSCfg_Init                             0x000002fa   Section        0  os_cfg_app.o(i.OSCfg_Init)
    .ARM.__at_0x02FC                         0x000002fc   Section        4  startup_lpc17xx.o(.ARM.__at_0x02FC)
    .text                                    0x00000300   Section      138  rt_memcpy_v6.o(.text)
    .text                                    0x0000038a   Section      100  rt_memcpy_w.o(.text)
    .text                                    0x000003ee   Section        0  exit.o(.text)
    .text                                    0x00000400   Section        0  sys_exit.o(.text)
    i.ADC_IRQHandler                         0x0000040c   Section        0  irq_adc.o(i.ADC_IRQHandler)
    i.APP_TSK                                0x00000430   Section        0  main.o(i.APP_TSK)
    APP_TSK                                  0x00000431   Thumb Code   136  main.o(i.APP_TSK)
    i.BSP_IntInit                            0x000004d8   Section        0  bsp_os.o(i.BSP_IntInit)
    i.BSP_OS_TickEnable                      0x00000524   Section        0  bsp_os.o(i.BSP_OS_TickEnable)
    i.BSP_Start                              0x00000538   Section        0  bsp.o(i.BSP_Start)
    i.BUTTON_init                            0x00000554   Section        0  lib_button.o(i.BUTTON_init)
    i.CPU_Init                               0x000005dc   Section        0  cpu_core.o(i.CPU_Init)
    i.CPU_NameClr                            0x000005e8   Section        0  cpu_core.o(i.CPU_NameClr)
    i.CPU_NameInit                           0x00000618   Section        0  cpu_core.o(i.CPU_NameInit)
    CPU_NameInit                             0x00000619   Thumb Code     8  cpu_core.o(i.CPU_NameInit)
    i.CPU_TS_Init                            0x00000620   Section        0  cpu_core.o(i.CPU_TS_Init)
    CPU_TS_Init                              0x00000621   Thumb Code    14  cpu_core.o(i.CPU_TS_Init)
    i.CPU_TS_TmrFreqSet                      0x00000634   Section        0  cpu_core.o(i.CPU_TS_TmrFreqSet)
    i.CPU_TS_TmrInit                         0x00000640   Section        0  bsp.o(i.CPU_TS_TmrInit)
    i.CPU_TS_TmrRd                           0x00000670   Section        0  bsp.o(i.CPU_TS_TmrRd)
    i.CSP_PM_CPU_ClkFreqGet                  0x0000067c   Section        0  csp_pm.o(i.CSP_PM_CPU_ClkFreqGet)
    i.DMA_IRQHandler                         0x00000704   Section        0  main.o(i.DMA_IRQHandler)
    i.EINT0_IRQHandler                       0x0000072c   Section        0  irq_button.o(i.EINT0_IRQHandler)
    i.EINT1_IRQHandler                       0x00000778   Section        0  irq_button.o(i.EINT1_IRQHandler)
    i.EINT2_IRQHandler                       0x000007d0   Section        0  irq_button.o(i.EINT2_IRQHandler)
    i.GUI_Text                               0x0000081c   Section        0  glcd.o(i.GUI_Text)
    i.GetASCIICode                           0x0000086c   Section        0  asciilib.o(i.GetASCIICode)
    i.LCD_Clear                              0x0000088c   Section        0  glcd.o(i.LCD_Clear)
    i.LCD_Configuration                      0x00000e7c   Section        0  glcd.o(i.LCD_Configuration)
    LCD_Configuration                        0x00000e7d   Thumb Code    20  glcd.o(i.LCD_Configuration)
    i.LCD_Initialization                     0x00000e94   Section        0  glcd.o(i.LCD_Initialization)
    i.LCD_SetCursor                          0x00003d8c   Section        0  glcd.o(i.LCD_SetCursor)
    LCD_SetCursor                            0x00003d8d   Thumb Code  1356  glcd.o(i.LCD_SetCursor)
    i.LCD_SetPoint                           0x000042dc   Section        0  glcd.o(i.LCD_SetPoint)
    i.LED_init                               0x000043b0   Section        0  lib_led.o(i.LED_init)
    i.Mem_Clr                                0x000043e0   Section        0  lib_mem.o(i.Mem_Clr)
    i.Mem_Init                               0x000043f4   Section        0  lib_mem.o(i.Mem_Init)
    i.Mem_Set                                0x0000443c   Section        0  lib_mem.o(i.Mem_Set)
    i.OSIdleTaskHook                         0x0000449e   Section        0  os_cpu_c.o(i.OSIdleTaskHook)
    i.OSInit                                 0x000044a0   Section        0  os_core.o(i.OSInit)
    i.OSInitHook                             0x000045a0   Section        0  os_cpu_c.o(i.OSInitHook)
    i.OSIntExit                              0x000045d8   Section        0  os_core.o(i.OSIntExit)
    i.OSSched                                0x000046bc   Section        0  os_core.o(i.OSSched)
    i.OSStart                                0x00004764   Section        0  os_core.o(i.OSStart)
    i.OSTaskCreate                           0x000047cc   Section        0  os_task.o(i.OSTaskCreate)
    i.OSTaskCreateHook                       0x00004934   Section        0  os_cpu_c.o(i.OSTaskCreateHook)
    i.OSTaskReturnHook                       0x00004936   Section        0  os_cpu_c.o(i.OSTaskReturnHook)
    i.OSTaskSemPend                          0x00004938   Section        0  os_task.o(i.OSTaskSemPend)
    i.OSTaskSemPost                          0x00004afc   Section        0  os_task.o(i.OSTaskSemPost)
    i.OSTaskStkInit                          0x00004b20   Section        0  os_cpu_c.o(i.OSTaskStkInit)
    i.OSTaskSwHook                           0x00004be0   Section        0  os_cpu_c.o(i.OSTaskSwHook)
    i.OSTimeDly                              0x00004c34   Section        0  os_time.o(i.OSTimeDly)
    i.OSTimeTick                             0x00004cf8   Section        0  os_time.o(i.OSTimeTick)
    i.OSTimeTickHook                         0x00004d28   Section        0  os_cpu_c.o(i.OSTimeTickHook)
    i.OS_CPU_SysTickHandler                  0x00004d2c   Section        0  os_cpu_c.o(i.OS_CPU_SysTickHandler)
    i.OS_CPU_SysTickInit                     0x00004d64   Section        0  os_cpu_c.o(i.OS_CPU_SysTickInit)
    i.OS_Dbg_Init                            0x00004d94   Section        0  os_dbg.o(i.OS_Dbg_Init)
    i.OS_FlagInit                            0x00004f04   Section        0  os_flag.o(i.OS_FlagInit)
    i.OS_IdleTask                            0x00004f1c   Section        0  os_core.o(i.OS_IdleTask)
    i.OS_IdleTaskInit                        0x00004f54   Section        0  os_core.o(i.OS_IdleTaskInit)
    i.OS_MemInit                             0x00004fc4   Section        0  os_mem.o(i.OS_MemInit)
    i.OS_MsgPoolInit                         0x00004fdc   Section        0  os_msg.o(i.OS_MsgPoolInit)
    i.OS_MsgQInit                            0x00005038   Section        0  os_msg.o(i.OS_MsgQInit)
    i.OS_Pend                                0x00005048   Section        0  os_core.o(i.OS_Pend)
    i.OS_PendDataInit                        0x000050b0   Section        0  os_core.o(i.OS_PendDataInit)
    i.OS_PendDbgNameAdd                      0x000050d8   Section        0  os_core.o(i.OS_PendDbgNameAdd)
    i.OS_PendDbgNameRemove                   0x00005134   Section        0  os_core.o(i.OS_PendDbgNameRemove)
    i.OS_PendListInsertPrio                  0x00005158   Section        0  os_core.o(i.OS_PendListInsertPrio)
    i.OS_PendListRemove                      0x000051be   Section        0  os_core.o(i.OS_PendListRemove)
    i.OS_PendListRemove1                     0x000051ee   Section        0  os_core.o(i.OS_PendListRemove1)
    i.OS_Post                                0x00005230   Section        0  os_core.o(i.OS_Post)
    i.OS_Post1                               0x000052f0   Section        0  os_core.o(i.OS_Post1)
    i.OS_PrioGetHighest                      0x0000531c   Section        0  os_prio.o(i.OS_PrioGetHighest)
    i.OS_PrioInit                            0x00005344   Section        0  os_prio.o(i.OS_PrioInit)
    i.OS_PrioInsert                          0x0000535c   Section        0  os_prio.o(i.OS_PrioInsert)
    i.OS_PrioRemove                          0x00005380   Section        0  os_prio.o(i.OS_PrioRemove)
    i.OS_RdyListInit                         0x000053a4   Section        0  os_core.o(i.OS_RdyListInit)
    i.OS_RdyListInsert                       0x000053c8   Section        0  os_core.o(i.OS_RdyListInsert)
    i.OS_RdyListInsertHead                   0x000053f4   Section        0  os_core.o(i.OS_RdyListInsertHead)
    i.OS_RdyListInsertTail                   0x00005434   Section        0  os_core.o(i.OS_RdyListInsertTail)
    i.OS_RdyListMoveHeadToTail               0x00005470   Section        0  os_core.o(i.OS_RdyListMoveHeadToTail)
    i.OS_RdyListRemove                       0x000054b4   Section        0  os_core.o(i.OS_RdyListRemove)
    i.OS_SchedRoundRobin                     0x00005510   Section        0  os_core.o(i.OS_SchedRoundRobin)
    i.OS_SemInit                             0x000055e0   Section        0  os_sem.o(i.OS_SemInit)
    i.OS_TaskBlock                           0x000055f8   Section        0  os_core.o(i.OS_TaskBlock)
    i.OS_TaskDbgListAdd                      0x00005630   Section        0  os_task.o(i.OS_TaskDbgListAdd)
    i.OS_TaskInit                            0x00005660   Section        0  os_task.o(i.OS_TaskInit)
    i.OS_TaskInitTCB                         0x00005680   Section        0  os_task.o(i.OS_TaskInitTCB)
    i.OS_TaskRdy                             0x00005740   Section        0  os_core.o(i.OS_TaskRdy)
    i.OS_TaskReturn                          0x0000575c   Section        0  os_task.o(i.OS_TaskReturn)
    i.OS_TaskSemPost                         0x00005780   Section        0  os_task.o(i.OS_TaskSemPost)
    i.OS_TickListInit                        0x00005944   Section        0  os_tick.o(i.OS_TickListInit)
    i.OS_TickListInsert                      0x0000596c   Section        0  os_tick.o(i.OS_TickListInsert)
    i.OS_TickListRemove                      0x00005b28   Section        0  os_tick.o(i.OS_TickListRemove)
    i.OS_TickListUpdate                      0x00005b60   Section        0  os_tick.o(i.OS_TickListUpdate)
    i.OS_TickTask                            0x00005ce8   Section        0  os_tick.o(i.OS_TickTask)
    i.OS_TickTaskInit                        0x00005d14   Section        0  os_tick.o(i.OS_TickTaskInit)
    i.PutChar                                0x00005dcc   Section        0  glcd.o(i.PutChar)
    i.SystemInit                             0x00005e30   Section        0  system_lpc17xx.o(i.SystemInit)
    i.TIMER0_IRQHandler                      0x00005f70   Section        0  irq_timer.o(i.TIMER0_IRQHandler)
    i.TIMER1_IRQHandler                      0x00005fb4   Section        0  irq_timer.o(i.TIMER1_IRQHandler)
    i.TIMER2_IRQHandler                      0x00005fc0   Section        0  irq_timer.o(i.TIMER2_IRQHandler)
    i.TIMER3_IRQHandler                      0x00005fcc   Section        0  irq_timer.o(i.TIMER3_IRQHandler)
    i.UART2_IRQHandler                       0x00005fe0   Section        0  uart.o(i.UART2_IRQHandler)
    i.__NVIC_DisableIRQ                      0x00005fe4   Section        0  irq_button.o(i.__NVIC_DisableIRQ)
    __NVIC_DisableIRQ                        0x00005fe5   Thumb Code    30  irq_button.o(i.__NVIC_DisableIRQ)
    i.__NVIC_EnableIRQ                       0x00006008   Section        0  irq_button.o(i.__NVIC_EnableIRQ)
    __NVIC_EnableIRQ                         0x00006009   Thumb Code    34  irq_button.o(i.__NVIC_EnableIRQ)
    i.__NVIC_EnableIRQ                       0x0000602a   Section        0  lib_button.o(i.__NVIC_EnableIRQ)
    __NVIC_EnableIRQ                         0x0000602b   Thumb Code    34  lib_button.o(i.__NVIC_EnableIRQ)
    i.__NVIC_SetPriority                     0x0000604c   Section        0  lib_button.o(i.__NVIC_SetPriority)
    __NVIC_SetPriority                       0x0000604d   Thumb Code    32  lib_button.o(i.__NVIC_SetPriority)
    i.delay_ms                               0x00006074   Section        0  glcd.o(i.delay_ms)
    delay_ms                                 0x00006075   Thumb Code    30  glcd.o(i.delay_ms)
    i.enable_timer                           0x00006094   Section        0  lib_timer.o(i.enable_timer)
    i.init_DMA                               0x000060d0   Section        0  lib_dma.o(i.init_DMA)
    i.joystick_init                          0x00006120   Section        0  lib_joystick.o(i.joystick_init)
    i.main                                   0x000061a4   Section        0  main.o(i.main)
    i.passwordcheck                          0x00006218   Section        0  password.o(i.passwordcheck)
    i.showbuffer                             0x0000623c   Section        0  main.o(i.showbuffer)
    showbuffer                               0x0000623d   Thumb Code    82  main.o(i.showbuffer)
    i.tostring2hex                           0x00006298   Section        0  main.o(i.tostring2hex)
    tostring2hex                             0x00006299   Thumb Code    52  main.o(i.tostring2hex)
    i.transfer_DMA                           0x000062cc   Section        0  funct_dma.o(i.transfer_DMA)
    i.wait_delay                             0x000063b8   Section        0  glcd.o(i.wait_delay)
    wait_delay                               0x000063b9   Thumb Code    12  glcd.o(i.wait_delay)
    .constdata                               0x000063c4   Section      164  os_cfg_app.o(.constdata)
    .constdata                               0x00006468   Section      364  os_dbg.o(.constdata)
    .constdata                               0x000065d4   Section     1520  asciilib.o(.constdata)
    AsciiLib                                 0x000065d4   Data        1520  asciilib.o(.constdata)
    .bss                                     0x10000000   Section    15432  lib_mem.o(.bss)
    .data                                    0x2007c000   Section       84  main.o(.data)
    .data                                    0x2007c054   Section        4  cpu_core.o(.data)
    .data                                    0x2007c058   Section        4  lib_mem.o(.data)
    .data                                    0x2007c05c   Section        8  os_prio.o(.data)
    .data                                    0x2007c064   Section       72  os_var.o(.data)
    .data                                    0x2007c0ac   Section        4  os_cpu_c.o(.data)
    .data                                    0x2007c0b0   Section        8  irq_adc.o(.data)
    .data                                    0x2007c0b8   Section        1  glcd.o(.data)
    LCD_Code                                 0x2007c0b8   Data           1  glcd.o(.data)
    .data                                    0x2007c0b9   Section        1  lib_led.o(.data)
    .data                                    0x2007c0bc   Section      232  irq_timer.o(.data)
    ticks                                    0x2007c1a0   Data           4  irq_timer.o(.data)
    .bss                                     0x2007c1a4   Section      812  main.o(.bss)
    APP_TSK_TCB                              0x2007c1a4   Data         184  main.o(.bss)
    APP_TSK_STACK                            0x2007c25c   Data         512  main.o(.bss)
    .bss                                     0x2007c800   Section      192  bsp_os.o(.bss)
    .bss                                     0x2007c8c0   Section       16  cpu_core.o(.bss)
    .bss                                     0x2007c8d0   Section     9376  os_cfg_app.o(.bss)
    .bss                                     0x2007ed70   Section     1148  os_var.o(.bss)
    .bss                                     0x2007f1ec   Section       96  libspace.o(.bss)
    HEAP                                     0x2007f250   Section        0  startup_lpc17xx.o(HEAP)
    STACK                                    0x2007f250   Section      512  startup_lpc17xx.o(STACK)
    Heap_Mem                                 0x2007f250   Data           0  startup_lpc17xx.o(HEAP)
    Stack_Mem                                0x2007f250   Data         512  startup_lpc17xx.o(STACK)
    __initial_sp                             0x2007f450   Data           0  startup_lpc17xx.o(STACK)

    Global Symbols

    Symbol Name                              Value     Ov Type        Size  Object(Section)

    BuildAttributes$$THM_ISAv4$P$D$K$B$S$PE$A:L22UL41UL21$X:L11$S22US41US21$IEEE1$IW$USESV6$~STKCKD$USESV7$~SHL$OSPACE$ROPI$EBA8$UX$STANDARDLIB$REQ8$PRES8$EABIv2 0x00000000   Number         0  anon$$obj.o ABSOLUTE
    __ARM_use_no_argv                        0x00000000   Number         0  main.o ABSOLUTE
    __Vectors                                0x00000000   Data           4  startup_lpc17xx.o(RESET)
    __ARM_exceptions_init                     - Undefined Weak Reference
    __alloca_initialize                       - Undefined Weak Reference
    __arm_fini_                               - Undefined Weak Reference
    __arm_preinit_                            - Undefined Weak Reference
    __cpp_initialize__aeabi_                  - Undefined Weak Reference
    __cxa_finalize                            - Undefined Weak Reference
    __rt_locale                               - Undefined Weak Reference
    __sigvec_lookup                           - Undefined Weak Reference
    _atexit_init                              - Undefined Weak Reference
    _call_atexit_fns                          - Undefined Weak Reference
    _clock_init                               - Undefined Weak Reference
    _fp_trap_init                             - Undefined Weak Reference
    _fp_trap_shutdown                         - Undefined Weak Reference
    _get_lc_collate                           - Undefined Weak Reference
    _get_lc_ctype                             - Undefined Weak Reference
    _get_lc_monetary                          - Undefined Weak Reference
    _get_lc_numeric                           - Undefined Weak Reference
    _get_lc_time                              - Undefined Weak Reference
    _getenv_init                              - Undefined Weak Reference
    _handle_redirection                       - Undefined Weak Reference
    _init_alloc                               - Undefined Weak Reference
    _init_user_alloc                          - Undefined Weak Reference
    _initio                                   - Undefined Weak Reference
    _rand_init                                - Undefined Weak Reference
    _signal_finish                            - Undefined Weak Reference
    _signal_init                              - Undefined Weak Reference
    _terminate_alloc                          - Undefined Weak Reference
    _terminate_user_alloc                     - Undefined Weak Reference
    _terminateio                              - Undefined Weak Reference
    __main                                   0x000000cd   Thumb Code     8  __main.o(!!!main)
    __scatterload                            0x000000d5   Thumb Code     0  __scatter.o(!!!scatter)
    __scatterload_rt2                        0x000000d5   Thumb Code    44  __scatter.o(!!!scatter)
    __scatterload_rt2_thumb_only             0x000000d5   Thumb Code     0  __scatter.o(!!!scatter)
    __scatterload_null                       0x000000e3   Thumb Code     0  __scatter.o(!!!scatter)
    __decompress                             0x00000109   Thumb Code    90  __dczerorl2.o(!!dczerorl2)
    __decompress1                            0x00000109   Thumb Code     0  __dczerorl2.o(!!dczerorl2)
    __scatterload_zeroinit                   0x00000165   Thumb Code    28  __scatter_zi.o(!!handler_zi)
    __rt_lib_init                            0x00000181   Thumb Code     0  libinit.o(.ARM.Collect$$libinit$$00000000)
    __rt_lib_init_alloca_1                   0x00000183   Thumb Code     0  libinit2.o(.ARM.Collect$$libinit$$0000002E)
    __rt_lib_init_argv_1                     0x00000183   Thumb Code     0  libinit2.o(.ARM.Collect$$libinit$$0000002C)
    __rt_lib_init_atexit_1                   0x00000183   Thumb Code     0  libinit2.o(.ARM.Collect$$libinit$$0000001B)
    __rt_lib_init_clock_1                    0x00000183   Thumb Code     0  libinit2.o(.ARM.Collect$$libinit$$00000021)
    __rt_lib_init_cpp_1                      0x00000183   Thumb Code     0  libinit2.o(.ARM.Collect$$libinit$$00000032)
    __rt_lib_init_exceptions_1               0x00000183   Thumb Code     0  libinit2.o(.ARM.Collect$$libinit$$00000030)
    __rt_lib_init_fp_1                       0x00000183   Thumb Code     0  libinit2.o(.ARM.Collect$$libinit$$00000002)
    __rt_lib_init_fp_trap_1                  0x00000183   Thumb Code     0  libinit2.o(.ARM.Collect$$libinit$$0000001F)
    __rt_lib_init_getenv_1                   0x00000183   Thumb Code     0  libinit2.o(.ARM.Collect$$libinit$$00000023)
    __rt_lib_init_heap_1                     0x00000183   Thumb Code     0  libinit2.o(.ARM.Collect$$libinit$$0000000A)
    __rt_lib_init_lc_collate_1               0x00000183   Thumb Code     0  libinit2.o(.ARM.Collect$$libinit$$00000011)
    __rt_lib_init_lc_ctype_1                 0x00000183   Thumb Code     0  libinit2.o(.ARM.Collect$$libinit$$00000013)
    __rt_lib_init_lc_monetary_1              0x00000183   Thumb Code     0  libinit2.o(.ARM.Collect$$libinit$$00000015)
    __rt_lib_init_lc_numeric_1               0x00000183   Thumb Code     0  libinit2.o(.ARM.Collect$$libinit$$00000017)
    __rt_lib_init_lc_time_1                  0x00000183   Thumb Code     0  libinit2.o(.ARM.Collect$$libinit$$00000019)
    __rt_lib_init_preinit_1                  0x00000183   Thumb Code     0  libinit2.o(.ARM.Collect$$libinit$$00000004)
    __rt_lib_init_rand_1                     0x00000183   Thumb Code     0  libinit2.o(.ARM.Collect$$libinit$$0000000E)
    __rt_lib_init_return                     0x00000183   Thumb Code     0  libinit2.o(.ARM.Collect$$libinit$$00000033)
    __rt_lib_init_signal_1                   0x00000183   Thumb Code     0  libinit2.o(.ARM.Collect$$libinit$$0000001D)
    __rt_lib_init_stdio_1                    0x00000183   Thumb Code     0  libinit2.o(.ARM.Collect$$libinit$$00000025)
    __rt_lib_init_user_alloc_1               0x00000183   Thumb Code     0  libinit2.o(.ARM.Collect$$libinit$$0000000C)
    __rt_lib_shutdown                        0x00000185   Thumb Code     0  libshutdown.o(.ARM.Collect$$libshutdown$$00000000)
    __rt_lib_shutdown_cpp_1                  0x00000187   Thumb Code     0  libshutdown2.o(.ARM.Collect$$libshutdown$$00000004)
    __rt_lib_shutdown_fini_1                 0x00000187   Thumb Code     0  libshutdown2.o(.ARM.Collect$$libshutdown$$00000002)
    __rt_lib_shutdown_fp_trap_1              0x00000187   Thumb Code     0  libshutdown2.o(.ARM.Collect$$libshutdown$$00000009)
    __rt_lib_shutdown_heap_1                 0x00000187   Thumb Code     0  libshutdown2.o(.ARM.Collect$$libshutdown$$00000011)
    __rt_lib_shutdown_return                 0x00000187   Thumb Code     0  libshutdown2.o(.ARM.Collect$$libshutdown$$00000012)
    __rt_lib_shutdown_signal_1               0x00000187   Thumb Code     0  libshutdown2.o(.ARM.Collect$$libshutdown$$0000000C)
    __rt_lib_shutdown_stdio_1                0x00000187   Thumb Code     0  libshutdown2.o(.ARM.Collect$$libshutdown$$00000006)
    __rt_lib_shutdown_user_alloc_1           0x00000187   Thumb Code     0  libshutdown2.o(.ARM.Collect$$libshutdown$$0000000E)
    __rt_entry                               0x00000189   Thumb Code     0  __rtentry.o(.ARM.Collect$$rtentry$$00000000)
    __rt_entry_presh_1                       0x00000189   Thumb Code     0  __rtentry2.o(.ARM.Collect$$rtentry$$00000002)
    __rt_entry_sh                            0x00000189   Thumb Code     0  __rtentry4.o(.ARM.Collect$$rtentry$$00000004)
    __rt_entry_li                            0x0000018f   Thumb Code     0  __rtentry2.o(.ARM.Collect$$rtentry$$0000000A)
    __rt_entry_postsh_1                      0x0000018f   Thumb Code     0  __rtentry2.o(.ARM.Collect$$rtentry$$00000009)
    __rt_entry_main                          0x00000193   Thumb Code     0  __rtentry2.o(.ARM.Collect$$rtentry$$0000000D)
    __rt_entry_postli_1                      0x00000193   Thumb Code     0  __rtentry2.o(.ARM.Collect$$rtentry$$0000000C)
    __rt_exit                                0x0000019b   Thumb Code     0  rtexit.o(.ARM.Collect$$rtexit$$00000000)
    __rt_exit_ls                             0x0000019d   Thumb Code     0  rtexit2.o(.ARM.Collect$$rtexit$$00000003)
    __rt_exit_prels_1                        0x0000019d   Thumb Code     0  rtexit2.o(.ARM.Collect$$rtexit$$00000002)
    __rt_exit_exit                           0x000001a1   Thumb Code     0  rtexit2.o(.ARM.Collect$$rtexit$$00000004)
    CPU_IntDis                               0x000001a9   Thumb Code     4  cpu_a.o(.text)
    CPU_IntEn                                0x000001ad   Thumb Code     4  cpu_a.o(.text)
    CPU_SR_Save                              0x000001b1   Thumb Code     8  cpu_a.o(.text)
    CPU_SR_Restore                           0x000001b9   Thumb Code     6  cpu_a.o(.text)
    CPU_WaitForInt                           0x000001bf   Thumb Code     4  cpu_a.o(.text)
    CPU_WaitForExcept                        0x000001c3   Thumb Code     4  cpu_a.o(.text)
    CPU_CntLeadZeros                         0x000001c7   Thumb Code     6  cpu_a.o(.text)
    CPU_CntTrailZeros                        0x000001cd   Thumb Code    10  cpu_a.o(.text)
    CPU_RevBits                              0x000001d7   Thumb Code     6  cpu_a.o(.text)
    OSStartHighRdy                           0x000001dd   Thumb Code    34  os_cpu_a.o(.text)
    OS_CPU_PendSVHandler                     0x000001ff   Thumb Code    20  os_cpu_a.o(.text)
    Reset_Handler                            0x00000261   Thumb Code     4  startup_lpc17xx.o(.text)
    App_NMI_Handler                          0x00000265   Thumb Code     2  startup_lpc17xx.o(.text)
    App_HardFault_Handler                    0x00000267   Thumb Code    14  startup_lpc17xx.o(.text)
    App_MemManage_Handler                    0x00000275   Thumb Code     2  startup_lpc17xx.o(.text)
    App_BusFault_Handler                     0x00000277   Thumb Code     2  startup_lpc17xx.o(.text)
    App_UsageFault_Handler                   0x00000279   Thumb Code     2  startup_lpc17xx.o(.text)
    SVC_Handler                              0x0000027b   Thumb Code     2  startup_lpc17xx.o(.text)
    DebugMon_Handler                         0x0000027d   Thumb Code     2  startup_lpc17xx.o(.text)
    BOD_IRQHandler                           0x00000283   Thumb Code     0  startup_lpc17xx.o(.text)
    CANActivity_IRQHandler                   0x00000283   Thumb Code     0  startup_lpc17xx.o(.text)
    CAN_IRQHandler                           0x00000283   Thumb Code     0  startup_lpc17xx.o(.text)
    EINT3_IRQHandler                         0x00000283   Thumb Code     0  startup_lpc17xx.o(.text)
    ENET_IRQHandler                          0x00000283   Thumb Code     0  startup_lpc17xx.o(.text)
    I2C0_IRQHandler                          0x00000283   Thumb Code     0  startup_lpc17xx.o(.text)
    I2C1_IRQHandler                          0x00000283   Thumb Code     0  startup_lpc17xx.o(.text)
    I2C2_IRQHandler                          0x00000283   Thumb Code     0  startup_lpc17xx.o(.text)
    I2S_IRQHandler                           0x00000283   Thumb Code     0  startup_lpc17xx.o(.text)
    MCPWM_IRQHandler                         0x00000283   Thumb Code     0  startup_lpc17xx.o(.text)
    PLL0_IRQHandler                          0x00000283   Thumb Code     0  startup_lpc17xx.o(.text)
    PLL1_IRQHandler                          0x00000283   Thumb Code     0  startup_lpc17xx.o(.text)
    PWM1_IRQHandler                          0x00000283   Thumb Code     0  startup_lpc17xx.o(.text)
    QEI_IRQHandler                           0x00000283   Thumb Code     0  startup_lpc17xx.o(.text)
    RIT_IRQHandler                           0x00000283   Thumb Code     0  startup_lpc17xx.o(.text)
    RTC_IRQHandler                           0x00000283   Thumb Code     0  startup_lpc17xx.o(.text)
    SPI_IRQHandler                           0x00000283   Thumb Code     0  startup_lpc17xx.o(.text)
    SSP0_IRQHandler                          0x00000283   Thumb Code     0  startup_lpc17xx.o(.text)
    SSP1_IRQHandler                          0x00000283   Thumb Code     0  startup_lpc17xx.o(.text)
    UART0_IRQHandler                         0x00000283   Thumb Code     0  startup_lpc17xx.o(.text)
    UART1_IRQHandler                         0x00000283   Thumb Code     0  startup_lpc17xx.o(.text)
    UART3_IRQHandler                         0x00000283   Thumb Code     0  startup_lpc17xx.o(.text)
    USBActivity_IRQHandler                   0x00000283   Thumb Code     0  startup_lpc17xx.o(.text)
    USB_IRQHandler                           0x00000283   Thumb Code     0  startup_lpc17xx.o(.text)
    WDT_IRQHandler                           0x00000283   Thumb Code     0  startup_lpc17xx.o(.text)
    __user_initial_stackheap                 0x00000285   Thumb Code     0  startup_lpc17xx.o(.text)
    __use_two_region_memory                  0x000002a1   Thumb Code     2  heapauxi.o(.text)
    __rt_heap_escrow$2region                 0x000002a3   Thumb Code     2  heapauxi.o(.text)
    __rt_heap_expand$2region                 0x000002a5   Thumb Code     2  heapauxi.o(.text)
    __user_setup_stackheap                   0x000002a7   Thumb Code    74  sys_stackheap_outer.o(.text)
    __user_libspace                          0x000002f1   Thumb Code     8  libspace.o(.text)
    __user_perproc_libspace                  0x000002f1   Thumb Code     0  libspace.o(.text)
    __user_perthread_libspace                0x000002f1   Thumb Code     0  libspace.o(.text)
    __I$use$semihosting                      0x000002f9   Thumb Code     0  use_no_semi.o(.text)
    __use_no_semihosting_swi                 0x000002f9   Thumb Code     2  use_no_semi.o(.text)
    OSCfg_Init                               0x000002fb   Thumb Code     2  os_cfg_app.o(i.OSCfg_Init)
    __semihosting_library_function           0x000002fb   Thumb Code     0  indicate_semi.o(.text)
    __aeabi_memcpy                           0x00000301   Thumb Code     0  rt_memcpy_v6.o(.text)
    __rt_memcpy                              0x00000301   Thumb Code   138  rt_memcpy_v6.o(.text)
    _memcpy_lastbytes                        0x00000367   Thumb Code     0  rt_memcpy_v6.o(.text)
    __aeabi_memcpy4                          0x0000038b   Thumb Code     0  rt_memcpy_w.o(.text)
    __aeabi_memcpy8                          0x0000038b   Thumb Code     0  rt_memcpy_w.o(.text)
    __rt_memcpy_w                            0x0000038b   Thumb Code   100  rt_memcpy_w.o(.text)
    _memcpy_lastbytes_aligned                0x000003d3   Thumb Code     0  rt_memcpy_w.o(.text)
    exit                                     0x000003ef   Thumb Code    18  exit.o(.text)
    _sys_exit                                0x00000401   Thumb Code     8  sys_exit.o(.text)
    ADC_IRQHandler                           0x0000040d   Thumb Code    22  irq_adc.o(i.ADC_IRQHandler)
    BSP_IntInit                              0x000004d9   Thumb Code    66  bsp_os.o(i.BSP_IntInit)
    BSP_OS_TickEnable                        0x00000525   Thumb Code    18  bsp_os.o(i.BSP_OS_TickEnable)
    BSP_Start                                0x00000539   Thumb Code    24  bsp.o(i.BSP_Start)
    BUTTON_init                              0x00000555   Thumb Code   124  lib_button.o(i.BUTTON_init)
    CPU_Init                                 0x000005dd   Thumb Code    12  cpu_core.o(i.CPU_Init)
    CPU_NameClr                              0x000005e9   Thumb Code    42  cpu_core.o(i.CPU_NameClr)
    CPU_TS_TmrFreqSet                        0x00000635   Thumb Code     6  cpu_core.o(i.CPU_TS_TmrFreqSet)
    CPU_TS_TmrInit                           0x00000641   Thumb Code    40  bsp.o(i.CPU_TS_TmrInit)
    CPU_TS_TmrRd                             0x00000671   Thumb Code     6  bsp.o(i.CPU_TS_TmrRd)
    CSP_PM_CPU_ClkFreqGet                    0x0000067d   Thumb Code   118  csp_pm.o(i.CSP_PM_CPU_ClkFreqGet)
    DMA_IRQHandler                           0x00000705   Thumb Code    34  main.o(i.DMA_IRQHandler)
    EINT0_IRQHandler                         0x0000072d   Thumb Code    60  irq_button.o(i.EINT0_IRQHandler)
    EINT1_IRQHandler                         0x00000779   Thumb Code    66  irq_button.o(i.EINT1_IRQHandler)
    EINT2_IRQHandler                         0x000007d1   Thumb Code    60  irq_button.o(i.EINT2_IRQHandler)
    GUI_Text                                 0x0000081d   Thumb Code    80  glcd.o(i.GUI_Text)
    GetASCIICode                             0x0000086d   Thumb Code    26  asciilib.o(i.GetASCIICode)
    LCD_Clear                                0x0000088d   Thumb Code  1514  glcd.o(i.LCD_Clear)
    LCD_Initialization                       0x00000e95   Thumb Code 12020  glcd.o(i.LCD_Initialization)
    LCD_SetPoint                             0x000042dd   Thumb Code   206  glcd.o(i.LCD_SetPoint)
    LED_init                                 0x000043b1   Thumb Code    36  lib_led.o(i.LED_init)
    Mem_Clr                                  0x000043e1   Thumb Code    18  lib_mem.o(i.Mem_Clr)
    Mem_Init                                 0x000043f5   Thumb Code    54  lib_mem.o(i.Mem_Init)
    Mem_Set                                  0x0000443d   Thumb Code    98  lib_mem.o(i.Mem_Set)
    OSIdleTaskHook                           0x0000449f   Thumb Code     2  os_cpu_c.o(i.OSIdleTaskHook)
    OSInit                                   0x000044a1   Thumb Code   200  os_core.o(i.OSInit)
    OSInitHook                               0x000045a1   Thumb Code    42  os_cpu_c.o(i.OSInitHook)
    OSIntExit                                0x000045d9   Thumb Code   192  os_core.o(i.OSIntExit)
    OSSched                                  0x000046bd   Thumb Code   134  os_core.o(i.OSSched)
    OSStart                                  0x00004765   Thumb Code    78  os_core.o(i.OSStart)
    OSTaskCreate                             0x000047cd   Thumb Code   340  os_task.o(i.OSTaskCreate)
    OSTaskCreateHook                         0x00004935   Thumb Code     2  os_cpu_c.o(i.OSTaskCreateHook)
    OSTaskReturnHook                         0x00004937   Thumb Code     2  os_cpu_c.o(i.OSTaskReturnHook)
    OSTaskSemPend                            0x00004939   Thumb Code   438  os_task.o(i.OSTaskSemPend)
    OSTaskSemPost                            0x00004afd   Thumb Code    36  os_task.o(i.OSTaskSemPost)
    OSTaskStkInit                            0x00004b21   Thumb Code   188  os_cpu_c.o(i.OSTaskStkInit)
    OSTaskSwHook                             0x00004be1   Thumb Code    74  os_cpu_c.o(i.OSTaskSwHook)
    OSTimeDly                                0x00004c35   Thumb Code   182  os_time.o(i.OSTimeDly)
    OSTimeTick                               0x00004cf9   Thumb Code    36  os_time.o(i.OSTimeTick)
    OSTimeTickHook                           0x00004d29   Thumb Code     2  os_cpu_c.o(i.OSTimeTickHook)
    OS_CPU_SysTickHandler                    0x00004d2d   Thumb Code    52  os_cpu_c.o(i.OS_CPU_SysTickHandler)
    OS_CPU_SysTickInit                       0x00004d65   Thumb Code    44  os_cpu_c.o(i.OS_CPU_SysTickInit)
    OS_Dbg_Init                              0x00004d95   Thumb Code   128  os_dbg.o(i.OS_Dbg_Init)
    OS_FlagInit                              0x00004f05   Thumb Code    14  os_flag.o(i.OS_FlagInit)
    OS_IdleTask                              0x00004f1d   Thumb Code    50  os_core.o(i.OS_IdleTask)
    OS_IdleTaskInit                          0x00004f55   Thumb Code    66  os_core.o(i.OS_IdleTaskInit)
    OS_MemInit                               0x00004fc5   Thumb Code    14  os_mem.o(i.OS_MemInit)
    OS_MsgPoolInit                           0x00004fdd   Thumb Code    80  os_msg.o(i.OS_MsgPoolInit)
    OS_MsgQInit                              0x00005039   Thumb Code    14  os_msg.o(i.OS_MsgQInit)
    OS_Pend                                  0x00005049   Thumb Code    98  os_core.o(i.OS_Pend)
    OS_PendDataInit                          0x000050b1   Thumb Code    38  os_core.o(i.OS_PendDataInit)
    OS_PendDbgNameAdd                        0x000050d9   Thumb Code    66  os_core.o(i.OS_PendDbgNameAdd)
    OS_PendDbgNameRemove                     0x00005135   Thumb Code    30  os_core.o(i.OS_PendDbgNameRemove)
    OS_PendListInsertPrio                    0x00005159   Thumb Code   102  os_core.o(i.OS_PendListInsertPrio)
    OS_PendListRemove                        0x000051bf   Thumb Code    48  os_core.o(i.OS_PendListRemove)
    OS_PendListRemove1                       0x000051ef   Thumb Code    66  os_core.o(i.OS_PendListRemove1)
    OS_Post                                  0x00005231   Thumb Code   192  os_core.o(i.OS_Post)
    OS_Post1                                 0x000052f1   Thumb Code    42  os_core.o(i.OS_Post1)
    OS_PrioGetHighest                        0x0000531d   Thumb Code    36  os_prio.o(i.OS_PrioGetHighest)
    OS_PrioInit                              0x00005345   Thumb Code    20  os_prio.o(i.OS_PrioInit)
    OS_PrioInsert                            0x0000535d   Thumb Code    32  os_prio.o(i.OS_PrioInsert)
    OS_PrioRemove                            0x00005381   Thumb Code    32  os_prio.o(i.OS_PrioRemove)
    OS_RdyListInit                           0x000053a5   Thumb Code    32  os_core.o(i.OS_RdyListInit)
    OS_RdyListInsert                         0x000053c9   Thumb Code    40  os_core.o(i.OS_RdyListInsert)
    OS_RdyListInsertHead                     0x000053f5   Thumb Code    58  os_core.o(i.OS_RdyListInsertHead)
    OS_RdyListInsertTail                     0x00005435   Thumb Code    56  os_core.o(i.OS_RdyListInsertTail)
    OS_RdyListMoveHeadToTail                 0x00005471   Thumb Code    68  os_core.o(i.OS_RdyListMoveHeadToTail)
    OS_RdyListRemove                         0x000054b5   Thumb Code    86  os_core.o(i.OS_RdyListRemove)
    OS_SchedRoundRobin                       0x00005511   Thumb Code   190  os_core.o(i.OS_SchedRoundRobin)
    OS_SemInit                               0x000055e1   Thumb Code    14  os_sem.o(i.OS_SemInit)
    OS_TaskBlock                             0x000055f9   Thumb Code    56  os_core.o(i.OS_TaskBlock)
    OS_TaskDbgListAdd                        0x00005631   Thumb Code    42  os_task.o(i.OS_TaskDbgListAdd)
    OS_TaskInit                              0x00005661   Thumb Code    18  os_task.o(i.OS_TaskInit)
    OS_TaskInitTCB                           0x00005681   Thumb Code   178  os_task.o(i.OS_TaskInitTCB)
    OS_TaskRdy                               0x00005741   Thumb Code    28  os_core.o(i.OS_TaskRdy)
    OS_TaskReturn                            0x0000575d   Thumb Code    26  os_task.o(i.OS_TaskReturn)
    OS_TaskSemPost                           0x00005781   Thumb Code   448  os_task.o(i.OS_TaskSemPost)
    OS_TickListInit                          0x00005945   Thumb Code    32  os_tick.o(i.OS_TickListInit)
    OS_TickListInsert                        0x0000596d   Thumb Code   430  os_tick.o(i.OS_TickListInsert)
    OS_TickListRemove                        0x00005b29   Thumb Code    56  os_tick.o(i.OS_TickListRemove)
    OS_TickListUpdate                        0x00005b61   Thumb Code   376  os_tick.o(i.OS_TickListUpdate)
    OS_TickTask                              0x00005ce9   Thumb Code    38  os_tick.o(i.OS_TickTask)
    OS_TickTaskInit                          0x00005d15   Thumb Code   128  os_tick.o(i.OS_TickTaskInit)
    PutChar                                  0x00005dcd   Thumb Code   100  glcd.o(i.PutChar)
    SystemInit                               0x00005e31   Thumb Code   302  system_lpc17xx.o(i.SystemInit)
    TIMER0_IRQHandler                        0x00005f71   Thumb Code    54  irq_timer.o(i.TIMER0_IRQHandler)
    TIMER1_IRQHandler                        0x00005fb5   Thumb Code     8  irq_timer.o(i.TIMER1_IRQHandler)
    TIMER2_IRQHandler                        0x00005fc1   Thumb Code     8  irq_timer.o(i.TIMER2_IRQHandler)
    TIMER3_IRQHandler                        0x00005fcd   Thumb Code    16  irq_timer.o(i.TIMER3_IRQHandler)
    UART2_IRQHandler                         0x00005fe1   Thumb Code     2  uart.o(i.UART2_IRQHandler)
    enable_timer                             0x00006095   Thumb Code    48  lib_timer.o(i.enable_timer)
    init_DMA                                 0x000060d1   Thumb Code    70  lib_dma.o(i.init_DMA)
    joystick_init                            0x00006121   Thumb Code   122  lib_joystick.o(i.joystick_init)
    main                                     0x000061a5   Thumb Code    92  main.o(i.main)
    passwordcheck                            0x00006219   Thumb Code    34  password.o(i.passwordcheck)
    transfer_DMA                             0x000062cd   Thumb Code   226  funct_dma.o(i.transfer_DMA)
    OSCfg_IdleTaskStkBasePtr                 0x000063c4   Data           4  os_cfg_app.o(.constdata)
    OSCfg_IdleTaskStkLimit                   0x000063c8   Data           4  os_cfg_app.o(.constdata)
    OSCfg_IdleTaskStkSize                    0x000063cc   Data           4  os_cfg_app.o(.constdata)
    OSCfg_IdleTaskStkSizeRAM                 0x000063d0   Data           4  os_cfg_app.o(.constdata)
    OSCfg_IntQBasePtr                        0x000063d4   Data           4  os_cfg_app.o(.constdata)
    OSCfg_IntQSize                           0x000063d8   Data           2  os_cfg_app.o(.constdata)
    OSCfg_IntQSizeRAM                        0x000063dc   Data           4  os_cfg_app.o(.constdata)
    OSCfg_IntQTaskStkBasePtr                 0x000063e0   Data           4  os_cfg_app.o(.constdata)
    OSCfg_IntQTaskStkLimit                   0x000063e4   Data           4  os_cfg_app.o(.constdata)
    OSCfg_IntQTaskStkSize                    0x000063e8   Data           4  os_cfg_app.o(.constdata)
    OSCfg_IntQTaskStkSizeRAM                 0x000063ec   Data           4  os_cfg_app.o(.constdata)
    OSCfg_ISRStkBasePtr                      0x000063f0   Data           4  os_cfg_app.o(.constdata)
    OSCfg_ISRStkSize                         0x000063f4   Data           4  os_cfg_app.o(.constdata)
    OSCfg_ISRStkSizeRAM                      0x000063f8   Data           4  os_cfg_app.o(.constdata)
    OSCfg_MsgPoolSize                        0x000063fc   Data           2  os_cfg_app.o(.constdata)
    OSCfg_MsgPoolSizeRAM                     0x00006400   Data           4  os_cfg_app.o(.constdata)
    OSCfg_MsgPoolBasePtr                     0x00006404   Data           4  os_cfg_app.o(.constdata)
    OSCfg_StatTaskPrio                       0x00006408   Data           1  os_cfg_app.o(.constdata)
    OSCfg_StatTaskRate_Hz                    0x0000640c   Data           4  os_cfg_app.o(.constdata)
    OSCfg_StatTaskStkBasePtr                 0x00006410   Data           4  os_cfg_app.o(.constdata)
    OSCfg_StatTaskStkLimit                   0x00006414   Data           4  os_cfg_app.o(.constdata)
    OSCfg_StatTaskStkSize                    0x00006418   Data           4  os_cfg_app.o(.constdata)
    OSCfg_StatTaskStkSizeRAM                 0x0000641c   Data           4  os_cfg_app.o(.constdata)
    OSCfg_StkSizeMin                         0x00006420   Data           4  os_cfg_app.o(.constdata)
    OSCfg_TickRate_Hz                        0x00006424   Data           4  os_cfg_app.o(.constdata)
    OSCfg_TickTaskPrio                       0x00006428   Data           1  os_cfg_app.o(.constdata)
    OSCfg_TickTaskStkBasePtr                 0x0000642c   Data           4  os_cfg_app.o(.constdata)
    OSCfg_TickTaskStkLimit                   0x00006430   Data           4  os_cfg_app.o(.constdata)
    OSCfg_TickTaskStkSize                    0x00006434   Data           4  os_cfg_app.o(.constdata)
    OSCfg_TickTaskStkSizeRAM                 0x00006438   Data           4  os_cfg_app.o(.constdata)
    OSCfg_TickWheelSize                      0x0000643c   Data           2  os_cfg_app.o(.constdata)
    OSCfg_TickWheelSizeRAM                   0x00006440   Data           4  os_cfg_app.o(.constdata)
    OSCfg_TmrTaskPrio                        0x00006444   Data           1  os_cfg_app.o(.constdata)
    OSCfg_TmrTaskRate_Hz                     0x00006448   Data           4  os_cfg_app.o(.constdata)
    OSCfg_TmrTaskStkBasePtr                  0x0000644c   Data           4  os_cfg_app.o(.constdata)
    OSCfg_TmrTaskStkLimit                    0x00006450   Data           4  os_cfg_app.o(.constdata)
    OSCfg_TmrTaskStkSize                     0x00006454   Data           4  os_cfg_app.o(.constdata)
    OSCfg_TmrTaskStkSizeRAM                  0x00006458   Data           4  os_cfg_app.o(.constdata)
    OSCfg_TmrWheelSize                       0x0000645c   Data           2  os_cfg_app.o(.constdata)
    OSCfg_TmrWheelSizeRAM                    0x00006460   Data           4  os_cfg_app.o(.constdata)
    OSCfg_DataSizeRAM                        0x00006464   Data           4  os_cfg_app.o(.constdata)
    OSDbg_DbgEn                              0x00006468   Data           1  os_dbg.o(.constdata)
    OSDbg_ArgChkEn                           0x00006469   Data           1  os_dbg.o(.constdata)
    OSDbg_AppHooksEn                         0x0000646a   Data           1  os_dbg.o(.constdata)
    OSDbg_EndiannessTest                     0x0000646c   Data           4  os_dbg.o(.constdata)
    OSDbg_CalledFromISRChkEn                 0x00006470   Data           1  os_dbg.o(.constdata)
    OSDbg_FlagEn                             0x00006471   Data           1  os_dbg.o(.constdata)
    OSDbg_FlagGrp                            0x00006474   Data          40  os_dbg.o(.constdata)
    OSDbg_FlagDelEn                          0x0000649c   Data           1  os_dbg.o(.constdata)
    OSDbg_FlagModeClrEn                      0x0000649d   Data           1  os_dbg.o(.constdata)
    OSDbg_FlagPendAbortEn                    0x0000649e   Data           1  os_dbg.o(.constdata)
    OSDbg_FlagGrpSize                        0x000064a0   Data           2  os_dbg.o(.constdata)
    OSDbg_FlagWidth                          0x000064a2   Data           2  os_dbg.o(.constdata)
    OSDbg_IntQ                               0x000064a4   Data           2  os_dbg.o(.constdata)
    OSDbg_ISRPostDeferredEn                  0x000064a6   Data           1  os_dbg.o(.constdata)
    OSDbg_Mem                                0x000064a8   Data          32  os_dbg.o(.constdata)
    OSDbg_MemEn                              0x000064c8   Data           1  os_dbg.o(.constdata)
    OSDbg_MemSize                            0x000064ca   Data           2  os_dbg.o(.constdata)
    OSDbg_MsgEn                              0x000064cc   Data           1  os_dbg.o(.constdata)
    OSDbg_MsgSize                            0x000064ce   Data           2  os_dbg.o(.constdata)
    OSDbg_MsgPoolSize                        0x000064d0   Data           2  os_dbg.o(.constdata)
    OSDbg_MsgQSize                           0x000064d2   Data           2  os_dbg.o(.constdata)
    OSDbg_Mutex                              0x000064d4   Data          44  os_dbg.o(.constdata)
    OSDbg_MutexEn                            0x00006500   Data           1  os_dbg.o(.constdata)
    OSDbg_MutexDelEn                         0x00006501   Data           1  os_dbg.o(.constdata)
    OSDbg_MutexPendAbortEn                   0x00006502   Data           1  os_dbg.o(.constdata)
    OSDbg_MutexSize                          0x00006504   Data           2  os_dbg.o(.constdata)
    OSDbg_ObjTypeChkEn                       0x00006506   Data           1  os_dbg.o(.constdata)
    OSDbg_PendMultiEn                        0x00006507   Data           1  os_dbg.o(.constdata)
    OSDbg_PendDataSize                       0x00006508   Data           2  os_dbg.o(.constdata)
    OSDbg_PendListSize                       0x0000650a   Data           2  os_dbg.o(.constdata)
    OSDbg_PendObjSize                        0x0000650c   Data           2  os_dbg.o(.constdata)
    OSDbg_PrioMax                            0x0000650e   Data           2  os_dbg.o(.constdata)
    OSDbg_PrioTblSize                        0x00006510   Data           2  os_dbg.o(.constdata)
    OSDbg_PtrSize                            0x00006512   Data           2  os_dbg.o(.constdata)
    OSDbg_Q                                  0x00006514   Data          48  os_dbg.o(.constdata)
    OSDbg_QEn                                0x00006544   Data           1  os_dbg.o(.constdata)
    OSDbg_QDelEn                             0x00006545   Data           1  os_dbg.o(.constdata)
    OSDbg_QFlushEn                           0x00006546   Data           1  os_dbg.o(.constdata)
    OSDbg_QPendAbortEn                       0x00006547   Data           1  os_dbg.o(.constdata)
    OSDbg_QSize                              0x00006548   Data           2  os_dbg.o(.constdata)
    OSDbg_SchedRoundRobinEn                  0x0000654a   Data           1  os_dbg.o(.constdata)
    OSDbg_Sem                                0x0000654c   Data          40  os_dbg.o(.constdata)
    OSDbg_SemEn                              0x00006574   Data           1  os_dbg.o(.constdata)
    OSDbg_SemDelEn                           0x00006575   Data           1  os_dbg.o(.constdata)
    OSDbg_SemPendAbortEn                     0x00006576   Data           1  os_dbg.o(.constdata)
    OSDbg_SemSetEn                           0x00006577   Data           1  os_dbg.o(.constdata)
    OSDbg_SemSize                            0x00006578   Data           2  os_dbg.o(.constdata)
    OSDbg_RdyList                            0x0000657a   Data           2  os_dbg.o(.constdata)
    OSDbg_RdyListSize                        0x0000657c   Data           4  os_dbg.o(.constdata)
    OSDbg_StkWidth                           0x00006580   Data           1  os_dbg.o(.constdata)
    OSDbg_StatTaskEn                         0x00006581   Data           1  os_dbg.o(.constdata)
    OSDbg_StatTaskStkChkEn                   0x00006582   Data           1  os_dbg.o(.constdata)
    OSDbg_TaskChangePrioEn                   0x00006583   Data           1  os_dbg.o(.constdata)
    OSDbg_TaskDelEn                          0x00006584   Data           1  os_dbg.o(.constdata)
    OSDbg_TaskQEn                            0x00006585   Data           1  os_dbg.o(.constdata)
    OSDbg_TaskQPendAbortEn                   0x00006586   Data           1  os_dbg.o(.constdata)
    OSDbg_TaskProfileEn                      0x00006587   Data           1  os_dbg.o(.constdata)
    OSDbg_TaskRegTblSize                     0x00006588   Data           2  os_dbg.o(.constdata)
    OSDbg_TaskSemPendAbortEn                 0x0000658a   Data           1  os_dbg.o(.constdata)
    OSDbg_TaskSuspendEn                      0x0000658b   Data           1  os_dbg.o(.constdata)
    OSDbg_TCBSize                            0x0000658c   Data           2  os_dbg.o(.constdata)
    OSDbg_TickSpokeSize                      0x0000658e   Data           2  os_dbg.o(.constdata)
    OSDbg_TimeDlyHMSMEn                      0x00006590   Data           1  os_dbg.o(.constdata)
    OSDbg_TimeDlyResumeEn                    0x00006591   Data           1  os_dbg.o(.constdata)
    OSDbg_TLS_TblSize                        0x00006592   Data           2  os_dbg.o(.constdata)
    OSDbg_Tmr                                0x00006594   Data          52  os_dbg.o(.constdata)
    OSDbg_TmrEn                              0x000065c8   Data           1  os_dbg.o(.constdata)
    OSDbg_TmrDelEn                           0x000065c9   Data           1  os_dbg.o(.constdata)
    OSDbg_TmrSize                            0x000065ca   Data           2  os_dbg.o(.constdata)
    OSDbg_TmrSpokeSize                       0x000065cc   Data           2  os_dbg.o(.constdata)
    OSDbg_VersionNbr                         0x000065ce   Data           2  os_dbg.o(.constdata)
    OSDbg_DataSize                           0x000065d0   Data           4  os_dbg.o(.constdata)
    Region$$Table$$Base                      0x00006bc4   Number         0  anon$$obj.o(Region$$Table)
    Region$$Table$$Limit                     0x00006bf4   Number         0  anon$$obj.o(Region$$Table)
    Mem_PoolHeap                             0x10000000   Data          72  lib_mem.o(.bss)
    Mem_Heap                                 0x10000048   Data       15360  lib_mem.o(.bss)
    password                                 0x2007c000   Data           5  main.o(.data)
    down_KEY1                                0x2007c008   Data           4  main.o(.data)
    down_KEY2                                0x2007c00c   Data           4  main.o(.data)
    down_KEY3                                0x2007c010   Data           4  main.o(.data)
    data                                     0x2007c014   Data           4  main.o(.data)
    dmaRecvTransfer                          0x2007c018   Data          60  main.o(.data)
    CPU_TS_TmrFreq_Hz                        0x2007c054   Data           4  cpu_core.o(.data)
    Mem_PoolTbl                              0x2007c058   Data           4  lib_mem.o(.data)
    OSPrioTbl                                0x2007c05c   Data           8  os_prio.o(.data)
    OSIdleTaskCtr                            0x2007c064   Data           4  os_var.o(.data)
    OSIntNestingCtr                          0x2007c068   Data           1  os_var.o(.data)
    OSRunning                                0x2007c069   Data           1  os_var.o(.data)
    OSFlagDbgListPtr                         0x2007c06c   Data           4  os_var.o(.data)
    OSFlagQty                                0x2007c070   Data           2  os_var.o(.data)
    OSMemDbgListPtr                          0x2007c074   Data           4  os_var.o(.data)
    OSMemQty                                 0x2007c078   Data           2  os_var.o(.data)
    OSPrioCur                                0x2007c07a   Data           1  os_var.o(.data)
    OSPrioHighRdy                            0x2007c07b   Data           1  os_var.o(.data)
    OSPrioSaved                              0x2007c07c   Data           1  os_var.o(.data)
    OSSchedLockNestingCtr                    0x2007c07d   Data           1  os_var.o(.data)
    OSSchedRoundRobinDfltTimeQuanta          0x2007c080   Data           4  os_var.o(.data)
    OSSchedRoundRobinEn                      0x2007c084   Data           1  os_var.o(.data)
    OSSemDbgListPtr                          0x2007c088   Data           4  os_var.o(.data)
    OSSemQty                                 0x2007c08c   Data           2  os_var.o(.data)
    OSTaskCtxSwCtr                           0x2007c090   Data           4  os_var.o(.data)
    OSTaskDbgListPtr                         0x2007c094   Data           4  os_var.o(.data)
    OSTaskQty                                0x2007c098   Data           2  os_var.o(.data)
    OSTaskRegNextAvailID                     0x2007c09a   Data           1  os_var.o(.data)
    OSTickCtr                                0x2007c09c   Data           4  os_var.o(.data)
    OSTickTaskTimeMax                        0x2007c0a0   Data           4  os_var.o(.data)
    OSTCBCurPtr                              0x2007c0a4   Data           4  os_var.o(.data)
    OSTCBHighRdyPtr                          0x2007c0a8   Data           4  os_var.o(.data)
    OS_CPU_ExceptStkBase                     0x2007c0ac   Data           4  os_cpu_c.o(.data)
    AD_current                               0x2007c0b0   Data           2  irq_adc.o(.data)
    AD_last                                  0x2007c0b2   Data           2  irq_adc.o(.data)
    check                                    0x2007c0b4   Data           4  irq_adc.o(.data)
    led_value                                0x2007c0b9   Data           1  lib_led.o(.data)
    SinTable                                 0x2007c0bc   Data          90  irq_timer.o(.data)
    seq4beats                                0x2007c118   Data         120  irq_timer.o(.data)
    play                                     0x2007c190   Data           4  irq_timer.o(.data)
    blink_mask                               0x2007c194   Data           4  irq_timer.o(.data)
    song                                     0x2007c198   Data           4  irq_timer.o(.data)
    note                                     0x2007c19c   Data           4  irq_timer.o(.data)
    val1                                     0x2007c45c   Data          16  main.o(.bss)
    DMAbuffer                                0x2007c46c   Data         100  main.o(.bss)
    VectorTbl_RAM                            0x2007c800   Data         192  bsp_os.o(.bss)
    CPU_Name                                 0x2007c8c0   Data          16  cpu_core.o(.bss)
    OSCfg_IdleTaskStk                        0x2007c8d0   Data         512  os_cfg_app.o(.bss)
    OSCfg_ISRStk                             0x2007cad0   Data        1024  os_cfg_app.o(.bss)
    OSCfg_MsgPool                            0x2007ced0   Data        7200  os_cfg_app.o(.bss)
    OSCfg_TickTaskStk                        0x2007eaf0   Data         512  os_cfg_app.o(.bss)
    OSCfg_TickWheel                          0x2007ecf0   Data         128  os_cfg_app.o(.bss)
    OSIdleTaskTCB                            0x2007ed70   Data         184  os_var.o(.bss)
    OSMsgPool                                0x2007ee28   Data          12  os_var.o(.bss)
    OSRdyList                                0x2007ee34   Data         768  os_var.o(.bss)
    OSTickTaskTCB                            0x2007f134   Data         184  os_var.o(.bss)
    __libspace_start                         0x2007f1ec   Data          96  libspace.o(.bss)
    __temporary_stack_top$libspace           0x2007f24c   Data           0  libspace.o(.bss)



==============================================================================

Memory Map of the image

  Image Entry point : 0x000000cd

  Load Region LR_IROM1 (Base: 0x00000000, Size: 0x00006d98, Max: 0x00080000, ABSOLUTE, COMPRESSED[0x00006c84])

    Execution Region ER_IROM1 (Exec base: 0x00000000, Load base: 0x00000000, Size: 0x00006bf4, Max: 0x00080000, ABSOLUTE)

    Exec Addr    Load Addr    Size         Type   Attr      Idx    E Section Name        Object

    0x00000000   0x00000000   0x000000cc   Data   RO         3081    RESET               startup_lpc17xx.o
    0x000000cc   0x000000cc   0x00000008   Code   RO         3133  * !!!main             c_w.l(__main.o)
    0x000000d4   0x000000d4   0x00000034   Code   RO         3331    !!!scatter          c_w.l(__scatter.o)
    0x00000108   0x00000108   0x0000005a   Code   RO         3329    !!dczerorl2         c_w.l(__dczerorl2.o)
    0x00000162   0x00000162   0x00000002   PAD
    0x00000164   0x00000164   0x0000001c   Code   RO         3333    !!handler_zi        c_w.l(__scatter_zi.o)
    0x00000180   0x00000180   0x00000002   Code   RO         3197    .ARM.Collect$$libinit$$00000000  c_w.l(libinit.o)
    0x00000182   0x00000182   0x00000000   Code   RO         3210    .ARM.Collect$$libinit$$00000002  c_w.l(libinit2.o)
    0x00000182   0x00000182   0x00000000   Code   RO         3212    .ARM.Collect$$libinit$$00000004  c_w.l(libinit2.o)
    0x00000182   0x00000182   0x00000000   Code   RO         3215    .ARM.Collect$$libinit$$0000000A  c_w.l(libinit2.o)
    0x00000182   0x00000182   0x00000000   Code   RO         3217    .ARM.Collect$$libinit$$0000000C  c_w.l(libinit2.o)
    0x00000182   0x00000182   0x00000000   Code   RO         3219    .ARM.Collect$$libinit$$0000000E  c_w.l(libinit2.o)
    0x00000182   0x00000182   0x00000000   Code   RO         3222    .ARM.Collect$$libinit$$00000011  c_w.l(libinit2.o)
    0x00000182   0x00000182   0x00000000   Code   RO         3224    .ARM.Collect$$libinit$$00000013  c_w.l(libinit2.o)
    0x00000182   0x00000182   0x00000000   Code   RO         3226    .ARM.Collect$$libinit$$00000015  c_w.l(libinit2.o)
    0x00000182   0x00000182   0x00000000   Code   RO         3228    .ARM.Collect$$libinit$$00000017  c_w.l(libinit2.o)
    0x00000182   0x00000182   0x00000000   Code   RO         3230    .ARM.Collect$$libinit$$00000019  c_w.l(libinit2.o)
    0x00000182   0x00000182   0x00000000   Code   RO         3232    .ARM.Collect$$libinit$$0000001B  c_w.l(libinit2.o)
    0x00000182   0x00000182   0x00000000   Code   RO         3234    .ARM.Collect$$libinit$$0000001D  c_w.l(libinit2.o)
    0x00000182   0x00000182   0x00000000   Code   RO         3236    .ARM.Collect$$libinit$$0000001F  c_w.l(libinit2.o)
    0x00000182   0x00000182   0x00000000   Code   RO         3238    .ARM.Collect$$libinit$$00000021  c_w.l(libinit2.o)
    0x00000182   0x00000182   0x00000000   Code   RO         3240    .ARM.Collect$$libinit$$00000023  c_w.l(libinit2.o)
    0x00000182   0x00000182   0x00000000   Code   RO         3242    .ARM.Collect$$libinit$$00000025  c_w.l(libinit2.o)
    0x00000182   0x00000182   0x00000000   Code   RO         3246    .ARM.Collect$$libinit$$0000002C  c_w.l(libinit2.o)
    0x00000182   0x00000182   0x00000000   Code   RO         3248    .ARM.Collect$$libinit$$0000002E  c_w.l(libinit2.o)
    0x00000182   0x00000182   0x00000000   Code   RO         3250    .ARM.Collect$$libinit$$00000030  c_w.l(libinit2.o)
    0x00000182   0x00000182   0x00000000   Code   RO         3252    .ARM.Collect$$libinit$$00000032  c_w.l(libinit2.o)
    0x00000182   0x00000182   0x00000002   Code   RO         3253    .ARM.Collect$$libinit$$00000033  c_w.l(libinit2.o)
    0x00000184   0x00000184   0x00000002   Code   RO         3284    .ARM.Collect$$libshutdown$$00000000  c_w.l(libshutdown.o)
    0x00000186   0x00000186   0x00000000   Code   RO         3310    .ARM.Collect$$libshutdown$$00000002  c_w.l(libshutdown2.o)
    0x00000186   0x00000186   0x00000000   Code   RO         3312    .ARM.Collect$$libshutdown$$00000004  c_w.l(libshutdown2.o)
    0x00000186   0x00000186   0x00000000   Code   RO         3314    .ARM.Collect$$libshutdown$$00000006  c_w.l(libshutdown2.o)
    0x00000186   0x00000186   0x00000000   Code   RO         3317    .ARM.Collect$$libshutdown$$00000009  c_w.l(libshutdown2.o)
    0x00000186   0x00000186   0x00000000   Code   RO         3320    .ARM.Collect$$libshutdown$$0000000C  c_w.l(libshutdown2.o)
    0x00000186   0x00000186   0x00000000   Code   RO         3322    .ARM.Collect$$libshutdown$$0000000E  c_w.l(libshutdown2.o)
    0x00000186   0x00000186   0x00000000   Code   RO         3325    .ARM.Collect$$libshutdown$$00000011  c_w.l(libshutdown2.o)
    0x00000186   0x00000186   0x00000002   Code   RO         3326    .ARM.Collect$$libshutdown$$00000012  c_w.l(libshutdown2.o)
    0x00000188   0x00000188   0x00000000   Code   RO         3155    .ARM.Collect$$rtentry$$00000000  c_w.l(__rtentry.o)
    0x00000188   0x00000188   0x00000000   Code   RO         3168    .ARM.Collect$$rtentry$$00000002  c_w.l(__rtentry2.o)
    0x00000188   0x00000188   0x00000006   Code   RO         3180    .ARM.Collect$$rtentry$$00000004  c_w.l(__rtentry4.o)
    0x0000018e   0x0000018e   0x00000000   Code   RO         3170    .ARM.Collect$$rtentry$$00000009  c_w.l(__rtentry2.o)
    0x0000018e   0x0000018e   0x00000004   Code   RO         3171    .ARM.Collect$$rtentry$$0000000A  c_w.l(__rtentry2.o)
    0x00000192   0x00000192   0x00000000   Code   RO         3173    .ARM.Collect$$rtentry$$0000000C  c_w.l(__rtentry2.o)
    0x00000192   0x00000192   0x00000008   Code   RO         3174    .ARM.Collect$$rtentry$$0000000D  c_w.l(__rtentry2.o)
    0x0000019a   0x0000019a   0x00000002   Code   RO         3201    .ARM.Collect$$rtexit$$00000000  c_w.l(rtexit.o)
    0x0000019c   0x0000019c   0x00000000   Code   RO         3257    .ARM.Collect$$rtexit$$00000002  c_w.l(rtexit2.o)
    0x0000019c   0x0000019c   0x00000004   Code   RO         3258    .ARM.Collect$$rtexit$$00000003  c_w.l(rtexit2.o)
    0x000001a0   0x000001a0   0x00000006   Code   RO         3259    .ARM.Collect$$rtexit$$00000004  c_w.l(rtexit2.o)
    0x000001a6   0x000001a6   0x00000002   PAD
    0x000001a8   0x000001a8   0x00000034   Code   RO          555    .text               cpu_a.o
    0x000001dc   0x000001dc   0x00000084   Code   RO         2287    .text               os_cpu_a.o
    0x00000260   0x00000260   0x00000040   Code   RO         3083    .text               startup_lpc17xx.o
    0x000002a0   0x000002a0   0x00000006   Code   RO         3131    .text               c_w.l(heapauxi.o)
    0x000002a6   0x000002a6   0x0000004a   Code   RO         3184    .text               c_w.l(sys_stackheap_outer.o)
    0x000002f0   0x000002f0   0x00000008   Code   RO         3198    .text               c_w.l(libspace.o)
    0x000002f8   0x000002f8   0x00000002   Code   RO         3273    .text               c_w.l(use_no_semi.o)
    0x000002fa   0x000002fa   0x00000000   Code   RO         3275    .text               c_w.l(indicate_semi.o)
    0x000002fa   0x000002fa   0x00000002   Code   RO         1442    i.OSCfg_Init        os_cfg_app.o
    0x000002fc   0x000002fc   0x00000004   Code   RO         3082    .ARM.__at_0x02FC    startup_lpc17xx.o
    0x00000300   0x00000300   0x0000008a   Code   RO         3129    .text               c_w.l(rt_memcpy_v6.o)
    0x0000038a   0x0000038a   0x00000064   Code   RO         3160    .text               c_w.l(rt_memcpy_w.o)
    0x000003ee   0x000003ee   0x00000012   Code   RO         3186    .text               c_w.l(exit.o)
    0x00000400   0x00000400   0x0000000c   Code   RO         3254    .text               c_w.l(sys_exit.o)
    0x0000040c   0x0000040c   0x00000024   Code   RO         2372    i.ADC_IRQHandler    irq_adc.o
    0x00000430   0x00000430   0x000000a8   Code   RO            4    i.APP_TSK           main.o
    0x000004d8   0x000004d8   0x0000004c   Code   RO          336    i.BSP_IntInit       bsp_os.o
    0x00000524   0x00000524   0x00000012   Code   RO          341    i.BSP_OS_TickEnable  bsp_os.o
    0x00000536   0x00000536   0x00000002   PAD
    0x00000538   0x00000538   0x0000001c   Code   RO          203    i.BSP_Start         bsp.o
    0x00000554   0x00000554   0x00000088   Code   RO         2858    i.BUTTON_init       lib_button.o
    0x000005dc   0x000005dc   0x0000000c   Code   RO          615    i.CPU_Init          cpu_core.o
    0x000005e8   0x000005e8   0x00000030   Code   RO          616    i.CPU_NameClr       cpu_core.o
    0x00000618   0x00000618   0x00000008   Code   RO          618    i.CPU_NameInit      cpu_core.o
    0x00000620   0x00000620   0x00000014   Code   RO          622    i.CPU_TS_Init       cpu_core.o
    0x00000634   0x00000634   0x0000000c   Code   RO          624    i.CPU_TS_TmrFreqSet  cpu_core.o
    0x00000640   0x00000640   0x00000030   Code   RO          205    i.CPU_TS_TmrInit    bsp.o
    0x00000670   0x00000670   0x0000000c   Code   RO          206    i.CPU_TS_TmrRd      bsp.o
    0x0000067c   0x0000067c   0x00000088   Code   RO          899    i.CSP_PM_CPU_ClkFreqGet  csp_pm.o
    0x00000704   0x00000704   0x00000028   Code   RO            5    i.DMA_IRQHandler    main.o
    0x0000072c   0x0000072c   0x0000004c   Code   RO         2801    i.EINT0_IRQHandler  irq_button.o
    0x00000778   0x00000778   0x00000058   Code   RO         2802    i.EINT1_IRQHandler  irq_button.o
    0x000007d0   0x000007d0   0x0000004c   Code   RO         2803    i.EINT2_IRQHandler  irq_button.o
    0x0000081c   0x0000081c   0x00000050   Code   RO         2469    i.GUI_Text          glcd.o
    0x0000086c   0x0000086c   0x00000020   Code   RO         2449    i.GetASCIICode      asciilib.o
    0x0000088c   0x0000088c   0x000005f0   Code   RO         2471    i.LCD_Clear         glcd.o
    0x00000e7c   0x00000e7c   0x00000018   Code   RO         2472    i.LCD_Configuration  glcd.o
    0x00000e94   0x00000e94   0x00002ef8   Code   RO         2475    i.LCD_Initialization  glcd.o
    0x00003d8c   0x00003d8c   0x00000550   Code   RO         2476    i.LCD_SetCursor     glcd.o
    0x000042dc   0x000042dc   0x000000d4   Code   RO         2477    i.LCD_SetPoint      glcd.o
    0x000043b0   0x000043b0   0x00000030   Code   RO         2665    i.LED_init          lib_led.o
    0x000043e0   0x000043e0   0x00000012   Code   RO         1171    i.Mem_Clr           lib_mem.o
    0x000043f2   0x000043f2   0x00000002   PAD
    0x000043f4   0x000043f4   0x00000048   Code   RO         1175    i.Mem_Init          lib_mem.o
    0x0000443c   0x0000443c   0x00000062   Code   RO         1188    i.Mem_Set           lib_mem.o
    0x0000449e   0x0000449e   0x00000002   Code   RO         2291    i.OSIdleTaskHook    os_cpu_c.o
    0x000044a0   0x000044a0   0x00000100   Code   RO         1465    i.OSInit            os_core.o
    0x000045a0   0x000045a0   0x00000038   Code   RO         2292    i.OSInitHook        os_cpu_c.o
    0x000045d8   0x000045d8   0x000000e4   Code   RO         1467    i.OSIntExit         os_core.o
    0x000046bc   0x000046bc   0x000000a8   Code   RO         1468    i.OSSched           os_core.o
    0x00004764   0x00004764   0x00000068   Code   RO         1473    i.OSStart           os_core.o
    0x000047cc   0x000047cc   0x00000168   Code   RO         2009    i.OSTaskCreate      os_task.o
    0x00004934   0x00004934   0x00000002   Code   RO         2294    i.OSTaskCreateHook  os_cpu_c.o
    0x00004936   0x00004936   0x00000002   Code   RO         2296    i.OSTaskReturnHook  os_cpu_c.o
    0x00004938   0x00004938   0x000001c4   Code   RO         2018    i.OSTaskSemPend     os_task.o
    0x00004afc   0x00004afc   0x00000024   Code   RO         2020    i.OSTaskSemPost     os_task.o
    0x00004b20   0x00004b20   0x000000c0   Code   RO         2297    i.OSTaskStkInit     os_cpu_c.o
    0x00004be0   0x00004be0   0x00000054   Code   RO         2298    i.OSTaskSwHook      os_cpu_c.o
    0x00004c34   0x00004c34   0x000000c4   Code   RO         2207    i.OSTimeDly         os_time.o
    0x00004cf8   0x00004cf8   0x00000030   Code   RO         2212    i.OSTimeTick        os_time.o
    0x00004d28   0x00004d28   0x00000002   Code   RO         2299    i.OSTimeTickHook    os_cpu_c.o
    0x00004d2a   0x00004d2a   0x00000002   PAD
    0x00004d2c   0x00004d2c   0x00000038   Code   RO         2300    i.OS_CPU_SysTickHandler  os_cpu_c.o
    0x00004d64   0x00004d64   0x00000030   Code   RO         2301    i.OS_CPU_SysTickInit  os_cpu_c.o
    0x00004d94   0x00004d94   0x00000170   Code   RO         1693    i.OS_Dbg_Init       os_dbg.o
    0x00004f04   0x00004f04   0x00000018   Code   RO         1718    i.OS_FlagInit       os_flag.o
    0x00004f1c   0x00004f1c   0x00000038   Code   RO         1475    i.OS_IdleTask       os_core.o
    0x00004f54   0x00004f54   0x00000070   Code   RO         1476    i.OS_IdleTaskInit   os_core.o
    0x00004fc4   0x00004fc4   0x00000018   Code   RO         1802    i.OS_MemInit        os_mem.o
    0x00004fdc   0x00004fdc   0x0000005c   Code   RO         1834    i.OS_MsgPoolInit    os_msg.o
    0x00005038   0x00005038   0x0000000e   Code   RO         1837    i.OS_MsgQInit       os_msg.o
    0x00005046   0x00005046   0x00000002   PAD
    0x00005048   0x00005048   0x00000068   Code   RO         1477    i.OS_Pend           os_core.o
    0x000050b0   0x000050b0   0x00000026   Code   RO         1480    i.OS_PendDataInit   os_core.o
    0x000050d6   0x000050d6   0x00000002   PAD
    0x000050d8   0x000050d8   0x0000005c   Code   RO         1481    i.OS_PendDbgNameAdd  os_core.o
    0x00005134   0x00005134   0x00000024   Code   RO         1482    i.OS_PendDbgNameRemove  os_core.o
    0x00005158   0x00005158   0x00000066   Code   RO         1486    i.OS_PendListInsertPrio  os_core.o
    0x000051be   0x000051be   0x00000030   Code   RO         1487    i.OS_PendListRemove  os_core.o
    0x000051ee   0x000051ee   0x00000042   Code   RO         1488    i.OS_PendListRemove1  os_core.o
    0x00005230   0x00005230   0x000000c0   Code   RO         1491    i.OS_Post           os_core.o
    0x000052f0   0x000052f0   0x0000002a   Code   RO         1492    i.OS_Post1          os_core.o
    0x0000531a   0x0000531a   0x00000002   PAD
    0x0000531c   0x0000531c   0x00000028   Code   RO         1906    i.OS_PrioGetHighest  os_prio.o
    0x00005344   0x00005344   0x00000018   Code   RO         1907    i.OS_PrioInit       os_prio.o
    0x0000535c   0x0000535c   0x00000024   Code   RO         1908    i.OS_PrioInsert     os_prio.o
    0x00005380   0x00005380   0x00000024   Code   RO         1909    i.OS_PrioRemove     os_prio.o
    0x000053a4   0x000053a4   0x00000024   Code   RO         1493    i.OS_RdyListInit    os_core.o
    0x000053c8   0x000053c8   0x0000002c   Code   RO         1494    i.OS_RdyListInsert  os_core.o
    0x000053f4   0x000053f4   0x00000040   Code   RO         1495    i.OS_RdyListInsertHead  os_core.o
    0x00005434   0x00005434   0x0000003c   Code   RO         1496    i.OS_RdyListInsertTail  os_core.o
    0x00005470   0x00005470   0x00000044   Code   RO         1497    i.OS_RdyListMoveHeadToTail  os_core.o
    0x000054b4   0x000054b4   0x0000005c   Code   RO         1498    i.OS_RdyListRemove  os_core.o
    0x00005510   0x00005510   0x000000d0   Code   RO         1499    i.OS_SchedRoundRobin  os_core.o
    0x000055e0   0x000055e0   0x00000018   Code   RO         1955    i.OS_SemInit        os_sem.o
    0x000055f8   0x000055f8   0x00000038   Code   RO         1500    i.OS_TaskBlock      os_core.o
    0x00005630   0x00005630   0x00000030   Code   RO         2024    i.OS_TaskDbgListAdd  os_task.o
    0x00005660   0x00005660   0x00000020   Code   RO         2026    i.OS_TaskInit       os_task.o
    0x00005680   0x00005680   0x000000c0   Code   RO         2027    i.OS_TaskInitTCB    os_task.o
    0x00005740   0x00005740   0x0000001c   Code   RO         1501    i.OS_TaskRdy        os_core.o
    0x0000575c   0x0000575c   0x00000024   Code   RO         2030    i.OS_TaskReturn     os_task.o
    0x00005780   0x00005780   0x000001c4   Code   RO         2031    i.OS_TaskSemPost    os_task.o
    0x00005944   0x00005944   0x00000028   Code   RO         2159    i.OS_TickListInit   os_tick.o
    0x0000596c   0x0000596c   0x000001bc   Code   RO         2160    i.OS_TickListInsert  os_tick.o
    0x00005b28   0x00005b28   0x00000038   Code   RO         2161    i.OS_TickListRemove  os_tick.o
    0x00005b60   0x00005b60   0x00000188   Code   RO         2163    i.OS_TickListUpdate  os_tick.o
    0x00005ce8   0x00005ce8   0x0000002c   Code   RO         2164    i.OS_TickTask       os_tick.o
    0x00005d14   0x00005d14   0x000000b8   Code   RO         2165    i.OS_TickTaskInit   os_tick.o
    0x00005dcc   0x00005dcc   0x00000064   Code   RO         2478    i.PutChar           glcd.o
    0x00005e30   0x00005e30   0x00000140   Code   RO         3093    i.SystemInit        system_lpc17xx.o
    0x00005f70   0x00005f70   0x00000044   Code   RO         2697    i.TIMER0_IRQHandler  irq_timer.o
    0x00005fb4   0x00005fb4   0x0000000c   Code   RO         2698    i.TIMER1_IRQHandler  irq_timer.o
    0x00005fc0   0x00005fc0   0x0000000c   Code   RO         2699    i.TIMER2_IRQHandler  irq_timer.o
    0x00005fcc   0x00005fcc   0x00000014   Code   RO         2700    i.TIMER3_IRQHandler  irq_timer.o
    0x00005fe0   0x00005fe0   0x00000002   Code   RO         2953    i.UART2_IRQHandler  uart.o
    0x00005fe2   0x00005fe2   0x00000002   PAD
    0x00005fe4   0x00005fe4   0x00000024   Code   RO         2804    i.__NVIC_DisableIRQ  irq_button.o
    0x00006008   0x00006008   0x00000022   Code   RO         2805    i.__NVIC_EnableIRQ  irq_button.o
    0x0000602a   0x0000602a   0x00000022   Code   RO         2859    i.__NVIC_EnableIRQ  lib_button.o
    0x0000604c   0x0000604c   0x00000028   Code   RO         2860    i.__NVIC_SetPriority  lib_button.o
    0x00006074   0x00006074   0x0000001e   Code   RO         2479    i.delay_ms          glcd.o
    0x00006092   0x00006092   0x00000002   PAD
    0x00006094   0x00006094   0x0000003c   Code   RO         2752    i.enable_timer      lib_timer.o
    0x000060d0   0x000060d0   0x00000050   Code   RO         2929    i.init_DMA          lib_dma.o
    0x00006120   0x00006120   0x00000084   Code   RO         2600    i.joystick_init     lib_joystick.o
    0x000061a4   0x000061a4   0x00000074   Code   RO            6    i.main              main.o
    0x00006218   0x00006218   0x00000022   Code   RO          188    i.passwordcheck     password.o
    0x0000623a   0x0000623a   0x00000002   PAD
    0x0000623c   0x0000623c   0x0000005c   Code   RO            7    i.showbuffer        main.o
    0x00006298   0x00006298   0x00000034   Code   RO            9    i.tostring2hex      main.o
    0x000062cc   0x000062cc   0x000000ec   Code   RO         2897    i.transfer_DMA      funct_dma.o
    0x000063b8   0x000063b8   0x0000000c   Code   RO         2480    i.wait_delay        glcd.o
    0x000063c4   0x000063c4   0x000000a4   Data   RO         1444    .constdata          os_cfg_app.o
    0x00006468   0x00006468   0x0000016c   Data   RO         1694    .constdata          os_dbg.o
    0x000065d4   0x000065d4   0x000005f0   Data   RO         2450    .constdata          asciilib.o
    0x00006bc4   0x00006bc4   0x00000030   Data   RO         3327    Region$$Table       anon$$obj.o


    Execution Region RW_IRAM1 (Exec base: 0x10000000, Load base: 0x00006bf4, Size: 0x00003c48, Max: 0x00008000, ABSOLUTE)

    Exec Addr    Load Addr    Size         Type   Attr      Idx    E Section Name        Object

    0x10000000        -       0x00003c48   Zero   RW         1189    .bss                lib_mem.o


    Execution Region RW_IRAM2 (Exec base: 0x2007c000, Load base: 0x00006bf4, Size: 0x00003450, Max: 0x00008000, ABSOLUTE, COMPRESSED[0x00000090])

    Exec Addr    Load Addr    Size         Type   Attr      Idx    E Section Name        Object

    0x2007c000   COMPRESSED   0x00000054   Data   RW           11    .data               main.o
    0x2007c054   COMPRESSED   0x00000004   Data   RW          628    .data               cpu_core.o
    0x2007c058   COMPRESSED   0x00000004   Data   RW         1190    .data               lib_mem.o
    0x2007c05c   COMPRESSED   0x00000008   Data   RW         1910    .data               os_prio.o
    0x2007c064   COMPRESSED   0x00000048   Data   RW         2256    .data               os_var.o
    0x2007c0ac   COMPRESSED   0x00000004   Data   RW         2302    .data               os_cpu_c.o
    0x2007c0b0   COMPRESSED   0x00000008   Data   RW         2373    .data               irq_adc.o
    0x2007c0b8   COMPRESSED   0x00000001   Data   RW         2481    .data               glcd.o
    0x2007c0b9   COMPRESSED   0x00000001   Data   RW         2666    .data               lib_led.o
    0x2007c0ba   COMPRESSED   0x00000002   PAD
    0x2007c0bc   COMPRESSED   0x000000e8   Data   RW         2702    .data               irq_timer.o
    0x2007c1a4        -       0x0000032c   Zero   RW           10    .bss                main.o
    0x2007c4d0   COMPRESSED   0x00000330   PAD
    0x2007c800        -       0x000000c0   Zero   RW          344    .bss                bsp_os.o
    0x2007c8c0        -       0x00000010   Zero   RW          626    .bss                cpu_core.o
    0x2007c8d0        -       0x000024a0   Zero   RW         1443    .bss                os_cfg_app.o
    0x2007ed70        -       0x0000047c   Zero   RW         2255    .bss                os_var.o
    0x2007f1ec        -       0x00000060   Zero   RW         3199    .bss                c_w.l(libspace.o)
    0x2007f24c   COMPRESSED   0x00000004   PAD
    0x2007f250        -       0x00000000   Zero   RW         3080    HEAP                startup_lpc17xx.o
    0x2007f250        -       0x00000200   Zero   RW         3079    STACK               startup_lpc17xx.o


==============================================================================

Image component sizes


      Code (inc. data)   RO Data    RW Data    ZI Data      Debug   Object Name

        32          6       1520          0          0       1319   asciilib.o
        88         18          0          0          0      38822   bsp.o
        94         10          0          0        192       2942   bsp_os.o
        52          0          0          0          0        760   cpu_a.o
       100         18          0          4         16      12310   cpu_core.o
       136         18          0          0          0        828   csp_pm.o
       236         10          0          0          0       2703   funct_dma.o
     15362        108          0          1          0      40037   glcd.o
        36         14          0          8          0      17704   irq_adc.o
       310         60          0          0          0       2693   irq_button.o
       112         26          0        232          0       3117   irq_timer.o
         0          0          0          0          0      26475   lib_adc.o
       210         20          0          0          0       1714   lib_button.o
        80         10          0          0          0        675   lib_dma.o
       132         10          0          0          0        516   lib_joystick.o
        48         12          0          1          0        735   lib_led.o
       188         18          0          4      15432      13859   lib_mem.o
        60         12          0          0          0        539   lib_timer.o
       468         72          0         84        812      80134   main.o
         2          0        164          0       9376      18192   os_cfg_app.o
      2300        292          0          0          0      16971   os_core.o
       132         32          0          0          0        596   os_cpu_a.o
       444         36          0          4          0       6940   os_cpu_c.o
       368        240        364          0          0       5001   os_dbg.o
        24         10          0          0          0       1034   os_flag.o
        24         10          0          0          0       1029   os_mem.o
       106         12          0          0          0       1751   os_msg.o
       136         16          0          8          0       3082   os_prio.o
        24         10          0          0          0       1033   os_sem.o
      1608         90          0          0          0       7359   os_task.o
      1160        108          0          0          0       5130   os_tick.o
       244         26          0          0          0       1829   os_time.o
         0          0          0         72       1148      16359   os_var.o
        34          0          0          0          0        572   password.o
        68         22        204          0        512       1148   startup_lpc17xx.o
       320         18          0          0          0        629   system_lpc17xx.o
         2          0          0          0          0        451   uart.o

    ----------------------------------------------------------------------
     24758       1364       2300        420      28304     336988   Object Totals
         0          0         48          0          0          0   (incl. Generated)
        18          0          0          2        816          0   (incl. Padding)

    ----------------------------------------------------------------------

      Code (inc. data)   RO Data    RW Data    ZI Data      Debug   Library Member Name

        90          0          0          0          0          0   __dczerorl2.o
         8          0          0          0          0         68   __main.o
         0          0          0          0          0          0   __rtentry.o
        12          0          0          0          0          0   __rtentry2.o
         6          0          0          0          0          0   __rtentry4.o
        52          8          0          0          0          0   __scatter.o
        28          0          0          0          0          0   __scatter_zi.o
        18          0          0          0          0         80   exit.o
         6          0          0          0          0        152   heapauxi.o
         0          0          0          0          0          0   indicate_semi.o
         2          0          0          0          0          0   libinit.o
         2          0          0          0          0          0   libinit2.o
         2          0          0          0          0          0   libshutdown.o
         2          0          0          0          0          0   libshutdown2.o
         8          4          0          0         96         68   libspace.o
       138          0          0          0          0         68   rt_memcpy_v6.o
       100          0          0          0          0         80   rt_memcpy_w.o
         2          0          0          0          0          0   rtexit.o
        10          0          0          0          0          0   rtexit2.o
        12          4          0          0          0         68   sys_exit.o
        74          0          0          0          0         80   sys_stackheap_outer.o
         2          0          0          0          0         68   use_no_semi.o

    ----------------------------------------------------------------------
       578         16          0          0        100        732   Library Totals
         4          0          0          0          4          0   (incl. Padding)

    ----------------------------------------------------------------------

      Code (inc. data)   RO Data    RW Data    ZI Data      Debug   Library Name

       574         16          0          0         96        732   c_w.l

    ----------------------------------------------------------------------
       578         16          0          0        100        732   Library Totals

    ----------------------------------------------------------------------

==============================================================================


      Code (inc. data)   RO Data    RW Data    ZI Data      Debug   

     25336       1380       2300        420      28404     331892   Grand Totals
     25336       1380       2300        144      28404     331892   ELF Image Totals (compressed)
     25336       1380       2300        144          0          0   ROM Totals

==============================================================================

    Total RO  Size (Code + RO Data)                27636 (  26.99kB)
    Total RW  Size (RW Data + ZI Data)             28824 (  28.15kB)
    Total ROM Size (Code + RO Data + RW Data)      27780 (  27.13kB)

==============================================================================

