Component: ARM Compiler 5.06 update 7 (build 960) Tool: armlink [4d3601]

==============================================================================

Section Cross References

    main.o(i.APP_TSK) refers to cpu_a.o(.text) for CPU_IntEn
    main.o(i.APP_TSK) refers to lib_dma.o(i.init_DMA) for init_DMA
    main.o(i.APP_TSK) refers to uart.o(i.init_uart) for init_uart
    main.o(i.APP_TSK) refers to os_task.o(i.OSTaskSuspend) for OSTaskSuspend
    main.o(i.APP_TSK) refers to funct_dma.o(i.transfer_DMA) for transfer_DMA
    main.o(i.APP_TSK) refers to main.o(.data) for myparam
    main.o(i.APP_TSK) refers to main.o(.bss) for APP_TSK_TCB
    main.o(i.DISPLAY_TSK) refers to main.o(i.tostring) for tostring
    main.o(i.DISPLAY_TSK) refers to main.o(.data) for myparam
    main.o(i.DMA_IRQHandler) refers to glcd.o(i.LCD_Clear) for LCD_Clear
    main.o(i.LOCK_TSK) refers to glcd.o(i.LCD_Initialization) for LCD_Initialization
    main.o(i.LOCK_TSK) refers to glcd.o(i.LCD_Clear) for LCD_Clear
    main.o(i.main) refers to system_lpc17xx.o(i.SystemInit) for SystemInit
    main.o(i.main) refers to bsp_os.o(i.BSP_IntInit) for BSP_IntInit
    main.o(i.main) refers to bsp.o(i.BSP_Start) for BSP_Start
    main.o(i.main) refers to cpu_a.o(.text) for CPU_IntDis
    main.o(i.main) refers to cpu_core.o(i.CPU_Init) for CPU_Init
    main.o(i.main) refers to lib_mem.o(i.Mem_Init) for Mem_Init
    main.o(i.main) refers to os_core.o(i.OSInit) for OSInit
    main.o(i.main) refers to os_task.o(i.OSTaskCreate) for OSTaskCreate
    main.o(i.main) refers to os_core.o(i.OSStart) for OSStart
    main.o(i.main) refers to main.o(.bss) for APP_TSK_STACK
    main.o(i.main) refers to main.o(i.APP_TSK) for APP_TSK
    main.o(i.main) refers to main.o(i.LOCK_TSK) for LOCK_TSK
    main.o(i.main) refers to main.o(i.DISPLAY_TSK) for DISPLAY_TSK
    bsp.o(i.BSP_Start) refers to csp_pm.o(i.CSP_PM_CPU_ClkFreqGet) for CSP_PM_CPU_ClkFreqGet
    bsp.o(i.BSP_Start) refers to os_cpu_c.o(i.OS_CPU_SysTickInit) for OS_CPU_SysTickInit
    bsp.o(i.BSP_Start) refers to os_cfg_app.o(.constdata) for OSCfg_TickRate_Hz
    bsp.o(i.CPU_TS32_to_uSec) refers to cpu_core.o(i.CPU_TS_TmrFreqGet) for CPU_TS_TmrFreqGet
    bsp.o(i.CPU_TS32_to_uSec) refers to lludivv7m.o(.text) for __aeabi_uldivmod
    bsp.o(i.CPU_TS_TmrInit) refers to csp_pm.o(i.CSP_PM_CPU_ClkFreqGet) for CSP_PM_CPU_ClkFreqGet
    bsp.o(i.CPU_TS_TmrInit) refers to cpu_core.o(i.CPU_TS_TmrFreqSet) for CPU_TS_TmrFreqSet
    bsp.o(i.change_frequency) refers to fflt_clz.o(x$fpl$ffltu) for __aeabi_ui2f
    bsp.o(i.change_frequency) refers to fflt_clz.o(x$fpl$fflt) for __aeabi_i2f
    bsp.o(i.change_frequency) refers to fmul.o(x$fpl$fmul) for __aeabi_fmul
    bsp.o(i.change_frequency) refers to fdiv.o(x$fpl$fdiv) for __aeabi_fdiv
    bsp.o(i.change_frequency) refers to ffixu.o(x$fpl$ffixu) for __aeabi_f2uiz
    bsp.o(i.change_frequency) refers to bsp.o(i.update_dutycycle) for update_dutycycle
    bsp.o(i.get_dutycycle) refers to fflt_clz.o(x$fpl$ffltu) for __aeabi_ui2f
    bsp.o(i.get_dutycycle) refers to fdiv.o(x$fpl$fdiv) for __aeabi_fdiv
    bsp.o(i.get_dutycycle) refers to ffix.o(x$fpl$ffix) for __aeabi_f2iz
    bsp.o(i.get_frequency) refers to fflt_clz.o(x$fpl$ffltu) for __aeabi_ui2f
    bsp.o(i.get_frequency) refers to fdiv.o(x$fpl$fdiv) for __aeabi_fdiv
    bsp.o(i.get_frequency) refers to ffix.o(x$fpl$ffix) for __aeabi_f2iz
    bsp.o(i.update_dutycycle) refers to fflt_clz.o(x$fpl$ffltu) for __aeabi_ui2f
    bsp.o(i.update_dutycycle) refers to fmul.o(x$fpl$fmul) for __aeabi_fmul
    bsp.o(i.update_dutycycle) refers to ffix.o(x$fpl$ffix) for __aeabi_f2iz
    bsp_os.o(i.BSP_IntDisable) refers to cpu_c.o(i.CPU_IntSrcDis) for CPU_IntSrcDis
    bsp_os.o(i.BSP_IntEnable) refers to cpu_c.o(i.CPU_IntSrcEn) for CPU_IntSrcEn
    bsp_os.o(i.BSP_IntInit) refers to cpu_a.o(.text) for CPU_SR_Save
    bsp_os.o(i.BSP_IntInit) refers to bsp_os.o(.bss) for VectorTbl_RAM
    bsp_os.o(i.BSP_IntVectSet) refers to bsp_os.o(.bss) for VectorTbl_RAM
    bsp_os.o(i.BSP_OS_SemCreate) refers to os_sem.o(i.OSSemCreate) for OSSemCreate
    bsp_os.o(i.BSP_OS_SemPost) refers to os_sem.o(i.OSSemPost) for OSSemPost
    bsp_os.o(i.BSP_OS_SemWait) refers to os_sem.o(i.OSSemPend) for OSSemPend
    bsp_os.o(i.BSP_OS_SemWait) refers to os_cfg_app.o(.constdata) for OSCfg_TickRate_Hz
    bsp_os.o(i.BSP_OS_TimeDlyMs) refers to os_time.o(i.OSTimeDlyHMSM) for OSTimeDlyHMSM
    cpu_c.o(i.CPU_IntSrcDis) refers to cpu_a.o(.text) for CPU_SR_Save
    cpu_c.o(i.CPU_IntSrcEn) refers to cpu_a.o(.text) for CPU_SR_Save
    cpu_c.o(i.CPU_IntSrcPendClr) refers to cpu_a.o(.text) for CPU_SR_Save
    cpu_c.o(i.CPU_IntSrcPrioGet) refers to cpu_a.o(.text) for CPU_SR_Save
    cpu_c.o(i.CPU_IntSrcPrioSet) refers to cpu_a.o(.text) for CPU_RevBits
    cpu_core.o(i.CPU_CntLeadZeros08) refers to cpu_a.o(.text) for CPU_CntLeadZeros
[...]
    Board\GLCD\GLCD.c                        0x00000000   Number         0  glcd.o ABSOLUTE
    Board\GLCD\HzLib.c                       0x00000000   Number         0  hzlib.o ABSOLUTE
    Board\UART\uart.c                        0x00000000   Number         0  uart.o ABSOLUTE
    Board\\DMA\\funct_dma.c                  0x00000000   Number         0  funct_dma.o ABSOLUTE
    Board\\DMA\\lib_dma.c                    0x00000000   Number         0  lib_dma.o ABSOLUTE
    Board\\GLCD\\GLCD.c                      0x00000000   Number         0  glcd.o ABSOLUTE
    Board\\UART\\uart.c                      0x00000000   Number         0  uart.o ABSOLUTE
    Board\\adc\\IRQ_adc.c                    0x00000000   Number         0  irq_adc.o ABSOLUTE
    Board\\adc\\lib_adc.c                    0x00000000   Number         0  lib_adc.o ABSOLUTE
    Board\\joystick\\funct_joystick.c        0x00000000   Number         0  funct_joystick.o ABSOLUTE
    Board\\joystick\\lib_joystick.c          0x00000000   Number         0  lib_joystick.o ABSOLUTE
    Board\\led\\funct_led.c                  0x00000000   Number         0  funct_led.o ABSOLUTE
    Board\\led\\lib_led.c                    0x00000000   Number         0  lib_led.o ABSOLUTE
    Board\\timer\\IRQ_timer.c                0x00000000   Number         0  irq_timer.o ABSOLUTE
    Board\\timer\\lib_timer.c                0x00000000   Number         0  lib_timer.o ABSOLUTE
    Board\adc\IRQ_adc.c                      0x00000000   Number         0  irq_adc.o ABSOLUTE
    Board\adc\lib_adc.c                      0x00000000   Number         0  lib_adc.o ABSOLUTE
    Board\joystick\funct_joystick.c          0x00000000   Number         0  funct_joystick.o ABSOLUTE
    Board\joystick\lib_joystick.c            0x00000000   Number         0  lib_joystick.o ABSOLUTE
    Board\led\funct_led.c                    0x00000000   Number         0  funct_led.o ABSOLUTE
    Board\led\lib_led.c                      0x00000000   Number         0  lib_led.o ABSOLUTE
    Board\timer\IRQ_timer.c                  0x00000000   Number         0  irq_timer.o ABSOLUTE
    Board\timer\lib_timer.c                  0x00000000   Number         0  lib_timer.o ABSOLUTE
    C:/Users/Eden/AppData/Local/Arm/Packs/Keil/LPC1700_DFP/2.7.1/RTE_Driver/GPIO_LPC17xx.c 0x00000000   Number         0  gpio_lpc17xx.o ABSOLUTE
    C:/Users/Eden/AppData/Local/Arm/Packs/Keil/LPC1700_DFP/2.7.1/RTE_Driver/PIN_LPC17xx.c 0x00000000   Number         0  pin_lpc17xx.o ABSOLUTE
    C:\Users\Eden\AppData\Local\Arm\Packs\Keil\LPC1700_DFP\2.7.1\RTE_Driver\GPIO_LPC17xx.c 0x00000000   Number         0  gpio_lpc17xx.o ABSOLUTE
    C:\Users\Eden\AppData\Local\Arm\Packs\Keil\LPC1700_DFP\2.7.1\RTE_Driver\PIN_LPC17xx.c 0x00000000   Number         0  pin_lpc17xx.o ABSOLUTE
    RTE/Device/LPC1768/startup_LPC17xx.s     0x00000000   Number         0  startup_lpc17xx.o ABSOLUTE
    RTE/Device/LPC1768/system_LPC17xx.c      0x00000000   Number         0  system_lpc17xx.o ABSOLUTE
    RTE\Device\LPC1768\system_LPC17xx.c      0x00000000   Number         0  system_lpc17xx.o ABSOLUTE
    Software\\user\\BSP\\bsp.c               0x00000000   Number         0  bsp.o ABSOLUTE
    Software\\user\\configuration_os\\app_hooks.c 0x00000000   Number         0  app_hooks.o ABSOLUTE
    Software\uC-CPU\ARM-Cortex-M3\cpu_a.s    0x00000000   Number         0  cpu_a.o ABSOLUTE
    Software\uC-CPU\ARM-Cortex-M3\cpu_c.c    0x00000000   Number         0  cpu_c.o ABSOLUTE
    Software\uC-CPU\cpu_core.c               0x00000000   Number         0  cpu_core.o ABSOLUTE
    Software\uC-CSP\LPC1768\csp_gpio.c       0x00000000   Number         0  csp_gpio.o ABSOLUTE
    Software\uC-CSP\LPC1768\csp_int.c        0x00000000   Number         0  csp_int.o ABSOLUTE
    Software\uC-CSP\LPC1768\csp_pm.c         0x00000000   Number         0  csp_pm.o ABSOLUTE
    Software\uC-CSP\LPC1768\csp_tmr.c        0x00000000   Number         0  csp_tmr.o ABSOLUTE
    Software\uC-CSP\csp.c                    0x00000000   Number         0  csp.o ABSOLUTE
    Software\uC-LIB\Ports\ARM-Cortex-M3\lib_mem_a.asm 0x00000000   Number         0  lib_mem_a.o ABSOLUTE
    Software\uC-LIB\lib_ascii.c              0x00000000   Number         0  lib_ascii.o ABSOLUTE
    Software\uC-LIB\lib_math.c               0x00000000   Number         0  lib_math.o ABSOLUTE
    Software\uC-LIB\lib_mem.c                0x00000000   Number         0  lib_mem.o ABSOLUTE
    Software\uC-LIB\lib_str.c                0x00000000   Number         0  lib_str.o ABSOLUTE
    Software\uCOS-III\Ports\ARM-Cortex-M3\CSP\os_csp.c 0x00000000   Number         0  os_csp.o ABSOLUTE
    Software\uCOS-III\Ports\ARM-Cortex-M3\Generic\os_cpu_a.s 0x00000000   Number         0  os_cpu_a.o ABSOLUTE
    Software\uCOS-III\Ports\ARM-Cortex-M3\Generic\os_cpu_c.c 0x00000000   Number         0  os_cpu_c.o ABSOLUTE
    Software\uCOS-III\Source\os_cfg_app.c    0x00000000   Number         0  os_cfg_app.o ABSOLUTE
    Software\uCOS-III\Source\os_core.c       0x00000000   Number         0  os_core.o ABSOLUTE
    Software\uCOS-III\Source\os_dbg.c        0x00000000   Number         0  os_dbg.o ABSOLUTE
    Software\uCOS-III\Source\os_flag.c       0x00000000   Number         0  os_flag.o ABSOLUTE
    Software\uCOS-III\Source\os_int.c        0x00000000   Number         0  os_int.o ABSOLUTE
    Software\uCOS-III\Source\os_mem.c        0x00000000   Number         0  os_mem.o ABSOLUTE
    Software\uCOS-III\Source\os_msg.c        0x00000000   Number         0  os_msg.o ABSOLUTE
    Software\uCOS-III\Source\os_mutex.c      0x00000000   Number         0  os_mutex.o ABSOLUTE
    Software\uCOS-III\Source\os_pend_multi.c 0x00000000   Number         0  os_pend_multi.o ABSOLUTE
    Software\uCOS-III\Source\os_prio.c       0x00000000   Number         0  os_prio.o ABSOLUTE
    Software\uCOS-III\Source\os_q.c          0x00000000   Number         0  os_q.o ABSOLUTE
    Software\uCOS-III\Source\os_sem.c        0x00000000   Number         0  os_sem.o ABSOLUTE
    Software\uCOS-III\Source\os_stat.c       0x00000000   Number         0  os_stat.o ABSOLUTE
    Software\uCOS-III\Source\os_task.c       0x00000000   Number         0  os_task.o ABSOLUTE
    Software\uCOS-III\Source\os_tick.c       0x00000000   Number         0  os_tick.o ABSOLUTE
    Software\uCOS-III\Source\os_time.c       0x00000000   Number         0  os_time.o ABSOLUTE
    Software\uCOS-III\Source\os_tmr.c        0x00000000   Number         0  os_tmr.o ABSOLUTE
    Software\uCOS-III\Source\os_var.c        0x00000000   Number         0  os_var.o ABSOLUTE
    Software\user\BSP\bsp.c                  0x00000000   Number         0  bsp.o ABSOLUTE
    Software\user\BSP\bsp_os.c               0x00000000   Number         0  bsp_os.o ABSOLUTE
    Software\user\configuration_os\app_hooks.c 0x00000000   Number         0  app_hooks.o ABSOLUTE
    Software\user\configuration_os\os_app_hooks.c 0x00000000   Number         0  os_app_hooks.o ABSOLUTE
    dc.s                                     0x00000000   Number         0  dc.o ABSOLUTE
    main.c                                   0x00000000   Number         0  main.o ABSOLUTE
    main.c                                   0x00000000   Number         0  main.o ABSOLUTE
    !!!main                                  0x000000cc   Section        8  __main.o(!!!main)
    !!!scatter                               0x000000d4   Section       52  __scatter.o(!!!scatter)
    !!dczerorl2                              0x00000108   Section       90  __dczerorl2.o(!!dczerorl2)
    !!handler_zi                             0x00000164   Section       28  __scatter_zi.o(!!handler_zi)
    .ARM.Collect$$libinit$$00000000          0x00000180   Section        2  libinit.o(.ARM.Collect$$libinit$$00000000)
    .ARM.Collect$$libinit$$00000002          0x00000182   Section        0  libinit2.o(.ARM.Collect$$libinit$$00000002)
    .ARM.Collect$$libinit$$00000004          0x00000182   Section        0  libinit2.o(.ARM.Collect$$libinit$$00000004)
    .ARM.Collect$$libinit$$0000000A          0x00000182   Section        0  libinit2.o(.ARM.Collect$$libinit$$0000000A)
    .ARM.Collect$$libinit$$0000000C          0x00000182   Section        0  libinit2.o(.ARM.Collect$$libinit$$0000000C)
    .ARM.Collect$$libinit$$0000000E          0x00000182   Section        0  libinit2.o(.ARM.Collect$$libinit$$0000000E)
    .ARM.Collect$$libinit$$00000011          0x00000182   Section        0  libinit2.o(.ARM.Collect$$libinit$$00000011)
    .ARM.Collect$$libinit$$00000013          0x00000182   Section        0  libinit2.o(.ARM.Collect$$libinit$$00000013)
    .ARM.Collect$$libinit$$00000015          0x00000182   Section        0  libinit2.o(.ARM.Collect$$libinit$$00000015)
    .ARM.Collect$$libinit$$00000017          0x00000182   Section        0  libinit2.o(.ARM.Collect$$libinit$$00000017)
    .ARM.Collect$$libinit$$00000019          0x00000182   Section        0  libinit2.o(.ARM.Collect$$libinit$$00000019)
    .ARM.Collect$$libinit$$0000001B          0x00000182   Section        0  libinit2.o(.ARM.Collect$$libinit$$0000001B)
    .ARM.Collect$$libinit$$0000001D          0x00000182   Section        0  libinit2.o(.ARM.Collect$$libinit$$0000001D)
    .ARM.Collect$$libinit$$0000001F          0x00000182   Section        0  libinit2.o(.ARM.Collect$$libinit$$0000001F)
    .ARM.Collect$$libinit$$00000021          0x00000182   Section        0  libinit2.o(.ARM.Collect$$libinit$$00000021)
    .ARM.Collect$$libinit$$00000023          0x00000182   Section        0  libinit2.o(.ARM.Collect$$libinit$$00000023)
    .ARM.Collect$$libinit$$00000025          0x00000182   Section        0  libinit2.o(.ARM.Collect$$libinit$$00000025)
    .ARM.Collect$$libinit$$0000002C          0x00000182   Section        0  libinit2.o(.ARM.Collect$$libinit$$0000002C)
    .ARM.Collect$$libinit$$0000002E          0x00000182   Section        0  libinit2.o(.ARM.Collect$$libinit$$0000002E)
    .ARM.Collect$$libinit$$00000030          0x00000182   Section        0  libinit2.o(.ARM.Collect$$libinit$$00000030)
    .ARM.Collect$$libinit$$00000032          0x00000182   Section        0  libinit2.o(.ARM.Collect$$libinit$$00000032)
    .ARM.Collect$$libinit$$00000033          0x00000182   Section        2  libinit2.o(.ARM.Collect$$libinit$$00000033)
    .ARM.Collect$$libshutdown$$00000000      0x00000184   Section        2  libshutdown.o(.ARM.Collect$$libshutdown$$00000000)
    .ARM.Collect$$libshutdown$$00000002      0x00000186   Section        0  libshutdown2.o(.ARM.Collect$$libshutdown$$00000002)
    .ARM.Collect$$libshutdown$$00000004      0x00000186   Section        0  libshutdown2.o(.ARM.Collect$$libshutdown$$00000004)
    .ARM.Collect$$libshutdown$$00000006      0x00000186   Section        0  libshutdown2.o(.ARM.Collect$$libshutdown$$00000006)
    .ARM.Collect$$libshutdown$$00000009      0x00000186   Section        0  libshutdown2.o(.ARM.Collect$$libshutdown$$00000009)
    .ARM.Collect$$libshutdown$$0000000C      0x00000186   Section        0  libshutdown2.o(.ARM.Collect$$libshutdown$$0000000C)
    .ARM.Collect$$libshutdown$$0000000E      0x00000186   Section        0  libshutdown2.o(.ARM.Collect$$libshutdown$$0000000E)
    .ARM.Collect$$libshutdown$$00000011      0x00000186   Section        0  libshutdown2.o(.ARM.Collect$$libshutdown$$00000011)
    .ARM.Collect$$libshutdown$$00000012      0x00000186   Section        2  libshutdown2.o(.ARM.Collect$$libshutdown$$00000012)
    .ARM.Collect$$rtentry$$00000000          0x00000188   Section        0  __rtentry.o(.ARM.Collect$$rtentry$$00000000)
    .ARM.Collect$$rtentry$$00000002          0x00000188   Section        0  __rtentry2.o(.ARM.Collect$$rtentry$$00000002)
    .ARM.Collect$$rtentry$$00000004          0x00000188   Section        6  __rtentry4.o(.ARM.Collect$$rtentry$$00000004)
    .ARM.Collect$$rtentry$$00000009          0x0000018e   Section        0  __rtentry2.o(.ARM.Collect$$rtentry$$00000009)
    .ARM.Collect$$rtentry$$0000000A          0x0000018e   Section        4  __rtentry2.o(.ARM.Collect$$rtentry$$0000000A)
    .ARM.Collect$$rtentry$$0000000C          0x00000192   Section        0  __rtentry2.o(.ARM.Collect$$rtentry$$0000000C)
    .ARM.Collect$$rtentry$$0000000D          0x00000192   Section        8  __rtentry2.o(.ARM.Collect$$rtentry$$0000000D)
    .ARM.Collect$$rtexit$$00000000           0x0000019a   Section        2  rtexit.o(.ARM.Collect$$rtexit$$00000000)
    .ARM.Collect$$rtexit$$00000002           0x0000019c   Section        0  rtexit2.o(.ARM.Collect$$rtexit$$00000002)
    .ARM.Collect$$rtexit$$00000003           0x0000019c   Section        4  rtexit2.o(.ARM.Collect$$rtexit$$00000003)
    .ARM.Collect$$rtexit$$00000004           0x000001a0   Section        6  rtexit2.o(.ARM.Collect$$rtexit$$00000004)
    .text                                    0x000001a8   Section       52  cpu_a.o(.text)
    .text                                    0x000001dc   Section      132  os_cpu_a.o(.text)
    .text                                    0x00000260   Section       76  startup_lpc17xx.o(.text)
    .text                                    0x000002ac   Section        0  heapauxi.o(.text)
    .text                                    0x000002b2   Section       74  sys_stackheap_outer.o(.text)
    .ARM.__at_0x02FC                         0x000002fc   Section        4  startup_lpc17xx.o(.ARM.__at_0x02FC)
    .text                                    0x00000300   Section        0  exit.o(.text)
    .text                                    0x00000314   Section        8  libspace.o(.text)
    .text                                    0x0000031c   Section        0  sys_exit.o(.text)
    .text                                    0x00000328   Section        2  use_no_semi.o(.text)
    .text                                    0x0000032a   Section        0  indicate_semi.o(.text)
    i.ADC_IRQHandler                         0x0000032c   Section        0  irq_adc.o(i.ADC_IRQHandler)
    i.APP_TSK                                0x00000350   Section        0  main.o(i.APP_TSK)
    APP_TSK                                  0x00000351   Thumb Code    76  main.o(i.APP_TSK)
    i.BSP_IntInit                            0x000003a8   Section        0  bsp_os.o(i.BSP_IntInit)
    i.BSP_Start                              0x000003f4   Section        0  bsp.o(i.BSP_Start)
    i.CPU_Init                               0x00000410   Section        0  cpu_core.o(i.CPU_Init)
    i.CPU_NameClr                            0x0000041c   Section        0  cpu_core.o(i.CPU_NameClr)
    i.CPU_NameInit                           0x0000044c   Section        0  cpu_core.o(i.CPU_NameInit)
    CPU_NameInit                             0x0000044d   Thumb Code     8  cpu_core.o(i.CPU_NameInit)
    i.CPU_TS_Init                            0x00000454   Section        0  cpu_core.o(i.CPU_TS_Init)
    CPU_TS_Init                              0x00000455   Thumb Code    14  cpu_core.o(i.CPU_TS_Init)
    i.CPU_TS_TmrFreqSet                      0x00000468   Section        0  cpu_core.o(i.CPU_TS_TmrFreqSet)
    i.CPU_TS_TmrInit                         0x00000474   Section        0  bsp.o(i.CPU_TS_TmrInit)
    i.CPU_TS_TmrRd                           0x000004a4   Section        0  bsp.o(i.CPU_TS_TmrRd)
    i.CSP_PM_CPU_ClkFreqGet                  0x000004b0   Section        0  csp_pm.o(i.CSP_PM_CPU_ClkFreqGet)
    i.DISPLAY_TSK                            0x00000538   Section        0  main.o(i.DISPLAY_TSK)
    i.DMA_IRQHandler                         0x00000550   Section        0  main.o(i.DMA_IRQHandler)
    i.LCD_Clear                              0x00000564   Section        0  glcd.o(i.LCD_Clear)
    i.LCD_Configuration                      0x00000b54   Section        0  glcd.o(i.LCD_Configuration)
    LCD_Configuration                        0x00000b55   Thumb Code    20  glcd.o(i.LCD_Configuration)
    i.LCD_Initialization                     0x00000b6c   Section        0  glcd.o(i.LCD_Initialization)
    i.LCD_SetCursor                          0x00003a64   Section        0  glcd.o(i.LCD_SetCursor)
    LCD_SetCursor                            0x00003a65   Thumb Code  1356  glcd.o(i.LCD_SetCursor)
    i.LOCK_TSK                               0x00003fb4   Section        0  main.o(i.LOCK_TSK)
    i.Mem_Clr                                0x00003fc2   Section        0  lib_mem.o(i.Mem_Clr)
    i.Mem_Init                               0x00003fd4   Section        0  lib_mem.o(i.Mem_Init)
    i.Mem_Set                                0x0000401c   Section        0  lib_mem.o(i.Mem_Set)
    i.OSCfg_Init                             0x0000407e   Section        0  os_cfg_app.o(i.OSCfg_Init)
    i.OSIdleTaskHook                         0x00004080   Section        0  os_cpu_c.o(i.OSIdleTaskHook)
    i.OSInit                                 0x00004084   Section        0  os_core.o(i.OSInit)
    i.OSInitHook                             0x00004184   Section        0  os_cpu_c.o(i.OSInitHook)
    i.OSIntExit                              0x000041bc   Section        0  os_core.o(i.OSIntExit)
    i.OSSched                                0x000042a0   Section        0  os_core.o(i.OSSched)
    i.OSStart                                0x00004348   Section        0  os_core.o(i.OSStart)
    i.OSTaskCreate                           0x000043b0   Section        0  os_task.o(i.OSTaskCreate)
    i.OSTaskCreateHook                       0x00004518   Section        0  os_cpu_c.o(i.OSTaskCreateHook)
    i.OSTaskReturnHook                       0x0000451a   Section        0  os_cpu_c.o(i.OSTaskReturnHook)
    i.OSTaskSemPend                          0x0000451c   Section        0  os_task.o(i.OSTaskSemPend)
    i.OSTaskSemPost                          0x000046e0   Section        0  os_task.o(i.OSTaskSemPost)
    i.OSTaskStkInit                          0x00004704   Section        0  os_cpu_c.o(i.OSTaskStkInit)
    i.OSTaskSuspend                          0x000047c4   Section        0  os_task.o(i.OSTaskSuspend)
    i.OSTaskSwHook                           0x000047fc   Section        0  os_cpu_c.o(i.OSTaskSwHook)
    i.OSTimeDly                              0x00004850   Section        0  os_time.o(i.OSTimeDly)
    i.OSTimeTick                             0x00004914   Section        0  os_time.o(i.OSTimeTick)
    i.OSTimeTickHook                         0x00004944   Section        0  os_cpu_c.o(i.OSTimeTickHook)
    i.OS_CPU_SysTickHandler                  0x00004948   Section        0  os_cpu_c.o(i.OS_CPU_SysTickHandler)
    i.OS_CPU_SysTickInit                     0x00004980   Section        0  os_cpu_c.o(i.OS_CPU_SysTickInit)
    i.OS_Dbg_Init                            0x000049b0   Section        0  os_dbg.o(i.OS_Dbg_Init)
    i.OS_FlagInit                            0x00004b20   Section        0  os_flag.o(i.OS_FlagInit)
    i.OS_IdleTask                            0x00004b38   Section        0  os_core.o(i.OS_IdleTask)
    i.OS_IdleTaskInit                        0x00004b70   Section        0  os_core.o(i.OS_IdleTaskInit)
    i.OS_MemInit                             0x00004be0   Section        0  os_mem.o(i.OS_MemInit)
    i.OS_MsgPoolInit                         0x00004bf8   Section        0  os_msg.o(i.OS_MsgPoolInit)
    i.OS_MsgQInit                            0x00004c54   Section        0  os_msg.o(i.OS_MsgQInit)
    i.OS_Pend                                0x00004c64   Section        0  os_core.o(i.OS_Pend)
    i.OS_PendDataInit                        0x00004ccc   Section        0  os_core.o(i.OS_PendDataInit)
    i.OS_PendDbgNameAdd                      0x00004cf4   Section        0  os_core.o(i.OS_PendDbgNameAdd)
    i.OS_PendDbgNameRemove                   0x00004d50   Section        0  os_core.o(i.OS_PendDbgNameRemove)
    i.OS_PendListInsertPrio                  0x00004d74   Section        0  os_core.o(i.OS_PendListInsertPrio)
    i.OS_PendListRemove                      0x00004dda   Section        0  os_core.o(i.OS_PendListRemove)
    i.OS_PendListRemove1                     0x00004e0a   Section        0  os_core.o(i.OS_PendListRemove1)
    i.OS_Post                                0x00004e4c   Section        0  os_core.o(i.OS_Post)
    i.OS_Post1                               0x00004f0c   Section        0  os_core.o(i.OS_Post1)
    i.OS_PrioGetHighest                      0x00004f38   Section        0  os_prio.o(i.OS_PrioGetHighest)
    i.OS_PrioInit                            0x00004f60   Section        0  os_prio.o(i.OS_PrioInit)
    i.OS_PrioInsert                          0x00004f78   Section        0  os_prio.o(i.OS_PrioInsert)
    i.OS_PrioRemove                          0x00004f9c   Section        0  os_prio.o(i.OS_PrioRemove)
    i.OS_RdyListInit                         0x00004fc0   Section        0  os_core.o(i.OS_RdyListInit)
    i.OS_RdyListInsert                       0x00004fe4   Section        0  os_core.o(i.OS_RdyListInsert)
    i.OS_RdyListInsertHead                   0x00005010   Section        0  os_core.o(i.OS_RdyListInsertHead)
    i.OS_RdyListInsertTail                   0x00005050   Section        0  os_core.o(i.OS_RdyListInsertTail)
    i.OS_RdyListMoveHeadToTail               0x0000508c   Section        0  os_core.o(i.OS_RdyListMoveHeadToTail)
    i.OS_RdyListRemove                       0x000050d0   Section        0  os_core.o(i.OS_RdyListRemove)
    i.OS_SchedRoundRobin                     0x0000512c   Section        0  os_core.o(i.OS_SchedRoundRobin)
    i.OS_SemInit                             0x000051fc   Section        0  os_sem.o(i.OS_SemInit)
    i.OS_TaskBlock                           0x00005214   Section        0  os_core.o(i.OS_TaskBlock)
    i.OS_TaskDbgListAdd                      0x0000524c   Section        0  os_task.o(i.OS_TaskDbgListAdd)
    i.OS_TaskInit                            0x0000527c   Section        0  os_task.o(i.OS_TaskInit)
    i.OS_TaskInitTCB                         0x0000529c   Section        0  os_task.o(i.OS_TaskInitTCB)
    i.OS_TaskRdy                             0x0000535c   Section        0  os_core.o(i.OS_TaskRdy)
    i.OS_TaskReturn                          0x00005378   Section        0  os_task.o(i.OS_TaskReturn)
    i.OS_TaskSemPost                         0x0000539c   Section        0  os_task.o(i.OS_TaskSemPost)
    i.OS_TaskSuspend                         0x00005560   Section        0  os_task.o(i.OS_TaskSuspend)
    i.OS_TickListInit                        0x00005678   Section        0  os_tick.o(i.OS_TickListInit)
    i.OS_TickListInsert                      0x000056a0   Section        0  os_tick.o(i.OS_TickListInsert)
    i.OS_TickListRemove                      0x0000585c   Section        0  os_tick.o(i.OS_TickListRemove)
    i.OS_TickListUpdate                      0x00005894   Section        0  os_tick.o(i.OS_TickListUpdate)
    i.OS_TickTask                            0x00005a1c   Section        0  os_tick.o(i.OS_TickTask)
    i.OS_TickTaskInit                        0x00005a48   Section        0  os_tick.o(i.OS_TickTaskInit)
    i.SystemInit                             0x00005b00   Section        0  system_lpc17xx.o(i.SystemInit)
    i.TIMER0_IRQHandler                      0x00005c40   Section        0  irq_timer.o(i.TIMER0_IRQHandler)
    i.TIMER1_IRQHandler                      0x00005c84   Section        0  irq_timer.o(i.TIMER1_IRQHandler)
    i.TIMER2_IRQHandler                      0x00005c90   Section        0  irq_timer.o(i.TIMER2_IRQHandler)
    i.TIMER3_IRQHandler                      0x00005c9c   Section        0  irq_timer.o(i.TIMER3_IRQHandler)
    i.UART2_IRQHandler                       0x00005cb0   Section        0  uart.o(i.UART2_IRQHandler)
    i.delay_ms                               0x00005cb2   Section        0  glcd.o(i.delay_ms)
    delay_ms                                 0x00005cb3   Thumb Code    30  glcd.o(i.delay_ms)
    i.enable_timer                           0x00005cd0   Section        0  lib_timer.o(i.enable_timer)
    i.init_DMA                               0x00005d0c   Section        0  lib_dma.o(i.init_DMA)
    i.init_uart                              0x00005d5c   Section        0  uart.o(i.init_uart)
    i.main                                   0x00005ecc   Section        0  main.o(i.main)
    i.tostring                               0x00005fcc   Section        0  main.o(i.tostring)
    tostring                                 0x00005fcd   Thumb Code    80  main.o(i.tostring)
    i.transfer_DMA                           0x0000601c   Section        0  funct_dma.o(i.transfer_DMA)
    i.wait_delay                             0x00006104   Section        0  glcd.o(i.wait_delay)
    wait_delay                               0x00006105   Thumb Code    12  glcd.o(i.wait_delay)
    .constdata                               0x00006110   Section      164  os_cfg_app.o(.constdata)
    .constdata                               0x000061b4   Section      364  os_dbg.o(.constdata)
    .bss                                     0x10000000   Section    15432  lib_mem.o(.bss)
    .data                                    0x2007c000   Section       15  main.o(.data)
    .data                                    0x2007c010   Section        4  cpu_core.o(.data)
    .data                                    0x2007c014   Section        4  lib_mem.o(.data)
    .data                                    0x2007c018   Section        8  os_prio.o(.data)
    .data                                    0x2007c020   Section       72  os_var.o(.data)
    .data                                    0x2007c068   Section        4  os_cpu_c.o(.data)
    .data                                    0x2007c06c   Section        8  irq_adc.o(.data)
    .data                                    0x2007c074   Section        1  glcd.o(.data)
    LCD_Code                                 0x2007c074   Data           1  glcd.o(.data)
    .data                                    0x2007c078   Section      232  irq_timer.o(.data)
    ticks                                    0x2007c15c   Data           4  irq_timer.o(.data)
    .bss                                     0x2007c160   Section     3624  main.o(.bss)
    APP_TSK_TCB                              0x2007c160   Data         184  main.o(.bss)
    LOCK_TSK_TCB                             0x2007c218   Data         184  main.o(.bss)
    DISPLAY_TSK_TCB                          0x2007c2d0   Data         184  main.o(.bss)
    APP_TSK_STACK                            0x2007c388   Data        1024  main.o(.bss)
    LOCK_TSK_STACK                           0x2007c788   Data        1024  main.o(.bss)
    DISPLAY_TSK_STACK                        0x2007cb88   Data        1024  main.o(.bss)
    .bss                                     0x2007d000   Section      192  bsp_os.o(.bss)
    .bss                                     0x2007d0c0   Section       16  cpu_core.o(.bss)
    .bss                                     0x2007d0d0   Section     9376  os_cfg_app.o(.bss)
    .bss                                     0x2007f570   Section     1148  os_var.o(.bss)
    .bss                                     0x2007f9ec   Section       96  libspace.o(.bss)
    HEAP                                     0x2007fa50   Section        0  startup_lpc17xx.o(HEAP)
    STACK                                    0x2007fa50   Section      512  startup_lpc17xx.o(STACK)
    Heap_Mem                                 0x2007fa50   Data           0  startup_lpc17xx.o(HEAP)
    Stack_Mem                                0x2007fa50   Data         512  startup_lpc17xx.o(STACK)
    __initial_sp                             0x2007fc50   Data           0  startup_lpc17xx.o(STACK)

    Global Symbols

    Symbol Name                              Value     Ov Type        Size  Object(Section)

    BuildAttributes$$THM_ISAv4$P$D$K$B$S$PE$A:L22UL41UL21$X:L11$S22US41US21$IEEE1$IW$USESV6$~STKCKD$USESV7$~SHL$OSPACE$ROPI$EBA8$UX$STANDARDLIB$REQ8$PRES8$EABIv2 0x00000000   Number         0  anon$$obj.o ABSOLUTE
    __ARM_use_no_argv                        0x00000000   Number         0  main.o ABSOLUTE
    __Vectors                                0x00000000   Data           4  startup_lpc17xx.o(RESET)
    __ARM_exceptions_init                     - Undefined Weak Reference
    __alloca_initialize                       - Undefined Weak Reference
    __arm_fini_                               - Undefined Weak Reference
    __arm_preinit_                            - Undefined Weak Reference
    __cpp_initialize__aeabi_                  - Undefined Weak Reference
    __cxa_finalize                            - Undefined Weak Reference
    __rt_locale                               - Undefined Weak Reference
    __sigvec_lookup                           - Undefined Weak Reference
    _atexit_init                              - Undefined Weak Reference
    _call_atexit_fns                          - Undefined Weak Reference
    _clock_init                               - Undefined Weak Reference
    _fp_trap_init                             - Undefined Weak Reference
    _fp_trap_shutdown                         - Undefined Weak Reference
    _get_lc_collate                           - Undefined Weak Reference
    _get_lc_ctype                             - Undefined Weak Reference
    _get_lc_monetary                          - Undefined Weak Reference
    _get_lc_numeric                           - Undefined Weak Reference
    _get_lc_time                              - Undefined Weak Reference
    _getenv_init                              - Undefined Weak Reference
    _handle_redirection                       - Undefined Weak Reference
    _init_alloc                               - Undefined Weak Reference
    _init_user_alloc                          - Undefined Weak Reference
    _initio                                   - Undefined Weak Reference
    _rand_init                                - Undefined Weak Reference
    _signal_finish                            - Undefined Weak Reference
    _signal_init                              - Undefined Weak Reference
    _terminate_alloc                          - Undefined Weak Reference
    _terminate_user_alloc                     - Undefined Weak Reference
    _terminateio                              - Undefined Weak Reference
    __main                                   0x000000cd   Thumb Code     8  __main.o(!!!main)
    __scatterload                            0x000000d5   Thumb Code     0  __scatter.o(!!!scatter)
    __scatterload_rt2                        0x000000d5   Thumb Code    44  __scatter.o(!!!scatter)
    __scatterload_rt2_thumb_only             0x000000d5   Thumb Code     0  __scatter.o(!!!scatter)
    __scatterload_null                       0x000000e3   Thumb Code     0  __scatter.o(!!!scatter)
    __decompress                             0x00000109   Thumb Code    90  __dczerorl2.o(!!dczerorl2)
    __decompress1                            0x00000109   Thumb Code     0  __dczerorl2.o(!!dczerorl2)
    __scatterload_zeroinit                   0x00000165   Thumb Code    28  __scatter_zi.o(!!handler_zi)
    __rt_lib_init                            0x00000181   Thumb Code     0  libinit.o(.ARM.Collect$$libinit$$00000000)
    __rt_lib_init_alloca_1                   0x00000183   Thumb Code     0  libinit2.o(.ARM.Collect$$libinit$$0000002E)
    __rt_lib_init_argv_1                     0x00000183   Thumb Code     0  libinit2.o(.ARM.Collect$$libinit$$0000002C)
    __rt_lib_init_atexit_1                   0x00000183   Thumb Code     0  libinit2.o(.ARM.Collect$$libinit$$0000001B)
    __rt_lib_init_clock_1                    0x00000183   Thumb Code     0  libinit2.o(.ARM.Collect$$libinit$$00000021)
    __rt_lib_init_cpp_1                      0x00000183   Thumb Code     0  libinit2.o(.ARM.Collect$$libinit$$00000032)
    __rt_lib_init_exceptions_1               0x00000183   Thumb Code     0  libinit2.o(.ARM.Collect$$libinit$$00000030)
    __rt_lib_init_fp_1                       0x00000183   Thumb Code     0  libinit2.o(.ARM.Collect$$libinit$$00000002)
    __rt_lib_init_fp_trap_1                  0x00000183   Thumb Code     0  libinit2.o(.ARM.Collect$$libinit$$0000001F)
    __rt_lib_init_getenv_1                   0x00000183   Thumb Code     0  libinit2.o(.ARM.Collect$$libinit$$00000023)
    __rt_lib_init_heap_1                     0x00000183   Thumb Code     0  libinit2.o(.ARM.Collect$$libinit$$0000000A)
    __rt_lib_init_lc_collate_1               0x00000183   Thumb Code     0  libinit2.o(.ARM.Collect$$libinit$$00000011)
    __rt_lib_init_lc_ctype_1                 0x00000183   Thumb Code     0  libinit2.o(.ARM.Collect$$libinit$$00000013)
    __rt_lib_init_lc_monetary_1              0x00000183   Thumb Code     0  libinit2.o(.ARM.Collect$$libinit$$00000015)
    __rt_lib_init_lc_numeric_1               0x00000183   Thumb Code     0  libinit2.o(.ARM.Collect$$libinit$$00000017)
    __rt_lib_init_lc_time_1                  0x00000183   Thumb Code     0  libinit2.o(.ARM.Collect$$libinit$$00000019)
    __rt_lib_init_preinit_1                  0x00000183   Thumb Code     0  libinit2.o(.ARM.Collect$$libinit$$00000004)
    __rt_lib_init_rand_1                     0x00000183   Thumb Code     0  libinit2.o(.ARM.Collect$$libinit$$0000000E)
    __rt_lib_init_return                     0x00000183   Thumb Code     0  libinit2.o(.ARM.Collect$$libinit$$00000033)
    __rt_lib_init_signal_1                   0x00000183   Thumb Code     0  libinit2.o(.ARM.Collect$$libinit$$0000001D)
    __rt_lib_init_stdio_1                    0x00000183   Thumb Code     0  libinit2.o(.ARM.Collect$$libinit$$00000025)
    __rt_lib_init_user_alloc_1               0x00000183   Thumb Code     0  libinit2.o(.ARM.Collect$$libinit$$0000000C)
    __rt_lib_shutdown                        0x00000185   Thumb Code     0  libshutdown.o(.ARM.Collect$$libshutdown$$00000000)
    __rt_lib_shutdown_cpp_1                  0x00000187   Thumb Code     0  libshutdown2.o(.ARM.Collect$$libshutdown$$00000004)
    __rt_lib_shutdown_fini_1                 0x00000187   Thumb Code     0  libshutdown2.o(.ARM.Collect$$libshutdown$$00000002)
    __rt_lib_shutdown_fp_trap_1              0x00000187   Thumb Code     0  libshutdown2.o(.ARM.Collect$$libshutdown$$00000009)
    __rt_lib_shutdown_heap_1                 0x00000187   Thumb Code     0  libshutdown2.o(.ARM.Collect$$libshutdown$$00000011)
    __rt_lib_shutdown_return                 0x00000187   Thumb Code     0  libshutdown2.o(.ARM.Collect$$libshutdown$$00000012)
    __rt_lib_shutdown_signal_1               0x00000187   Thumb Code     0  libshutdown2.o(.ARM.Collect$$libshutdown$$0000000C)
    __rt_lib_shutdown_stdio_1                0x00000187   Thumb Code     0  libshutdown2.o(.ARM.Collect$$libshutdown$$00000006)
    __rt_lib_shutdown_user_alloc_1           0x00000187   Thumb Code     0  libshutdown2.o(.ARM.Collect$$libshutdown$$0000000E)
    __rt_entry                               0x00000189   Thumb Code     0  __rtentry.o(.ARM.Collect$$rtentry$$00000000)
    __rt_entry_presh_1                       0x00000189   Thumb Code     0  __rtentry2.o(.ARM.Collect$$rtentry$$00000002)
    __rt_entry_sh                            0x00000189   Thumb Code     0  __rtentry4.o(.ARM.Collect$$rtentry$$00000004)
    __rt_entry_li                            0x0000018f   Thumb Code     0  __rtentry2.o(.ARM.Collect$$rtentry$$0000000A)
    __rt_entry_postsh_1                      0x0000018f   Thumb Code     0  __rtentry2.o(.ARM.Collect$$rtentry$$00000009)
    __rt_entry_main                          0x00000193   Thumb Code     0  __rtentry2.o(.ARM.Collect$$rtentry$$0000000D)
    __rt_entry_postli_1                      0x00000193   Thumb Code     0  __rtentry2.o(.ARM.Collect$$rtentry$$0000000C)
    __rt_exit                                0x0000019b   Thumb Code     0  rtexit.o(.ARM.Collect$$rtexit$$00000000)
    __rt_exit_ls                             0x0000019d   Thumb Code     0  rtexit2.o(.ARM.Collect$$rtexit$$00000003)
    __rt_exit_prels_1                        0x0000019d   Thumb Code     0  rtexit2.o(.ARM.Collect$$rtexit$$00000002)
    __rt_exit_exit                           0x000001a1   Thumb Code     0  rtexit2.o(.ARM.Collect$$rtexit$$00000004)
    CPU_IntDis                               0x000001a9   Thumb Code     4  cpu_a.o(.text)
    CPU_IntEn                                0x000001ad   Thumb Code     4  cpu_a.o(.text)
    CPU_SR_Save                              0x000001b1   Thumb Code     8  cpu_a.o(.text)
    CPU_SR_Restore                           0x000001b9   Thumb Code     6  cpu_a.o(.text)
    CPU_WaitForInt                           0x000001bf   Thumb Code     4  cpu_a.o(.text)
    CPU_WaitForExcept                        0x000001c3   Thumb Code     4  cpu_a.o(.text)
    CPU_CntLeadZeros                         0x000001c7   Thumb Code     6  cpu_a.o(.text)
    CPU_CntTrailZeros                        0x000001cd   Thumb Code    10  cpu_a.o(.text)
    CPU_RevBits                              0x000001d7   Thumb Code     6  cpu_a.o(.text)
    OSStartHighRdy                           0x000001dd   Thumb Code    34  os_cpu_a.o(.text)
    OS_CPU_PendSVHandler                     0x000001ff   Thumb Code    20  os_cpu_a.o(.text)
    Reset_Handler                            0x00000261   Thumb Code     4  startup_lpc17xx.o(.text)
    App_NMI_Handler                          0x00000265   Thumb Code     2  startup_lpc17xx.o(.text)
    App_HardFault_Handler                    0x00000267   Thumb Code    18  startup_lpc17xx.o(.text)
    App_MemManage_Handler                    0x00000279   Thumb Code     2  startup_lpc17xx.o(.text)
    App_BusFault_Handler                     0x0000027b   Thumb Code     2  startup_lpc17xx.o(.text)
    App_UsageFault_Handler                   0x0000027d   Thumb Code     2  startup_lpc17xx.o(.text)
    SVC_Handler                              0x0000027f   Thumb Code     2  startup_lpc17xx.o(.text)
    DebugMon_Handler                         0x00000281   Thumb Code     2  startup_lpc17xx.o(.text)
    BOD_IRQHandler                           0x00000287   Thumb Code     0  startup_lpc17xx.o(.text)
    CANActivity_IRQHandler                   0x00000287   Thumb Code     0  startup_lpc17xx.o(.text)
    CAN_IRQHandler                           0x00000287   Thumb Code     0  startup_lpc17xx.o(.text)
    EINT0_IRQHandler                         0x00000287   Thumb Code     0  startup_lpc17xx.o(.text)
    EINT1_IRQHandler                         0x00000287   Thumb Code     0  startup_lpc17xx.o(.text)
    EINT2_IRQHandler                         0x00000287   Thumb Code     0  startup_lpc17xx.o(.text)
    EINT3_IRQHandler                         0x00000287   Thumb Code     0  startup_lpc17xx.o(.text)
    ENET_IRQHandler                          0x00000287   Thumb Code     0  startup_lpc17xx.o(.text)
    I2C0_IRQHandler                          0x00000287   Thumb Code     0  startup_lpc17xx.o(.text)
    I2C1_IRQHandler                          0x00000287   Thumb Code     0  startup_lpc17xx.o(.text)
    I2C2_IRQHandler                          0x00000287   Thumb Code     0  startup_lpc17xx.o(.text)
    I2S_IRQHandler                           0x00000287   Thumb Code     0  startup_lpc17xx.o(.text)
    MCPWM_IRQHandler                         0x00000287   Thumb Code     0  startup_lpc17xx.o(.text)
    PLL0_IRQHandler                          0x00000287   Thumb Code     0  startup_lpc17xx.o(.text)
    PLL1_IRQHandler                          0x00000287   Thumb Code     0  startup_lpc17xx.o(.text)
    PWM1_IRQHandler                          0x00000287   Thumb Code     0  startup_lpc17xx.o(.text)
    QEI_IRQHandler                           0x00000287   Thumb Code     0  startup_lpc17xx.o(.text)
    RIT_IRQHandler                           0x00000287   Thumb Code     0  startup_lpc17xx.o(.text)
    RTC_IRQHandler                           0x00000287   Thumb Code     0  startup_lpc17xx.o(.text)
    SPI_IRQHandler                           0x00000287   Thumb Code     0  startup_lpc17xx.o(.text)
    SSP0_IRQHandler                          0x00000287   Thumb Code     0  startup_lpc17xx.o(.text)
    SSP1_IRQHandler                          0x00000287   Thumb Code     0  startup_lpc17xx.o(.text)
    UART0_IRQHandler                         0x00000287   Thumb Code     0  startup_lpc17xx.o(.text)
    UART1_IRQHandler                         0x00000287   Thumb Code     0  startup_lpc17xx.o(.text)
    UART3_IRQHandler                         0x00000287   Thumb Code     0  startup_lpc17xx.o(.text)
    USBActivity_IRQHandler                   0x00000287   Thumb Code     0  startup_lpc17xx.o(.text)
    USB_IRQHandler                           0x00000287   Thumb Code     0  startup_lpc17xx.o(.text)
    WDT_IRQHandler                           0x00000287   Thumb Code     0  startup_lpc17xx.o(.text)
    __user_initial_stackheap                 0x00000289   Thumb Code     0  startup_lpc17xx.o(.text)
    __use_two_region_memory                  0x000002ad   Thumb Code     2  heapauxi.o(.text)
    __rt_heap_escrow$2region                 0x000002af   Thumb Code     2  heapauxi.o(.text)
    __rt_heap_expand$2region                 0x000002b1   Thumb Code     2  heapauxi.o(.text)
    __user_setup_stackheap                   0x000002b3   Thumb Code    74  sys_stackheap_outer.o(.text)
    exit                                     0x00000301   Thumb Code    18  exit.o(.text)
    __user_libspace                          0x00000315   Thumb Code     8  libspace.o(.text)
    __user_perproc_libspace                  0x00000315   Thumb Code     0  libspace.o(.text)
    __user_perthread_libspace                0x00000315   Thumb Code     0  libspace.o(.text)
    _sys_exit                                0x0000031d   Thumb Code     8  sys_exit.o(.text)
    __I$use$semihosting                      0x00000329   Thumb Code     0  use_no_semi.o(.text)
    __use_no_semihosting_swi                 0x00000329   Thumb Code     2  use_no_semi.o(.text)
    __semihosting_library_function           0x0000032b   Thumb Code     0  indicate_semi.o(.text)
    ADC_IRQHandler                           0x0000032d   Thumb Code    22  irq_adc.o(i.ADC_IRQHandler)
    BSP_IntInit                              0x000003a9   Thumb Code    66  bsp_os.o(i.BSP_IntInit)
    BSP_Start                                0x000003f5   Thumb Code    24  bsp.o(i.BSP_Start)
    CPU_Init                                 0x00000411   Thumb Code    12  cpu_core.o(i.CPU_Init)
    CPU_NameClr                              0x0000041d   Thumb Code    42  cpu_core.o(i.CPU_NameClr)
    CPU_TS_TmrFreqSet                        0x00000469   Thumb Code     6  cpu_core.o(i.CPU_TS_TmrFreqSet)
    CPU_TS_TmrInit                           0x00000475   Thumb Code    40  bsp.o(i.CPU_TS_TmrInit)
    CPU_TS_TmrRd                             0x000004a5   Thumb Code     6  bsp.o(i.CPU_TS_TmrRd)
    CSP_PM_CPU_ClkFreqGet                    0x000004b1   Thumb Code   118  csp_pm.o(i.CSP_PM_CPU_ClkFreqGet)
    DISPLAY_TSK                              0x00000539   Thumb Code    20  main.o(i.DISPLAY_TSK)
    DMA_IRQHandler                           0x00000551   Thumb Code    16  main.o(i.DMA_IRQHandler)
    LCD_Clear                                0x00000565   Thumb Code  1514  glcd.o(i.LCD_Clear)
    LCD_Initialization                       0x00000b6d   Thumb Code 12020  glcd.o(i.LCD_Initialization)
    LOCK_TSK                                 0x00003fb5   Thumb Code    14  main.o(i.LOCK_TSK)
    Mem_Clr                                  0x00003fc3   Thumb Code    18  lib_mem.o(i.Mem_Clr)
    Mem_Init                                 0x00003fd5   Thumb Code    54  lib_mem.o(i.Mem_Init)
    Mem_Set                                  0x0000401d   Thumb Code    98  lib_mem.o(i.Mem_Set)
    OSCfg_Init                               0x0000407f   Thumb Code     2  os_cfg_app.o(i.OSCfg_Init)
    OSIdleTaskHook                           0x00004081   Thumb Code     2  os_cpu_c.o(i.OSIdleTaskHook)
    OSInit                                   0x00004085   Thumb Code   200  os_core.o(i.OSInit)
    OSInitHook                               0x00004185   Thumb Code    42  os_cpu_c.o(i.OSInitHook)
    OSIntExit                                0x000041bd   Thumb Code   192  os_core.o(i.OSIntExit)
    OSSched                                  0x000042a1   Thumb Code   134  os_core.o(i.OSSched)
    OSStart                                  0x00004349   Thumb Code    78  os_core.o(i.OSStart)
    OSTaskCreate                             0x000043b1   Thumb Code   340  os_task.o(i.OSTaskCreate)
    OSTaskCreateHook                         0x00004519   Thumb Code     2  os_cpu_c.o(i.OSTaskCreateHook)
    OSTaskReturnHook                         0x0000451b   Thumb Code     2  os_cpu_c.o(i.OSTaskReturnHook)
    OSTaskSemPend                            0x0000451d   Thumb Code   438  os_task.o(i.OSTaskSemPend)
    OSTaskSemPost                            0x000046e1   Thumb Code    36  os_task.o(i.OSTaskSemPost)
    OSTaskStkInit                            0x00004705   Thumb Code   188  os_cpu_c.o(i.OSTaskStkInit)
    OSTaskSuspend                            0x000047c5   Thumb Code    48  os_task.o(i.OSTaskSuspend)
    OSTaskSwHook                             0x000047fd   Thumb Code    74  os_cpu_c.o(i.OSTaskSwHook)
    OSTimeDly                                0x00004851   Thumb Code   182  os_time.o(i.OSTimeDly)
    OSTimeTick                               0x00004915   Thumb Code    36  os_time.o(i.OSTimeTick)
    OSTimeTickHook                           0x00004945   Thumb Code     2  os_cpu_c.o(i.OSTimeTickHook)
    OS_CPU_SysTickHandler                    0x00004949   Thumb Code    52  os_cpu_c.o(i.OS_CPU_SysTickHandler)
    OS_CPU_SysTickInit                       0x00004981   Thumb Code    44  os_cpu_c.o(i.OS_CPU_SysTickInit)
    OS_Dbg_Init                              0x000049b1   Thumb Code   128  os_dbg.o(i.OS_Dbg_Init)
    OS_FlagInit                              0x00004b21   Thumb Code    14  os_flag.o(i.OS_FlagInit)
    OS_IdleTask                              0x00004b39   Thumb Code    50  os_core.o(i.OS_IdleTask)
    OS_IdleTaskInit                          0x00004b71   Thumb Code    66  os_core.o(i.OS_IdleTaskInit)
    OS_MemInit                               0x00004be1   Thumb Code    14  os_mem.o(i.OS_MemInit)
    OS_MsgPoolInit                           0x00004bf9   Thumb Code    80  os_msg.o(i.OS_MsgPoolInit)
    OS_MsgQInit                              0x00004c55   Thumb Code    14  os_msg.o(i.OS_MsgQInit)
    OS_Pend                                  0x00004c65   Thumb Code    98  os_core.o(i.OS_Pend)
    OS_PendDataInit                          0x00004ccd   Thumb Code    38  os_core.o(i.OS_PendDataInit)
    OS_PendDbgNameAdd                        0x00004cf5   Thumb Code    66  os_core.o(i.OS_PendDbgNameAdd)
    OS_PendDbgNameRemove                     0x00004d51   Thumb Code    30  os_core.o(i.OS_PendDbgNameRemove)
    OS_PendListInsertPrio                    0x00004d75   Thumb Code   102  os_core.o(i.OS_PendListInsertPrio)
    OS_PendListRemove                        0x00004ddb   Thumb Code    48  os_core.o(i.OS_PendListRemove)
    OS_PendListRemove1                       0x00004e0b   Thumb Code    66  os_core.o(i.OS_PendListRemove1)
    OS_Post                                  0x00004e4d   Thumb Code   192  os_core.o(i.OS_Post)
    OS_Post1                                 0x00004f0d   Thumb Code    42  os_core.o(i.OS_Post1)
    OS_PrioGetHighest                        0x00004f39   Thumb Code    36  os_prio.o(i.OS_PrioGetHighest)
    OS_PrioInit                              0x00004f61   Thumb Code    20  os_prio.o(i.OS_PrioInit)
    OS_PrioInsert                            0x00004f79   Thumb Code    32  os_prio.o(i.OS_PrioInsert)
    OS_PrioRemove                            0x00004f9d   Thumb Code    32  os_prio.o(i.OS_PrioRemove)
    OS_RdyListInit                           0x00004fc1   Thumb Code    32  os_core.o(i.OS_RdyListInit)
    OS_RdyListInsert                         0x00004fe5   Thumb Code    40  os_core.o(i.OS_RdyListInsert)
    OS_RdyListInsertHead                     0x00005011   Thumb Code    58  os_core.o(i.OS_RdyListInsertHead)
    OS_RdyListInsertTail                     0x00005051   Thumb Code    56  os_core.o(i.OS_RdyListInsertTail)
    OS_RdyListMoveHeadToTail                 0x0000508d   Thumb Code    68  os_core.o(i.OS_RdyListMoveHeadToTail)
    OS_RdyListRemove                         0x000050d1   Thumb Code    86  os_core.o(i.OS_RdyListRemove)
    OS_SchedRoundRobin                       0x0000512d   Thumb Code   190  os_core.o(i.OS_SchedRoundRobin)
    OS_SemInit                               0x000051fd   Thumb Code    14  os_sem.o(i.OS_SemInit)
    OS_TaskBlock                             0x00005215   Thumb Code    56  os_core.o(i.OS_TaskBlock)
    OS_TaskDbgListAdd                        0x0000524d   Thumb Code    42  os_task.o(i.OS_TaskDbgListAdd)
    OS_TaskInit                              0x0000527d   Thumb Code    18  os_task.o(i.OS_TaskInit)
    OS_TaskInitTCB                           0x0000529d   Thumb Code   178  os_task.o(i.OS_TaskInitTCB)
    OS_TaskRdy                               0x0000535d   Thumb Code    28  os_core.o(i.OS_TaskRdy)
    OS_TaskReturn                            0x00005379   Thumb Code    26  os_task.o(i.OS_TaskReturn)
    OS_TaskSemPost                           0x0000539d   Thumb Code   448  os_task.o(i.OS_TaskSemPost)
    OS_TaskSuspend                           0x00005561   Thumb Code   272  os_task.o(i.OS_TaskSuspend)
    OS_TickListInit                          0x00005679   Thumb Code    32  os_tick.o(i.OS_TickListInit)
    OS_TickListInsert                        0x000056a1   Thumb Code   430  os_tick.o(i.OS_TickListInsert)
    OS_TickListRemove                        0x0000585d   Thumb Code    56  os_tick.o(i.OS_TickListRemove)
    OS_TickListUpdate                        0x00005895   Thumb Code   376  os_tick.o(i.OS_TickListUpdate)
    OS_TickTask                              0x00005a1d   Thumb Code    38  os_tick.o(i.OS_TickTask)
    OS_TickTaskInit                          0x00005a49   Thumb Code   128  os_tick.o(i.OS_TickTaskInit)
    SystemInit                               0x00005b01   Thumb Code   302  system_lpc17xx.o(i.SystemInit)
    TIMER0_IRQHandler                        0x00005c41   Thumb Code    54  irq_timer.o(i.TIMER0_IRQHandler)
    TIMER1_IRQHandler                        0x00005c85   Thumb Code     8  irq_timer.o(i.TIMER1_IRQHandler)
    TIMER2_IRQHandler                        0x00005c91   Thumb Code     8  irq_timer.o(i.TIMER2_IRQHandler)
    TIMER3_IRQHandler                        0x00005c9d   Thumb Code    16  irq_timer.o(i.TIMER3_IRQHandler)
    UART2_IRQHandler                         0x00005cb1   Thumb Code     2  uart.o(i.UART2_IRQHandler)
    enable_timer                             0x00005cd1   Thumb Code    48  lib_timer.o(i.enable_timer)
    init_DMA                                 0x00005d0d   Thumb Code    70  lib_dma.o(i.init_DMA)
    init_uart                                0x00005d5d   Thumb Code   342  uart.o(i.init_uart)
    main                                     0x00005ecd   Thumb Code   186  main.o(i.main)
    transfer_DMA                             0x0000601d   Thumb Code   222  funct_dma.o(i.transfer_DMA)
    OSCfg_IdleTaskStkBasePtr                 0x00006110   Data           4  os_cfg_app.o(.constdata)
    OSCfg_IdleTaskStkLimit                   0x00006114   Data           4  os_cfg_app.o(.constdata)
    OSCfg_IdleTaskStkSize                    0x00006118   Data           4  os_cfg_app.o(.constdata)
    OSCfg_IdleTaskStkSizeRAM                 0x0000611c   Data           4  os_cfg_app.o(.constdata)
    OSCfg_IntQBasePtr                        0x00006120   Data           4  os_cfg_app.o(.constdata)
    OSCfg_IntQSize                           0x00006124   Data           2  os_cfg_app.o(.constdata)
    OSCfg_IntQSizeRAM                        0x00006128   Data           4  os_cfg_app.o(.constdata)
    OSCfg_IntQTaskStkBasePtr                 0x0000612c   Data           4  os_cfg_app.o(.constdata)
    OSCfg_IntQTaskStkLimit                   0x00006130   Data           4  os_cfg_app.o(.constdata)
    OSCfg_IntQTaskStkSize                    0x00006134   Data           4  os_cfg_app.o(.constdata)
    OSCfg_IntQTaskStkSizeRAM                 0x00006138   Data           4  os_cfg_app.o(.constdata)
    OSCfg_ISRStkBasePtr                      0x0000613c   Data           4  os_cfg_app.o(.constdata)
    OSCfg_ISRStkSize                         0x00006140   Data           4  os_cfg_app.o(.constdata)
    OSCfg_ISRStkSizeRAM                      0x00006144   Data           4  os_cfg_app.o(.constdata)
    OSCfg_MsgPoolSize                        0x00006148   Data           2  os_cfg_app.o(.constdata)
    OSCfg_MsgPoolSizeRAM                     0x0000614c   Data           4  os_cfg_app.o(.constdata)
    OSCfg_MsgPoolBasePtr                     0x00006150   Data           4  os_cfg_app.o(.constdata)
    OSCfg_StatTaskPrio                       0x00006154   Data           1  os_cfg_app.o(.constdata)
    OSCfg_StatTaskRate_Hz                    0x00006158   Data           4  os_cfg_app.o(.constdata)
    OSCfg_StatTaskStkBasePtr                 0x0000615c   Data           4  os_cfg_app.o(.constdata)
    OSCfg_StatTaskStkLimit                   0x00006160   Data           4  os_cfg_app.o(.constdata)
    OSCfg_StatTaskStkSize                    0x00006164   Data           4  os_cfg_app.o(.constdata)
    OSCfg_StatTaskStkSizeRAM                 0x00006168   Data           4  os_cfg_app.o(.constdata)
    OSCfg_StkSizeMin                         0x0000616c   Data           4  os_cfg_app.o(.constdata)
    OSCfg_TickRate_Hz                        0x00006170   Data           4  os_cfg_app.o(.constdata)
    OSCfg_TickTaskPrio                       0x00006174   Data           1  os_cfg_app.o(.constdata)
    OSCfg_TickTaskStkBasePtr                 0x00006178   Data           4  os_cfg_app.o(.constdata)
    OSCfg_TickTaskStkLimit                   0x0000617c   Data           4  os_cfg_app.o(.constdata)
    OSCfg_TickTaskStkSize                    0x00006180   Data           4  os_cfg_app.o(.constdata)
    OSCfg_TickTaskStkSizeRAM                 0x00006184   Data           4  os_cfg_app.o(.constdata)
    OSCfg_TickWheelSize                      0x00006188   Data           2  os_cfg_app.o(.constdata)
    OSCfg_TickWheelSizeRAM                   0x0000618c   Data           4  os_cfg_app.o(.constdata)
    OSCfg_TmrTaskPrio                        0x00006190   Data           1  os_cfg_app.o(.constdata)
    OSCfg_TmrTaskRate_Hz                     0x00006194   Data           4  os_cfg_app.o(.constdata)
    OSCfg_TmrTaskStkBasePtr                  0x00006198   Data           4  os_cfg_app.o(.constdata)
    OSCfg_TmrTaskStkLimit                    0x0000619c   Data           4  os_cfg_app.o(.constdata)
    OSCfg_TmrTaskStkSize                     0x000061a0   Data           4  os_cfg_app.o(.constdata)
    OSCfg_TmrTaskStkSizeRAM                  0x000061a4   Data           4  os_cfg_app.o(.constdata)
    OSCfg_TmrWheelSize                       0x000061a8   Data           2  os_cfg_app.o(.constdata)
    OSCfg_TmrWheelSizeRAM                    0x000061ac   Data           4  os_cfg_app.o(.constdata)
    OSCfg_DataSizeRAM                        0x000061b0   Data           4  os_cfg_app.o(.constdata)
    OSDbg_DbgEn                              0x000061b4   Data           1  os_dbg.o(.constdata)
    OSDbg_ArgChkEn                           0x000061b5   Data           1  os_dbg.o(.constdata)
    OSDbg_AppHooksEn                         0x000061b6   Data           1  os_dbg.o(.constdata)
    OSDbg_EndiannessTest                     0x000061b8   Data           4  os_dbg.o(.constdata)
    OSDbg_CalledFromISRChkEn                 0x000061bc   Data           1  os_dbg.o(.constdata)
    OSDbg_FlagEn                             0x000061bd   Data           1  os_dbg.o(.constdata)
    OSDbg_FlagGrp                            0x000061c0   Data          40  os_dbg.o(.constdata)
    OSDbg_FlagDelEn                          0x000061e8   Data           1  os_dbg.o(.constdata)
    OSDbg_FlagModeClrEn                      0x000061e9   Data           1  os_dbg.o(.constdata)
    OSDbg_FlagPendAbortEn                    0x000061ea   Data           1  os_dbg.o(.constdata)
    OSDbg_FlagGrpSize                        0x000061ec   Data           2  os_dbg.o(.constdata)
    OSDbg_FlagWidth                          0x000061ee   Data           2  os_dbg.o(.constdata)
    OSDbg_IntQ                               0x000061f0   Data           2  os_dbg.o(.constdata)
    OSDbg_ISRPostDeferredEn                  0x000061f2   Data           1  os_dbg.o(.constdata)
    OSDbg_Mem                                0x000061f4   Data          32  os_dbg.o(.constdata)
    OSDbg_MemEn                              0x00006214   Data           1  os_dbg.o(.constdata)
    OSDbg_MemSize                            0x00006216   Data           2  os_dbg.o(.constdata)
    OSDbg_MsgEn                              0x00006218   Data           1  os_dbg.o(.constdata)
    OSDbg_MsgSize                            0x0000621a   Data           2  os_dbg.o(.constdata)
    OSDbg_MsgPoolSize                        0x0000621c   Data           2  os_dbg.o(.constdata)
    OSDbg_MsgQSize                           0x0000621e   Data           2  os_dbg.o(.constdata)
    OSDbg_Mutex                              0x00006220   Data          44  os_dbg.o(.constdata)
    OSDbg_MutexEn                            0x0000624c   Data           1  os_dbg.o(.constdata)
    OSDbg_MutexDelEn                         0x0000624d   Data           1  os_dbg.o(.constdata)
    OSDbg_MutexPendAbortEn                   0x0000624e   Data           1  os_dbg.o(.constdata)
    OSDbg_MutexSize                          0x00006250   Data           2  os_dbg.o(.constdata)
    OSDbg_ObjTypeChkEn                       0x00006252   Data           1  os_dbg.o(.constdata)
    OSDbg_PendMultiEn                        0x00006253   Data           1  os_dbg.o(.constdata)
    OSDbg_PendDataSize                       0x00006254   Data           2  os_dbg.o(.constdata)
    OSDbg_PendListSize                       0x00006256   Data           2  os_dbg.o(.constdata)
    OSDbg_PendObjSize                        0x00006258   Data           2  os_dbg.o(.constdata)
    OSDbg_PrioMax                            0x0000625a   Data           2  os_dbg.o(.constdata)
    OSDbg_PrioTblSize                        0x0000625c   Data           2  os_dbg.o(.constdata)
    OSDbg_PtrSize                            0x0000625e   Data           2  os_dbg.o(.constdata)
    OSDbg_Q                                  0x00006260   Data          48  os_dbg.o(.constdata)
    OSDbg_QEn                                0x00006290   Data           1  os_dbg.o(.constdata)
    OSDbg_QDelEn                             0x00006291   Data           1  os_dbg.o(.constdata)
    OSDbg_QFlushEn                           0x00006292   Data           1  os_dbg.o(.constdata)
    OSDbg_QPendAbortEn                       0x00006293   Data           1  os_dbg.o(.constdata)
    OSDbg_QSize                              0x00006294   Data           2  os_dbg.o(.constdata)
    OSDbg_SchedRoundRobinEn                  0x00006296   Data           1  os_dbg.o(.constdata)
    OSDbg_Sem                                0x00006298   Data          40  os_dbg.o(.constdata)
    OSDbg_SemEn                              0x000062c0   Data           1  os_dbg.o(.constdata)
    OSDbg_SemDelEn                           0x000062c1   Data           1  os_dbg.o(.constdata)
    OSDbg_SemPendAbortEn                     0x000062c2   Data           1  os_dbg.o(.constdata)
    OSDbg_SemSetEn                           0x000062c3   Data           1  os_dbg.o(.constdata)
    OSDbg_SemSize                            0x000062c4   Data           2  os_dbg.o(.constdata)
    OSDbg_RdyList                            0x000062c6   Data           2  os_dbg.o(.constdata)
    OSDbg_RdyListSize                        0x000062c8   Data           4  os_dbg.o(.constdata)
    OSDbg_StkWidth                           0x000062cc   Data           1  os_dbg.o(.constdata)
    OSDbg_StatTaskEn                         0x000062cd   Data           1  os_dbg.o(.constdata)
    OSDbg_StatTaskStkChkEn                   0x000062ce   Data           1  os_dbg.o(.constdata)
    OSDbg_TaskChangePrioEn                   0x000062cf   Data           1  os_dbg.o(.constdata)
    OSDbg_TaskDelEn                          0x000062d0   Data           1  os_dbg.o(.constdata)
    OSDbg_TaskQEn                            0x000062d1   Data           1  os_dbg.o(.constdata)
    OSDbg_TaskQPendAbortEn                   0x000062d2   Data           1  os_dbg.o(.constdata)
    OSDbg_TaskProfileEn                      0x000062d3   Data           1  os_dbg.o(.constdata)
    OSDbg_TaskRegTblSize                     0x000062d4   Data           2  os_dbg.o(.constdata)
    OSDbg_TaskSemPendAbortEn                 0x000062d6   Data           1  os_dbg.o(.constdata)
    OSDbg_TaskSuspendEn                      0x000062d7   Data           1  os_dbg.o(.constdata)
    OSDbg_TCBSize                            0x000062d8   Data           2  os_dbg.o(.constdata)
    OSDbg_TickSpokeSize                      0x000062da   Data           2  os_dbg.o(.constdata)
    OSDbg_TimeDlyHMSMEn                      0x000062dc   Data           1  os_dbg.o(.constdata)
    OSDbg_TimeDlyResumeEn                    0x000062dd   Data           1  os_dbg.o(.constdata)
    OSDbg_TLS_TblSize                        0x000062de   Data           2  os_dbg.o(.constdata)
    OSDbg_Tmr                                0x000062e0   Data          52  os_dbg.o(.constdata)
    OSDbg_TmrEn                              0x00006314   Data           1  os_dbg.o(.constdata)
    OSDbg_TmrDelEn                           0x00006315   Data           1  os_dbg.o(.constdata)
    OSDbg_TmrSize                            0x00006316   Data           2  os_dbg.o(.constdata)
    OSDbg_TmrSpokeSize                       0x00006318   Data           2  os_dbg.o(.constdata)
    OSDbg_VersionNbr                         0x0000631a   Data           2  os_dbg.o(.constdata)
    OSDbg_DataSize                           0x0000631c   Data           4  os_dbg.o(.constdata)
    Region$$Table$$Base                      0x00006320   Number         0  anon$$obj.o(Region$$Table)
    Region$$Table$$Limit                     0x00006350   Number         0  anon$$obj.o(Region$$Table)
    Mem_PoolHeap                             0x10000000   Data          72  lib_mem.o(.bss)
    Mem_Heap                                 0x10000048   Data       15360  lib_mem.o(.bss)
    myparam                                  0x2007c000   Data           8  main.o(.data)
    buffer                                   0x2007c008   Data           7  main.o(.data)
    CPU_TS_TmrFreq_Hz                        0x2007c010   Data           4  cpu_core.o(.data)
    Mem_PoolTbl                              0x2007c014   Data           4  lib_mem.o(.data)
    OSPrioTbl                                0x2007c018   Data           8  os_prio.o(.data)
    OSIdleTaskCtr                            0x2007c020   Data           4  os_var.o(.data)
    OSIntNestingCtr                          0x2007c024   Data           1  os_var.o(.data)
    OSRunning                                0x2007c025   Data           1  os_var.o(.data)
    OSFlagDbgListPtr                         0x2007c028   Data           4  os_var.o(.data)
    OSFlagQty                                0x2007c02c   Data           2  os_var.o(.data)
    OSMemDbgListPtr                          0x2007c030   Data           4  os_var.o(.data)
    OSMemQty                                 0x2007c034   Data           2  os_var.o(.data)
    OSPrioCur                                0x2007c036   Data           1  os_var.o(.data)
    OSPrioHighRdy                            0x2007c037   Data           1  os_var.o(.data)
    OSPrioSaved                              0x2007c038   Data           1  os_var.o(.data)
    OSSchedLockNestingCtr                    0x2007c039   Data           1  os_var.o(.data)
    OSSchedRoundRobinDfltTimeQuanta          0x2007c03c   Data           4  os_var.o(.data)
    OSSchedRoundRobinEn                      0x2007c040   Data           1  os_var.o(.data)
    OSSemDbgListPtr                          0x2007c044   Data           4  os_var.o(.data)
    OSSemQty                                 0x2007c048   Data           2  os_var.o(.data)
    OSTaskCtxSwCtr                           0x2007c04c   Data           4  os_var.o(.data)
    OSTaskDbgListPtr                         0x2007c050   Data           4  os_var.o(.data)
    OSTaskQty                                0x2007c054   Data           2  os_var.o(.data)
    OSTaskRegNextAvailID                     0x2007c056   Data           1  os_var.o(.data)
    OSTickCtr                                0x2007c058   Data           4  os_var.o(.data)
    OSTickTaskTimeMax                        0x2007c05c   Data           4  os_var.o(.data)
    OSTCBCurPtr                              0x2007c060   Data           4  os_var.o(.data)
    OSTCBHighRdyPtr                          0x2007c064   Data           4  os_var.o(.data)
    OS_CPU_ExceptStkBase                     0x2007c068   Data           4  os_cpu_c.o(.data)
    AD_current                               0x2007c06c   Data           2  irq_adc.o(.data)
    AD_last                                  0x2007c06e   Data           2  irq_adc.o(.data)
    check                                    0x2007c070   Data           4  irq_adc.o(.data)
    SinTable                                 0x2007c078   Data          90  irq_timer.o(.data)
    seq4beats                                0x2007c0d4   Data         120  irq_timer.o(.data)
    play                                     0x2007c14c   Data           4  irq_timer.o(.data)
    blink_mask                               0x2007c150   Data           4  irq_timer.o(.data)
    song                                     0x2007c154   Data           4  irq_timer.o(.data)
    note                                     0x2007c158   Data           4  irq_timer.o(.data)
    VectorTbl_RAM                            0x2007d000   Data         192  bsp_os.o(.bss)
    CPU_Name                                 0x2007d0c0   Data          16  cpu_core.o(.bss)
    OSCfg_IdleTaskStk                        0x2007d0d0   Data         512  os_cfg_app.o(.bss)
    OSCfg_ISRStk                             0x2007d2d0   Data        1024  os_cfg_app.o(.bss)
    OSCfg_MsgPool                            0x2007d6d0   Data        7200  os_cfg_app.o(.bss)
    OSCfg_TickTaskStk                        0x2007f2f0   Data         512  os_cfg_app.o(.bss)
    OSCfg_TickWheel                          0x2007f4f0   Data         128  os_cfg_app.o(.bss)
    OSIdleTaskTCB                            0x2007f570   Data         184  os_var.o(.bss)
    OSMsgPool                                0x2007f628   Data          12  os_var.o(.bss)
    OSRdyList                                0x2007f634   Data         768  os_var.o(.bss)
    OSTickTaskTCB                            0x2007f934   Data         184  os_var.o(.bss)
    __libspace_start                         0x2007f9ec   Data          96  libspace.o(.bss)
    __temporary_stack_top$libspace           0x2007fa4c   Data           0  libspace.o(.bss)



==============================================================================

Memory Map of the image

  Image Entry point : 0x000000cd

  Load Region LR_IROM1 (Base: 0x00000000, Size: 0x000064b0, Max: 0x00080000, ABSOLUTE, COMPRESSED[0x000063cc])

    Execution Region ER_IROM1 (Exec base: 0x00000000, Load base: 0x00000000, Size: 0x00006350, Max: 0x00080000, ABSOLUTE)

    Exec Addr    Load Addr    Size         Type   Attr      Idx    E Section Name        Object

    0x00000000   0x00000000   0x000000cc   Data   RO         2982    RESET               startup_lpc17xx.o
    0x000000cc   0x000000cc   0x00000008   Code   RO         3034  * !!!main             c_w.l(__main.o)
    0x000000d4   0x000000d4   0x00000034   Code   RO         3232    !!!scatter          c_w.l(__scatter.o)
    0x00000108   0x00000108   0x0000005a   Code   RO         3230    !!dczerorl2         c_w.l(__dczerorl2.o)
    0x00000162   0x00000162   0x00000002   PAD
    0x00000164   0x00000164   0x0000001c   Code   RO         3234    !!handler_zi        c_w.l(__scatter_zi.o)
    0x00000180   0x00000180   0x00000002   Code   RO         3098    .ARM.Collect$$libinit$$00000000  c_w.l(libinit.o)
    0x00000182   0x00000182   0x00000000   Code   RO         3111    .ARM.Collect$$libinit$$00000002  c_w.l(libinit2.o)
    0x00000182   0x00000182   0x00000000   Code   RO         3113    .ARM.Collect$$libinit$$00000004  c_w.l(libinit2.o)
    0x00000182   0x00000182   0x00000000   Code   RO         3116    .ARM.Collect$$libinit$$0000000A  c_w.l(libinit2.o)
    0x00000182   0x00000182   0x00000000   Code   RO         3118    .ARM.Collect$$libinit$$0000000C  c_w.l(libinit2.o)
    0x00000182   0x00000182   0x00000000   Code   RO         3120    .ARM.Collect$$libinit$$0000000E  c_w.l(libinit2.o)
    0x00000182   0x00000182   0x00000000   Code   RO         3123    .ARM.Collect$$libinit$$00000011  c_w.l(libinit2.o)
    0x00000182   0x00000182   0x00000000   Code   RO         3125    .ARM.Collect$$libinit$$00000013  c_w.l(libinit2.o)
    0x00000182   0x00000182   0x00000000   Code   RO         3127    .ARM.Collect$$libinit$$00000015  c_w.l(libinit2.o)
    0x00000182   0x00000182   0x00000000   Code   RO         3129    .ARM.Collect$$libinit$$00000017  c_w.l(libinit2.o)
    0x00000182   0x00000182   0x00000000   Code   RO         3131    .ARM.Collect$$libinit$$00000019  c_w.l(libinit2.o)
    0x00000182   0x00000182   0x00000000   Code   RO         3133    .ARM.Collect$$libinit$$0000001B  c_w.l(libinit2.o)
    0x00000182   0x00000182   0x00000000   Code   RO         3135    .ARM.Collect$$libinit$$0000001D  c_w.l(libinit2.o)
    0x00000182   0x00000182   0x00000000   Code   RO         3137    .ARM.Collect$$libinit$$0000001F  c_w.l(libinit2.o)
    0x00000182   0x00000182   0x00000000   Code   RO         3139    .ARM.Collect$$libinit$$00000021  c_w.l(libinit2.o)
    0x00000182   0x00000182   0x00000000   Code   RO         3141    .ARM.Collect$$libinit$$00000023  c_w.l(libinit2.o)
    0x00000182   0x00000182   0x00000000   Code   RO         3143    .ARM.Collect$$libinit$$00000025  c_w.l(libinit2.o)
    0x00000182   0x00000182   0x00000000   Code   RO         3147    .ARM.Collect$$libinit$$0000002C  c_w.l(libinit2.o)
    0x00000182   0x00000182   0x00000000   Code   RO         3149    .ARM.Collect$$libinit$$0000002E  c_w.l(libinit2.o)
    0x00000182   0x00000182   0x00000000   Code   RO         3151    .ARM.Collect$$libinit$$00000030  c_w.l(libinit2.o)
    0x00000182   0x00000182   0x00000000   Code   RO         3153    .ARM.Collect$$libinit$$00000032  c_w.l(libinit2.o)
    0x00000182   0x00000182   0x00000002   Code   RO         3154    .ARM.Collect$$libinit$$00000033  c_w.l(libinit2.o)
    0x00000184   0x00000184   0x00000002   Code   RO         3185    .ARM.Collect$$libshutdown$$00000000  c_w.l(libshutdown.o)
    0x00000186   0x00000186   0x00000000   Code   RO         3211    .ARM.Collect$$libshutdown$$00000002  c_w.l(libshutdown2.o)
    0x00000186   0x00000186   0x00000000   Code   RO         3213    .ARM.Collect$$libshutdown$$00000004  c_w.l(libshutdown2.o)
    0x00000186   0x00000186   0x00000000   Code   RO         3215    .ARM.Collect$$libshutdown$$00000006  c_w.l(libshutdown2.o)
    0x00000186   0x00000186   0x00000000   Code   RO         3218    .ARM.Collect$$libshutdown$$00000009  c_w.l(libshutdown2.o)
    0x00000186   0x00000186   0x00000000   Code   RO         3221    .ARM.Collect$$libshutdown$$0000000C  c_w.l(libshutdown2.o)
    0x00000186   0x00000186   0x00000000   Code   RO         3223    .ARM.Collect$$libshutdown$$0000000E  c_w.l(libshutdown2.o)
    0x00000186   0x00000186   0x00000000   Code   RO         3226    .ARM.Collect$$libshutdown$$00000011  c_w.l(libshutdown2.o)
    0x00000186   0x00000186   0x00000002   Code   RO         3227    .ARM.Collect$$libshutdown$$00000012  c_w.l(libshutdown2.o)
    0x00000188   0x00000188   0x00000000   Code   RO         3056    .ARM.Collect$$rtentry$$00000000  c_w.l(__rtentry.o)
    0x00000188   0x00000188   0x00000000   Code   RO         3069    .ARM.Collect$$rtentry$$00000002  c_w.l(__rtentry2.o)
    0x00000188   0x00000188   0x00000006   Code   RO         3081    .ARM.Collect$$rtentry$$00000004  c_w.l(__rtentry4.o)
    0x0000018e   0x0000018e   0x00000000   Code   RO         3071    .ARM.Collect$$rtentry$$00000009  c_w.l(__rtentry2.o)
    0x0000018e   0x0000018e   0x00000004   Code   RO         3072    .ARM.Collect$$rtentry$$0000000A  c_w.l(__rtentry2.o)
    0x00000192   0x00000192   0x00000000   Code   RO         3074    .ARM.Collect$$rtentry$$0000000C  c_w.l(__rtentry2.o)
    0x00000192   0x00000192   0x00000008   Code   RO         3075    .ARM.Collect$$rtentry$$0000000D  c_w.l(__rtentry2.o)
    0x0000019a   0x0000019a   0x00000002   Code   RO         3102    .ARM.Collect$$rtexit$$00000000  c_w.l(rtexit.o)
    0x0000019c   0x0000019c   0x00000000   Code   RO         3158    .ARM.Collect$$rtexit$$00000002  c_w.l(rtexit2.o)
    0x0000019c   0x0000019c   0x00000004   Code   RO         3159    .ARM.Collect$$rtexit$$00000003  c_w.l(rtexit2.o)
    0x000001a0   0x000001a0   0x00000006   Code   RO         3160    .ARM.Collect$$rtexit$$00000004  c_w.l(rtexit2.o)
    0x000001a6   0x000001a6   0x00000002   PAD
    0x000001a8   0x000001a8   0x00000034   Code   RO          548    .text               cpu_a.o
    0x000001dc   0x000001dc   0x00000084   Code   RO         2280    .text               os_cpu_a.o
    0x00000260   0x00000260   0x0000004c   Code   RO         2984    .text               startup_lpc17xx.o
    0x000002ac   0x000002ac   0x00000006   Code   RO         3032    .text               c_w.l(heapauxi.o)
    0x000002b2   0x000002b2   0x0000004a   Code   RO         3085    .text               c_w.l(sys_stackheap_outer.o)
    0x000002fc   0x000002fc   0x00000004   Code   RO         2983    .ARM.__at_0x02FC    startup_lpc17xx.o
    0x00000300   0x00000300   0x00000012   Code   RO         3087    .text               c_w.l(exit.o)
    0x00000312   0x00000312   0x00000002   PAD
    0x00000314   0x00000314   0x00000008   Code   RO         3099    .text               c_w.l(libspace.o)
    0x0000031c   0x0000031c   0x0000000c   Code   RO         3155    .text               c_w.l(sys_exit.o)
    0x00000328   0x00000328   0x00000002   Code   RO         3174    .text               c_w.l(use_no_semi.o)
    0x0000032a   0x0000032a   0x00000000   Code   RO         3176    .text               c_w.l(indicate_semi.o)
    0x0000032a   0x0000032a   0x00000002   PAD
    0x0000032c   0x0000032c   0x00000024   Code   RO         2365    i.ADC_IRQHandler    irq_adc.o
    0x00000350   0x00000350   0x00000058   Code   RO            4    i.APP_TSK           main.o
    0x000003a8   0x000003a8   0x0000004c   Code   RO          332    i.BSP_IntInit       bsp_os.o
    0x000003f4   0x000003f4   0x0000001c   Code   RO          184    i.BSP_Start         bsp.o
    0x00000410   0x00000410   0x0000000c   Code   RO          608    i.CPU_Init          cpu_core.o
    0x0000041c   0x0000041c   0x00000030   Code   RO          609    i.CPU_NameClr       cpu_core.o
    0x0000044c   0x0000044c   0x00000008   Code   RO          611    i.CPU_NameInit      cpu_core.o
    0x00000454   0x00000454   0x00000014   Code   RO          615    i.CPU_TS_Init       cpu_core.o
    0x00000468   0x00000468   0x0000000c   Code   RO          617    i.CPU_TS_TmrFreqSet  cpu_core.o
    0x00000474   0x00000474   0x00000030   Code   RO          186    i.CPU_TS_TmrInit    bsp.o
    0x000004a4   0x000004a4   0x0000000c   Code   RO          187    i.CPU_TS_TmrRd      bsp.o
    0x000004b0   0x000004b0   0x00000088   Code   RO          892    i.CSP_PM_CPU_ClkFreqGet  csp_pm.o
    0x00000538   0x00000538   0x00000018   Code   RO            5    i.DISPLAY_TSK       main.o
    0x00000550   0x00000550   0x00000014   Code   RO            6    i.DMA_IRQHandler    main.o
    0x00000564   0x00000564   0x000005f0   Code   RO         2464    i.LCD_Clear         glcd.o
    0x00000b54   0x00000b54   0x00000018   Code   RO         2465    i.LCD_Configuration  glcd.o
    0x00000b6c   0x00000b6c   0x00002ef8   Code   RO         2468    i.LCD_Initialization  glcd.o
    0x00003a64   0x00003a64   0x00000550   Code   RO         2469    i.LCD_SetCursor     glcd.o
    0x00003fb4   0x00003fb4   0x0000000e   Code   RO            7    i.LOCK_TSK          main.o
    0x00003fc2   0x00003fc2   0x00000012   Code   RO         1164    i.Mem_Clr           lib_mem.o
    0x00003fd4   0x00003fd4   0x00000048   Code   RO         1168    i.Mem_Init          lib_mem.o
    0x0000401c   0x0000401c   0x00000062   Code   RO         1181    i.Mem_Set           lib_mem.o
    0x0000407e   0x0000407e   0x00000002   Code   RO         1435    i.OSCfg_Init        os_cfg_app.o
    0x00004080   0x00004080   0x00000002   Code   RO         2284    i.OSIdleTaskHook    os_cpu_c.o
    0x00004082   0x00004082   0x00000002   PAD
    0x00004084   0x00004084   0x00000100   Code   RO         1458    i.OSInit            os_core.o
    0x00004184   0x00004184   0x00000038   Code   RO         2285    i.OSInitHook        os_cpu_c.o
    0x000041bc   0x000041bc   0x000000e4   Code   RO         1460    i.OSIntExit         os_core.o
    0x000042a0   0x000042a0   0x000000a8   Code   RO         1461    i.OSSched           os_core.o
    0x00004348   0x00004348   0x00000068   Code   RO         1466    i.OSStart           os_core.o
    0x000043b0   0x000043b0   0x00000168   Code   RO         2002    i.OSTaskCreate      os_task.o
    0x00004518   0x00004518   0x00000002   Code   RO         2287    i.OSTaskCreateHook  os_cpu_c.o
    0x0000451a   0x0000451a   0x00000002   Code   RO         2289    i.OSTaskReturnHook  os_cpu_c.o
    0x0000451c   0x0000451c   0x000001c4   Code   RO         2011    i.OSTaskSemPend     os_task.o
    0x000046e0   0x000046e0   0x00000024   Code   RO         2013    i.OSTaskSemPost     os_task.o
    0x00004704   0x00004704   0x000000c0   Code   RO         2290    i.OSTaskStkInit     os_cpu_c.o
    0x000047c4   0x000047c4   0x00000038   Code   RO         2015    i.OSTaskSuspend     os_task.o
    0x000047fc   0x000047fc   0x00000054   Code   RO         2291    i.OSTaskSwHook      os_cpu_c.o
    0x00004850   0x00004850   0x000000c4   Code   RO         2200    i.OSTimeDly         os_time.o
    0x00004914   0x00004914   0x00000030   Code   RO         2205    i.OSTimeTick        os_time.o
    0x00004944   0x00004944   0x00000002   Code   RO         2292    i.OSTimeTickHook    os_cpu_c.o
    0x00004946   0x00004946   0x00000002   PAD
    0x00004948   0x00004948   0x00000038   Code   RO         2293    i.OS_CPU_SysTickHandler  os_cpu_c.o
    0x00004980   0x00004980   0x00000030   Code   RO         2294    i.OS_CPU_SysTickInit  os_cpu_c.o
    0x000049b0   0x000049b0   0x00000170   Code   RO         1686    i.OS_Dbg_Init       os_dbg.o
    0x00004b20   0x00004b20   0x00000018   Code   RO         1711    i.OS_FlagInit       os_flag.o
    0x00004b38   0x00004b38   0x00000038   Code   RO         1468    i.OS_IdleTask       os_core.o
    0x00004b70   0x00004b70   0x00000070   Code   RO         1469    i.OS_IdleTaskInit   os_core.o
    0x00004be0   0x00004be0   0x00000018   Code   RO         1795    i.OS_MemInit        os_mem.o
    0x00004bf8   0x00004bf8   0x0000005c   Code   RO         1827    i.OS_MsgPoolInit    os_msg.o
    0x00004c54   0x00004c54   0x0000000e   Code   RO         1830    i.OS_MsgQInit       os_msg.o
    0x00004c62   0x00004c62   0x00000002   PAD
    0x00004c64   0x00004c64   0x00000068   Code   RO         1470    i.OS_Pend           os_core.o
    0x00004ccc   0x00004ccc   0x00000026   Code   RO         1473    i.OS_PendDataInit   os_core.o
    0x00004cf2   0x00004cf2   0x00000002   PAD
    0x00004cf4   0x00004cf4   0x0000005c   Code   RO         1474    i.OS_PendDbgNameAdd  os_core.o
    0x00004d50   0x00004d50   0x00000024   Code   RO         1475    i.OS_PendDbgNameRemove  os_core.o
    0x00004d74   0x00004d74   0x00000066   Code   RO         1479    i.OS_PendListInsertPrio  os_core.o
    0x00004dda   0x00004dda   0x00000030   Code   RO         1480    i.OS_PendListRemove  os_core.o
    0x00004e0a   0x00004e0a   0x00000042   Code   RO         1481    i.OS_PendListRemove1  os_core.o
    0x00004e4c   0x00004e4c   0x000000c0   Code   RO         1484    i.OS_Post           os_core.o
    0x00004f0c   0x00004f0c   0x0000002a   Code   RO         1485    i.OS_Post1          os_core.o
    0x00004f36   0x00004f36   0x00000002   PAD
    0x00004f38   0x00004f38   0x00000028   Code   RO         1899    i.OS_PrioGetHighest  os_prio.o
    0x00004f60   0x00004f60   0x00000018   Code   RO         1900    i.OS_PrioInit       os_prio.o
    0x00004f78   0x00004f78   0x00000024   Code   RO         1901    i.OS_PrioInsert     os_prio.o
    0x00004f9c   0x00004f9c   0x00000024   Code   RO         1902    i.OS_PrioRemove     os_prio.o
    0x00004fc0   0x00004fc0   0x00000024   Code   RO         1486    i.OS_RdyListInit    os_core.o
    0x00004fe4   0x00004fe4   0x0000002c   Code   RO         1487    i.OS_RdyListInsert  os_core.o
    0x00005010   0x00005010   0x00000040   Code   RO         1488    i.OS_RdyListInsertHead  os_core.o
    0x00005050   0x00005050   0x0000003c   Code   RO         1489    i.OS_RdyListInsertTail  os_core.o
    0x0000508c   0x0000508c   0x00000044   Code   RO         1490    i.OS_RdyListMoveHeadToTail  os_core.o
    0x000050d0   0x000050d0   0x0000005c   Code   RO         1491    i.OS_RdyListRemove  os_core.o
    0x0000512c   0x0000512c   0x000000d0   Code   RO         1492    i.OS_SchedRoundRobin  os_core.o
    0x000051fc   0x000051fc   0x00000018   Code   RO         1948    i.OS_SemInit        os_sem.o
    0x00005214   0x00005214   0x00000038   Code   RO         1493    i.OS_TaskBlock      os_core.o
    0x0000524c   0x0000524c   0x00000030   Code   RO         2017    i.OS_TaskDbgListAdd  os_task.o
    0x0000527c   0x0000527c   0x00000020   Code   RO         2019    i.OS_TaskInit       os_task.o
    0x0000529c   0x0000529c   0x000000c0   Code   RO         2020    i.OS_TaskInitTCB    os_task.o
    0x0000535c   0x0000535c   0x0000001c   Code   RO         1494    i.OS_TaskRdy        os_core.o
    0x00005378   0x00005378   0x00000024   Code   RO         2023    i.OS_TaskReturn     os_task.o
    0x0000539c   0x0000539c   0x000001c4   Code   RO         2024    i.OS_TaskSemPost    os_task.o
    0x00005560   0x00005560   0x00000118   Code   RO         2025    i.OS_TaskSuspend    os_task.o
    0x00005678   0x00005678   0x00000028   Code   RO         2152    i.OS_TickListInit   os_tick.o
    0x000056a0   0x000056a0   0x000001bc   Code   RO         2153    i.OS_TickListInsert  os_tick.o
    0x0000585c   0x0000585c   0x00000038   Code   RO         2154    i.OS_TickListRemove  os_tick.o
    0x00005894   0x00005894   0x00000188   Code   RO         2156    i.OS_TickListUpdate  os_tick.o
    0x00005a1c   0x00005a1c   0x0000002c   Code   RO         2157    i.OS_TickTask       os_tick.o
    0x00005a48   0x00005a48   0x000000b8   Code   RO         2158    i.OS_TickTaskInit   os_tick.o
    0x00005b00   0x00005b00   0x00000140   Code   RO         2994    i.SystemInit        system_lpc17xx.o
    0x00005c40   0x00005c40   0x00000044   Code   RO         2690    i.TIMER0_IRQHandler  irq_timer.o
    0x00005c84   0x00005c84   0x0000000c   Code   RO         2691    i.TIMER1_IRQHandler  irq_timer.o
    0x00005c90   0x00005c90   0x0000000c   Code   RO         2692    i.TIMER2_IRQHandler  irq_timer.o
    0x00005c9c   0x00005c9c   0x00000014   Code   RO         2693    i.TIMER3_IRQHandler  irq_timer.o
    0x00005cb0   0x00005cb0   0x00000002   Code   RO         2851    i.UART2_IRQHandler  uart.o
    0x00005cb2   0x00005cb2   0x0000001e   Code   RO         2472    i.delay_ms          glcd.o
    0x00005cd0   0x00005cd0   0x0000003c   Code   RO         2745    i.enable_timer      lib_timer.o
    0x00005d0c   0x00005d0c   0x00000050   Code   RO         2827    i.init_DMA          lib_dma.o
    0x00005d5c   0x00005d5c   0x00000170   Code   RO         2852    i.init_uart         uart.o
    0x00005ecc   0x00005ecc   0x00000100   Code   RO            8    i.main              main.o
    0x00005fcc   0x00005fcc   0x00000050   Code   RO            9    i.tostring          main.o
    0x0000601c   0x0000601c   0x000000e8   Code   RO         2795    i.transfer_DMA      funct_dma.o
    0x00006104   0x00006104   0x0000000c   Code   RO         2473    i.wait_delay        glcd.o
    0x00006110   0x00006110   0x000000a4   Data   RO         1437    .constdata          os_cfg_app.o
    0x000061b4   0x000061b4   0x0000016c   Data   RO         1687    .constdata          os_dbg.o
    0x00006320   0x00006320   0x00000030   Data   RO         3228    Region$$Table       anon$$obj.o


    Execution Region RW_IRAM1 (Exec base: 0x10000000, Load base: 0x00006350, Size: 0x00003c48, Max: 0x00008000, ABSOLUTE)

    Exec Addr    Load Addr    Size         Type   Attr      Idx    E Section Name        Object

    0x10000000        -       0x00003c48   Zero   RW         1182    .bss                lib_mem.o


    Execution Region RW_IRAM2 (Exec base: 0x2007c000, Load base: 0x00006350, Size: 0x00003c50, Max: 0x00008000, ABSOLUTE, COMPRESSED[0x0000007c])

    Exec Addr    Load Addr    Size         Type   Attr      Idx    E Section Name        Object

    0x2007c000   COMPRESSED   0x0000000f   Data   RW           11    .data               main.o
    0x2007c00f   COMPRESSED   0x00000001   PAD
    0x2007c010   COMPRESSED   0x00000004   Data   RW          621    .data               cpu_core.o
    0x2007c014   COMPRESSED   0x00000004   Data   RW         1183    .data               lib_mem.o
    0x2007c018   COMPRESSED   0x00000008   Data   RW         1903    .data               os_prio.o
    0x2007c020   COMPRESSED   0x00000048   Data   RW         2249    .data               os_var.o
    0x2007c068   COMPRESSED   0x00000004   Data   RW         2295    .data               os_cpu_c.o
    0x2007c06c   COMPRESSED   0x00000008   Data   RW         2366    .data               irq_adc.o
    0x2007c074   COMPRESSED   0x00000001   Data   RW         2474    .data               glcd.o
    0x2007c075   COMPRESSED   0x00000003   PAD
    0x2007c078   COMPRESSED   0x000000e8   Data   RW         2695    .data               irq_timer.o
    0x2007c160        -       0x00000e28   Zero   RW           10    .bss                main.o
    0x2007cf88   COMPRESSED   0x00000078   PAD
    0x2007d000        -       0x000000c0   Zero   RW          340    .bss                bsp_os.o
    0x2007d0c0        -       0x00000010   Zero   RW          619    .bss                cpu_core.o
    0x2007d0d0        -       0x000024a0   Zero   RW         1436    .bss                os_cfg_app.o
    0x2007f570        -       0x0000047c   Zero   RW         2248    .bss                os_var.o
    0x2007f9ec        -       0x00000060   Zero   RW         3100    .bss                c_w.l(libspace.o)
    0x2007fa4c   COMPRESSED   0x00000004   PAD
    0x2007fa50        -       0x00000000   Zero   RW         2981    HEAP                startup_lpc17xx.o
    0x2007fa50        -       0x00000200   Zero   RW         2980    STACK               startup_lpc17xx.o


==============================================================================

Image component sizes


      Code (inc. data)   RO Data    RW Data    ZI Data      Debug   Object Name

        88         18          0          0          0      38682   bsp.o
        76         10          0          0        192       2390   bsp_os.o
        52          0          0          0          0        740   cpu_a.o
       100         18          0          4         16      12158   cpu_core.o
       136         18          0          0          0        812   csp_pm.o
       232         10          0          0          0       2651   funct_dma.o
     14970        102          0          1          0      37245   glcd.o
        36         14          0          8          0      17672   irq_adc.o
       112         26          0        232          0       3009   irq_timer.o
         0          0          0          0          0      26463   lib_adc.o
        80         10          0          0          0        655   lib_dma.o
       188         18          0          4      15432      13751   lib_mem.o
        60         12          0          0          0        519   lib_timer.o
       482         90          0         15       3624      37916   main.o
         2          0        164          0       9376      18120   os_cfg_app.o
      2300        292          0          0          0      16527   os_core.o
       132         32          0          0          0        580   os_cpu_a.o
       444         36          0          4          0       6728   os_cpu_c.o
       368        240        364          0          0       4949   os_dbg.o
        24         10          0          0          0        998   os_flag.o
        24         10          0          0          0        993   os_mem.o
       106         12          0          0          0       1699   os_msg.o
       136         16          0          8          0       2970   os_prio.o
        24         10          0          0          0        993   os_sem.o
      1944        114          0          0          0       8600   os_task.o
      1160        108          0          0          0       5014   os_tick.o
       244         26          0          0          0       1777   os_time.o
         0          0          0         72       1148      16327   os_var.o
        80         30        204          0        512       1112   startup_lpc17xx.o
       320         18          0          0          0        613   system_lpc17xx.o
       370         26          0          0          0       2687   uart.o

    ----------------------------------------------------------------------
     24300       1326        780        352      30420     285350   Object Totals
         0          0         48          0          0          0   (incl. Generated)
        10          0          0          4        120          0   (incl. Padding)

    ----------------------------------------------------------------------

      Code (inc. data)   RO Data    RW Data    ZI Data      Debug   Library Member Name

        90          0          0          0          0          0   __dczerorl2.o
         8          0          0          0          0         68   __main.o
         0          0          0          0          0          0   __rtentry.o
        12          0          0          0          0          0   __rtentry2.o
         6          0          0          0          0          0   __rtentry4.o
        52          8          0          0          0          0   __scatter.o
        28          0          0          0          0          0   __scatter_zi.o
        18          0          0          0          0         80   exit.o
         6          0          0          0          0        152   heapauxi.o
         0          0          0          0          0          0   indicate_semi.o
         2          0          0          0          0          0   libinit.o
         2          0          0          0          0          0   libinit2.o
         2          0          0          0          0          0   libshutdown.o
         2          0          0          0          0          0   libshutdown2.o
         8          4          0          0         96         68   libspace.o
         2          0          0          0          0          0   rtexit.o
        10          0          0          0          0          0   rtexit2.o
        12          4          0          0          0         68   sys_exit.o
        74          0          0          0          0         80   sys_stackheap_outer.o
         2          0          0          0          0         68   use_no_semi.o

    ----------------------------------------------------------------------
       344         16          0          0        100        584   Library Totals
         8          0          0          0          4          0   (incl. Padding)

    ----------------------------------------------------------------------

      Code (inc. data)   RO Data    RW Data    ZI Data      Debug   Library Name

       336         16          0          0         96        584   c_w.l

    ----------------------------------------------------------------------
       344         16          0          0        100        584   Library Totals

    ----------------------------------------------------------------------

==============================================================================


      Code (inc. data)   RO Data    RW Data    ZI Data      Debug   

     24644       1342        780        352      30520     280834   Grand Totals
     24644       1342        780        124      30520     280834   ELF Image Totals (compressed)
     24644       1342        780        124          0          0   ROM Totals

==============================================================================

    Total RO  Size (Code + RO Data)                25424 (  24.83kB)
    Total RW  Size (RW Data + ZI Data)             30872 (  30.15kB)
    Total ROM Size (Code + RO Data + RW Data)      25548 (  24.95kB)

==============================================================================

