Component: ARM Compiler 5.06 update 7 (build 960) Tool: armlink [4d3601]

==============================================================================

Section Cross References

    main.o(i.APP_TSK) refers to cpu_a.o(.text) for CPU_IntEn
    main.o(i.APP_TSK) refers to lib_dma.o(i.init_DMA) for init_DMA
    main.o(i.APP_TSK) refers to uart.o(i.init_uart) for init_uart
    main.o(i.APP_TSK) refers to os_task.o(i.OSTaskSuspend) for OSTaskSuspend
    main.o(i.APP_TSK) refers to funct_dma.o(i.transfer_DMA) for transfer_DMA
    main.o(i.APP_TSK) refers to main.o(.data) for myparam
    main.o(i.APP_TSK) refers to main.o(.bss) for APP_TSK_TCB
    main.o(i.DISPLAY_TSK) refers to main.o(i.tostring) for tostring
    main.o(i.DISPLAY_TSK) refers to glcd.o(i.GUI_Text) for GUI_Text
    main.o(i.DISPLAY_TSK) refers to main.o(.data) for myparam
    main.o(i.DMA_IRQHandler) refers to glcd.o(i.LCD_Clear) for LCD_Clear
    main.o(i.DMA_IRQHandler) refers to glcd.o(i.GUI_Text) for GUI_Text
    main.o(i.DMA_IRQHandler) refers to os_task.o(i.OSTaskResume) for OSTaskResume
    main.o(i.DMA_IRQHandler) refers to main.o(.data) for myFlag
    main.o(i.DMA_IRQHandler) refers to main.o(.bss) for LOCK_TSK_TCB
    main.o(i.LOCK_TSK) refers to glcd.o(i.LCD_Initialization) for LCD_Initialization
    main.o(i.LOCK_TSK) refers to glcd.o(i.LCD_Clear) for LCD_Clear
    main.o(i.LOCK_TSK) refers to glcd.o(i.GUI_Text) for GUI_Text
    main.o(i.LOCK_TSK) refers to os_task.o(i.OSTaskResume) for OSTaskResume
    main.o(i.LOCK_TSK) refers to os_task.o(i.OSTaskSuspend) for OSTaskSuspend
    main.o(i.LOCK_TSK) refers to main.o(.data) for myparam
    main.o(i.LOCK_TSK) refers to main.o(.bss) for APP_TSK_TCB
    main.o(i.main) refers to system_lpc17xx.o(i.SystemInit) for SystemInit
    main.o(i.main) refers to bsp_os.o(i.BSP_IntInit) for BSP_IntInit
    main.o(i.main) refers to bsp.o(i.BSP_Start) for BSP_Start
    main.o(i.main) refers to cpu_a.o(.text) for CPU_IntDis
    main.o(i.main) refers to cpu_core.o(i.CPU_Init) for CPU_Init
    main.o(i.main) refers to lib_mem.o(i.Mem_Init) for Mem_Init
    main.o(i.main) refers to os_core.o(i.OSInit) for OSInit
    main.o(i.main) refers to os_task.o(i.OSTaskCreate) for OSTaskCreate
    main.o(i.main) refers to os_core.o(i.OSStart) for OSStart
    main.o(i.main) refers to main.o(.bss) for APP_TSK_STACK
    main.o(i.main) refers to main.o(i.APP_TSK) for APP_TSK
    main.o(i.main) refers to main.o(i.LOCK_TSK) for LOCK_TSK
    main.o(i.main) refers to main.o(i.DISPLAY_TSK) for DISPLAY_TSK
    bsp.o(i.BSP_Start) refers to csp_pm.o(i.CSP_PM_CPU_ClkFreqGet) for CSP_PM_CPU_ClkFreqGet
    bsp.o(i.BSP_Start) refers to os_cpu_c.o(i.OS_CPU_SysTickInit) for OS_CPU_SysTickInit
    bsp.o(i.BSP_Start) refers to os_cfg_app.o(.constdata) for OSCfg_TickRate_Hz
    bsp.o(i.CPU_TS32_to_uSec) refers to cpu_core.o(i.CPU_TS_TmrFreqGet) for CPU_TS_TmrFreqGet
    bsp.o(i.CPU_TS32_to_uSec) refers to lludivv7m.o(.text) for __aeabi_uldivmod
    bsp.o(i.CPU_TS_TmrInit) refers to csp_pm.o(i.CSP_PM_CPU_ClkFreqGet) for CSP_PM_CPU_ClkFreqGet
    bsp.o(i.CPU_TS_TmrInit) refers to cpu_core.o(i.CPU_TS_TmrFreqSet) for CPU_TS_TmrFreqSet
    bsp.o(i.change_frequency) refers to fflt_clz.o(x$fpl$ffltu) for __aeabi_ui2f
    bsp.o(i.change_frequency) refers to fflt_clz.o(x$fpl$fflt) for __aeabi_i2f
    bsp.o(i.change_frequency) refers to fmul.o(x$fpl$fmul) for __aeabi_fmul
    bsp.o(i.change_frequency) refers to fdiv.o(x$fpl$fdiv) for __aeabi_fdiv
    bsp.o(i.change_frequency) refers to ffixu.o(x$fpl$ffixu) for __aeabi_f2uiz
    bsp.o(i.change_frequency) refers to bsp.o(i.update_dutycycle) for update_dutycycle
    bsp.o(i.get_dutycycle) refers to fflt_clz.o(x$fpl$ffltu) for __aeabi_ui2f
    bsp.o(i.get_dutycycle) refers to fdiv.o(x$fpl$fdiv) for __aeabi_fdiv
    bsp.o(i.get_dutycycle) refers to ffix.o(x$fpl$ffix) for __aeabi_f2iz
    bsp.o(i.get_frequency) refers to fflt_clz.o(x$fpl$ffltu) for __aeabi_ui2f
    bsp.o(i.get_frequency) refers to fdiv.o(x$fpl$fdiv) for __aeabi_fdiv
    bsp.o(i.get_frequency) refers to ffix.o(x$fpl$ffix) for __aeabi_f2iz
    bsp.o(i.update_dutycycle) refers to fflt_clz.o(x$fpl$ffltu) for __aeabi_ui2f
    bsp.o(i.update_dutycycle) refers to fmul.o(x$fpl$fmul) for __aeabi_fmul
    bsp.o(i.update_dutycycle) refers to ffix.o(x$fpl$ffix) for __aeabi_f2iz
    bsp_os.o(i.BSP_IntDisable) refers to cpu_c.o(i.CPU_IntSrcDis) for CPU_IntSrcDis
    bsp_os.o(i.BSP_IntEnable) refers to cpu_c.o(i.CPU_IntSrcEn) for CPU_IntSrcEn
    bsp_os.o(i.BSP_IntInit) refers to cpu_a.o(.text) for CPU_SR_Save
    bsp_os.o(i.BSP_IntInit) refers to bsp_os.o(.bss) for VectorTbl_RAM
    bsp_os.o(i.BSP_IntVectSet) refers to bsp_os.o(.bss) for VectorTbl_RAM
    bsp_os.o(i.BSP_OS_SemCreate) refers to os_sem.o(i.OSSemCreate) for OSSemCreate
    bsp_os.o(i.BSP_OS_SemPost) refers to os_sem.o(i.OSSemPost) for OSSemPost
[...]
    Software\uC-LIB\lib_math.c               0x00000000   Number         0  lib_math.o ABSOLUTE
    Software\uC-LIB\lib_mem.c                0x00000000   Number         0  lib_mem.o ABSOLUTE
    Software\uC-LIB\lib_str.c                0x00000000   Number         0  lib_str.o ABSOLUTE
    Software\uCOS-III\Ports\ARM-Cortex-M3\CSP\os_csp.c 0x00000000   Number         0  os_csp.o ABSOLUTE
    Software\uCOS-III\Ports\ARM-Cortex-M3\Generic\os_cpu_a.s 0x00000000   Number         0  os_cpu_a.o ABSOLUTE
    Software\uCOS-III\Ports\ARM-Cortex-M3\Generic\os_cpu_c.c 0x00000000   Number         0  os_cpu_c.o ABSOLUTE
    Software\uCOS-III\Source\os_cfg_app.c    0x00000000   Number         0  os_cfg_app.o ABSOLUTE
    Software\uCOS-III\Source\os_core.c       0x00000000   Number         0  os_core.o ABSOLUTE
    Software\uCOS-III\Source\os_dbg.c        0x00000000   Number         0  os_dbg.o ABSOLUTE
    Software\uCOS-III\Source\os_flag.c       0x00000000   Number         0  os_flag.o ABSOLUTE
    Software\uCOS-III\Source\os_int.c        0x00000000   Number         0  os_int.o ABSOLUTE
    Software\uCOS-III\Source\os_mem.c        0x00000000   Number         0  os_mem.o ABSOLUTE
    Software\uCOS-III\Source\os_msg.c        0x00000000   Number         0  os_msg.o ABSOLUTE
    Software\uCOS-III\Source\os_mutex.c      0x00000000   Number         0  os_mutex.o ABSOLUTE
    Software\uCOS-III\Source\os_pend_multi.c 0x00000000   Number         0  os_pend_multi.o ABSOLUTE
    Software\uCOS-III\Source\os_prio.c       0x00000000   Number         0  os_prio.o ABSOLUTE
    Software\uCOS-III\Source\os_q.c          0x00000000   Number         0  os_q.o ABSOLUTE
    Software\uCOS-III\Source\os_sem.c        0x00000000   Number         0  os_sem.o ABSOLUTE
    Software\uCOS-III\Source\os_stat.c       0x00000000   Number         0  os_stat.o ABSOLUTE
    Software\uCOS-III\Source\os_task.c       0x00000000   Number         0  os_task.o ABSOLUTE
    Software\uCOS-III\Source\os_tick.c       0x00000000   Number         0  os_tick.o ABSOLUTE
    Software\uCOS-III\Source\os_time.c       0x00000000   Number         0  os_time.o ABSOLUTE
    Software\uCOS-III\Source\os_tmr.c        0x00000000   Number         0  os_tmr.o ABSOLUTE
    Software\uCOS-III\Source\os_var.c        0x00000000   Number         0  os_var.o ABSOLUTE
    Software\user\BSP\bsp.c                  0x00000000   Number         0  bsp.o ABSOLUTE
    Software\user\BSP\bsp_os.c               0x00000000   Number         0  bsp_os.o ABSOLUTE
    Software\user\configuration_os\app_hooks.c 0x00000000   Number         0  app_hooks.o ABSOLUTE
    Software\user\configuration_os\os_app_hooks.c 0x00000000   Number         0  os_app_hooks.o ABSOLUTE
    dc.s                                     0x00000000   Number         0  dc.o ABSOLUTE
    main.c                                   0x00000000   Number         0  main.o ABSOLUTE
    main.c                                   0x00000000   Number         0  main.o ABSOLUTE
    !!!main                                  0x000000cc   Section        8  __main.o(!!!main)
    !!!scatter                               0x000000d4   Section       52  __scatter.o(!!!scatter)
    !!dczerorl2                              0x00000108   Section       90  __dczerorl2.o(!!dczerorl2)
    !!handler_zi                             0x00000164   Section       28  __scatter_zi.o(!!handler_zi)
    .ARM.Collect$$libinit$$00000000          0x00000180   Section        2  libinit.o(.ARM.Collect$$libinit$$00000000)
    .ARM.Collect$$libinit$$00000002          0x00000182   Section        0  libinit2.o(.ARM.Collect$$libinit$$00000002)
    .ARM.Collect$$libinit$$00000004          0x00000182   Section        0  libinit2.o(.ARM.Collect$$libinit$$00000004)
    .ARM.Collect$$libinit$$0000000A          0x00000182   Section        0  libinit2.o(.ARM.Collect$$libinit$$0000000A)
    .ARM.Collect$$libinit$$0000000C          0x00000182   Section        0  libinit2.o(.ARM.Collect$$libinit$$0000000C)
    .ARM.Collect$$libinit$$0000000E          0x00000182   Section        0  libinit2.o(.ARM.Collect$$libinit$$0000000E)
    .ARM.Collect$$libinit$$00000011          0x00000182   Section        0  libinit2.o(.ARM.Collect$$libinit$$00000011)
    .ARM.Collect$$libinit$$00000013          0x00000182   Section        0  libinit2.o(.ARM.Collect$$libinit$$00000013)
    .ARM.Collect$$libinit$$00000015          0x00000182   Section        0  libinit2.o(.ARM.Collect$$libinit$$00000015)
    .ARM.Collect$$libinit$$00000017          0x00000182   Section        0  libinit2.o(.ARM.Collect$$libinit$$00000017)
    .ARM.Collect$$libinit$$00000019          0x00000182   Section        0  libinit2.o(.ARM.Collect$$libinit$$00000019)
    .ARM.Collect$$libinit$$0000001B          0x00000182   Section        0  libinit2.o(.ARM.Collect$$libinit$$0000001B)
    .ARM.Collect$$libinit$$0000001D          0x00000182   Section        0  libinit2.o(.ARM.Collect$$libinit$$0000001D)
    .ARM.Collect$$libinit$$0000001F          0x00000182   Section        0  libinit2.o(.ARM.Collect$$libinit$$0000001F)
    .ARM.Collect$$libinit$$00000021          0x00000182   Section        0  libinit2.o(.ARM.Collect$$libinit$$00000021)
    .ARM.Collect$$libinit$$00000023          0x00000182   Section        0  libinit2.o(.ARM.Collect$$libinit$$00000023)
    .ARM.Collect$$libinit$$00000025          0x00000182   Section        0  libinit2.o(.ARM.Collect$$libinit$$00000025)
    .ARM.Collect$$libinit$$0000002C          0x00000182   Section        0  libinit2.o(.ARM.Collect$$libinit$$0000002C)
    .ARM.Collect$$libinit$$0000002E          0x00000182   Section        0  libinit2.o(.ARM.Collect$$libinit$$0000002E)
    .ARM.Collect$$libinit$$00000030          0x00000182   Section        0  libinit2.o(.ARM.Collect$$libinit$$00000030)
    .ARM.Collect$$libinit$$00000032          0x00000182   Section        0  libinit2.o(.ARM.Collect$$libinit$$00000032)
    .ARM.Collect$$libinit$$00000033          0x00000182   Section        2  libinit2.o(.ARM.Collect$$libinit$$00000033)
    .ARM.Collect$$libshutdown$$00000000      0x00000184   Section        2  libshutdown.o(.ARM.Collect$$libshutdown$$00000000)
    .ARM.Collect$$libshutdown$$00000002      0x00000186   Section        0  libshutdown2.o(.ARM.Collect$$libshutdown$$00000002)
    .ARM.Collect$$libshutdown$$00000004      0x00000186   Section        0  libshutdown2.o(.ARM.Collect$$libshutdown$$00000004)
    .ARM.Collect$$libshutdown$$00000006      0x00000186   Section        0  libshutdown2.o(.ARM.Collect$$libshutdown$$00000006)
    .ARM.Collect$$libshutdown$$00000009      0x00000186   Section        0  libshutdown2.o(.ARM.Collect$$libshutdown$$00000009)
    .ARM.Collect$$libshutdown$$0000000C      0x00000186   Section        0  libshutdown2.o(.ARM.Collect$$libshutdown$$0000000C)
    .ARM.Collect$$libshutdown$$0000000E      0x00000186   Section        0  libshutdown2.o(.ARM.Collect$$libshutdown$$0000000E)
    .ARM.Collect$$libshutdown$$00000011      0x00000186   Section        0  libshutdown2.o(.ARM.Collect$$libshutdown$$00000011)
    .ARM.Collect$$libshutdown$$00000012      0x00000186   Section        2  libshutdown2.o(.ARM.Collect$$libshutdown$$00000012)
    .ARM.Collect$$rtentry$$00000000          0x00000188   Section        0  __rtentry.o(.ARM.Collect$$rtentry$$00000000)
    .ARM.Collect$$rtentry$$00000002          0x00000188   Section        0  __rtentry2.o(.ARM.Collect$$rtentry$$00000002)
    .ARM.Collect$$rtentry$$00000004          0x00000188   Section        6  __rtentry4.o(.ARM.Collect$$rtentry$$00000004)
    .ARM.Collect$$rtentry$$00000009          0x0000018e   Section        0  __rtentry2.o(.ARM.Collect$$rtentry$$00000009)
    .ARM.Collect$$rtentry$$0000000A          0x0000018e   Section        4  __rtentry2.o(.ARM.Collect$$rtentry$$0000000A)
    .ARM.Collect$$rtentry$$0000000C          0x00000192   Section        0  __rtentry2.o(.ARM.Collect$$rtentry$$0000000C)
    .ARM.Collect$$rtentry$$0000000D          0x00000192   Section        8  __rtentry2.o(.ARM.Collect$$rtentry$$0000000D)
    .ARM.Collect$$rtexit$$00000000           0x0000019a   Section        2  rtexit.o(.ARM.Collect$$rtexit$$00000000)
    .ARM.Collect$$rtexit$$00000002           0x0000019c   Section        0  rtexit2.o(.ARM.Collect$$rtexit$$00000002)
    .ARM.Collect$$rtexit$$00000003           0x0000019c   Section        4  rtexit2.o(.ARM.Collect$$rtexit$$00000003)
    .ARM.Collect$$rtexit$$00000004           0x000001a0   Section        6  rtexit2.o(.ARM.Collect$$rtexit$$00000004)
    .text                                    0x000001a8   Section       52  cpu_a.o(.text)
    .text                                    0x000001dc   Section      132  os_cpu_a.o(.text)
    .text                                    0x00000260   Section       76  startup_lpc17xx.o(.text)
    .text                                    0x000002ac   Section        0  heapauxi.o(.text)
    .text                                    0x000002b2   Section       74  sys_stackheap_outer.o(.text)
    .ARM.__at_0x02FC                         0x000002fc   Section        4  startup_lpc17xx.o(.ARM.__at_0x02FC)
    .text                                    0x00000300   Section      138  rt_memcpy_v6.o(.text)
    .text                                    0x0000038a   Section      100  rt_memcpy_w.o(.text)
    .text                                    0x000003ee   Section        0  exit.o(.text)
    .text                                    0x00000400   Section        8  libspace.o(.text)
    .text                                    0x00000408   Section        0  sys_exit.o(.text)
    .text                                    0x00000414   Section        2  use_no_semi.o(.text)
    .text                                    0x00000416   Section        0  indicate_semi.o(.text)
    i.ADC_IRQHandler                         0x00000418   Section        0  irq_adc.o(i.ADC_IRQHandler)
    i.APP_TSK                                0x0000043c   Section        0  main.o(i.APP_TSK)
    APP_TSK                                  0x0000043d   Thumb Code   182  main.o(i.APP_TSK)
    i.BSP_IntInit                            0x00000504   Section        0  bsp_os.o(i.BSP_IntInit)
    i.BSP_Start                              0x00000550   Section        0  bsp.o(i.BSP_Start)
    i.CPU_Init                               0x0000056c   Section        0  cpu_core.o(i.CPU_Init)
    i.CPU_NameClr                            0x00000578   Section        0  cpu_core.o(i.CPU_NameClr)
    i.CPU_NameInit                           0x000005a8   Section        0  cpu_core.o(i.CPU_NameInit)
    CPU_NameInit                             0x000005a9   Thumb Code     8  cpu_core.o(i.CPU_NameInit)
    i.CPU_TS_Init                            0x000005b0   Section        0  cpu_core.o(i.CPU_TS_Init)
    CPU_TS_Init                              0x000005b1   Thumb Code    14  cpu_core.o(i.CPU_TS_Init)
    i.CPU_TS_TmrFreqSet                      0x000005c4   Section        0  cpu_core.o(i.CPU_TS_TmrFreqSet)
    i.CPU_TS_TmrInit                         0x000005d0   Section        0  bsp.o(i.CPU_TS_TmrInit)
    i.CPU_TS_TmrRd                           0x00000600   Section        0  bsp.o(i.CPU_TS_TmrRd)
    i.CSP_PM_CPU_ClkFreqGet                  0x0000060c   Section        0  csp_pm.o(i.CSP_PM_CPU_ClkFreqGet)
    i.DISPLAY_TSK                            0x00000694   Section        0  main.o(i.DISPLAY_TSK)
    i.DMA_IRQHandler                         0x000007fc   Section        0  main.o(i.DMA_IRQHandler)
    i.GUI_Text                               0x00000890   Section        0  glcd.o(i.GUI_Text)
    i.GetASCIICode                           0x000008e0   Section        0  asciilib.o(i.GetASCIICode)
    i.LCD_Clear                              0x00000900   Section        0  glcd.o(i.LCD_Clear)
    i.LCD_Configuration                      0x00000ef0   Section        0  glcd.o(i.LCD_Configuration)
    LCD_Configuration                        0x00000ef1   Thumb Code    20  glcd.o(i.LCD_Configuration)
    i.LCD_Initialization                     0x00000f08   Section        0  glcd.o(i.LCD_Initialization)
    i.LCD_SetCursor                          0x00003e00   Section        0  glcd.o(i.LCD_SetCursor)
    LCD_SetCursor                            0x00003e01   Thumb Code  1356  glcd.o(i.LCD_SetCursor)
    i.LCD_SetPoint                           0x00004350   Section        0  glcd.o(i.LCD_SetPoint)
    i.LOCK_TSK                               0x00004424   Section        0  main.o(i.LOCK_TSK)
    i.Mem_Clr                                0x00004588   Section        0  lib_mem.o(i.Mem_Clr)
    i.Mem_Init                               0x0000459c   Section        0  lib_mem.o(i.Mem_Init)
    i.Mem_Set                                0x000045e4   Section        0  lib_mem.o(i.Mem_Set)
    i.OSCfg_Init                             0x00004646   Section        0  os_cfg_app.o(i.OSCfg_Init)
    i.OSIdleTaskHook                         0x00004648   Section        0  os_cpu_c.o(i.OSIdleTaskHook)
    i.OSInit                                 0x0000464c   Section        0  os_core.o(i.OSInit)
    i.OSInitHook                             0x0000474c   Section        0  os_cpu_c.o(i.OSInitHook)
    i.OSIntExit                              0x00004784   Section        0  os_core.o(i.OSIntExit)
    i.OSSched                                0x00004868   Section        0  os_core.o(i.OSSched)
    i.OSStart                                0x00004910   Section        0  os_core.o(i.OSStart)
    i.OSTaskCreate                           0x00004978   Section        0  os_task.o(i.OSTaskCreate)
    i.OSTaskCreateHook                       0x00004ae0   Section        0  os_cpu_c.o(i.OSTaskCreateHook)
    i.OSTaskResume                           0x00004ae4   Section        0  os_task.o(i.OSTaskResume)
    i.OSTaskReturnHook                       0x00004b28   Section        0  os_cpu_c.o(i.OSTaskReturnHook)
    i.OSTaskSemPend                          0x00004b2c   Section        0  os_task.o(i.OSTaskSemPend)
    i.OSTaskSemPost                          0x00004cf0   Section        0  os_task.o(i.OSTaskSemPost)
    i.OSTaskStkInit                          0x00004d14   Section        0  os_cpu_c.o(i.OSTaskStkInit)
    i.OSTaskSuspend                          0x00004dd4   Section        0  os_task.o(i.OSTaskSuspend)
    i.OSTaskSwHook                           0x00004e0c   Section        0  os_cpu_c.o(i.OSTaskSwHook)
    i.OSTimeDly                              0x00004e60   Section        0  os_time.o(i.OSTimeDly)
    i.OSTimeTick                             0x00004f24   Section        0  os_time.o(i.OSTimeTick)
    i.OSTimeTickHook                         0x00004f54   Section        0  os_cpu_c.o(i.OSTimeTickHook)
    i.OS_CPU_SysTickHandler                  0x00004f58   Section        0  os_cpu_c.o(i.OS_CPU_SysTickHandler)
    i.OS_CPU_SysTickInit                     0x00004f90   Section        0  os_cpu_c.o(i.OS_CPU_SysTickInit)
    i.OS_Dbg_Init                            0x00004fc0   Section        0  os_dbg.o(i.OS_Dbg_Init)
    i.OS_FlagInit                            0x00005130   Section        0  os_flag.o(i.OS_FlagInit)
    i.OS_IdleTask                            0x00005148   Section        0  os_core.o(i.OS_IdleTask)
    i.OS_IdleTaskInit                        0x00005180   Section        0  os_core.o(i.OS_IdleTaskInit)
    i.OS_MemInit                             0x000051f0   Section        0  os_mem.o(i.OS_MemInit)
    i.OS_MsgPoolInit                         0x00005208   Section        0  os_msg.o(i.OS_MsgPoolInit)
    i.OS_MsgQInit                            0x00005264   Section        0  os_msg.o(i.OS_MsgQInit)
    i.OS_Pend                                0x00005274   Section        0  os_core.o(i.OS_Pend)
    i.OS_PendDataInit                        0x000052dc   Section        0  os_core.o(i.OS_PendDataInit)
    i.OS_PendDbgNameAdd                      0x00005304   Section        0  os_core.o(i.OS_PendDbgNameAdd)
    i.OS_PendDbgNameRemove                   0x00005360   Section        0  os_core.o(i.OS_PendDbgNameRemove)
    i.OS_PendListInsertPrio                  0x00005384   Section        0  os_core.o(i.OS_PendListInsertPrio)
    i.OS_PendListRemove                      0x000053ea   Section        0  os_core.o(i.OS_PendListRemove)
    i.OS_PendListRemove1                     0x0000541a   Section        0  os_core.o(i.OS_PendListRemove1)
    i.OS_Post                                0x0000545c   Section        0  os_core.o(i.OS_Post)
    i.OS_Post1                               0x0000551c   Section        0  os_core.o(i.OS_Post1)
    i.OS_PrioGetHighest                      0x00005548   Section        0  os_prio.o(i.OS_PrioGetHighest)
    i.OS_PrioInit                            0x00005570   Section        0  os_prio.o(i.OS_PrioInit)
    i.OS_PrioInsert                          0x00005588   Section        0  os_prio.o(i.OS_PrioInsert)
    i.OS_PrioRemove                          0x000055ac   Section        0  os_prio.o(i.OS_PrioRemove)
    i.OS_RdyListInit                         0x000055d0   Section        0  os_core.o(i.OS_RdyListInit)
    i.OS_RdyListInsert                       0x000055f4   Section        0  os_core.o(i.OS_RdyListInsert)
    i.OS_RdyListInsertHead                   0x00005620   Section        0  os_core.o(i.OS_RdyListInsertHead)
    i.OS_RdyListInsertTail                   0x00005660   Section        0  os_core.o(i.OS_RdyListInsertTail)
    i.OS_RdyListMoveHeadToTail               0x0000569c   Section        0  os_core.o(i.OS_RdyListMoveHeadToTail)
    i.OS_RdyListRemove                       0x000056e0   Section        0  os_core.o(i.OS_RdyListRemove)
    i.OS_SchedRoundRobin                     0x0000573c   Section        0  os_core.o(i.OS_SchedRoundRobin)
    i.OS_SemInit                             0x0000580c   Section        0  os_sem.o(i.OS_SemInit)
    i.OS_TaskBlock                           0x00005824   Section        0  os_core.o(i.OS_TaskBlock)
    i.OS_TaskDbgListAdd                      0x0000585c   Section        0  os_task.o(i.OS_TaskDbgListAdd)
    i.OS_TaskInit                            0x0000588c   Section        0  os_task.o(i.OS_TaskInit)
    i.OS_TaskInitTCB                         0x000058ac   Section        0  os_task.o(i.OS_TaskInitTCB)
    i.OS_TaskRdy                             0x0000596c   Section        0  os_core.o(i.OS_TaskRdy)
    i.OS_TaskResume                          0x00005988   Section        0  os_task.o(i.OS_TaskResume)
    i.OS_TaskReturn                          0x00005a88   Section        0  os_task.o(i.OS_TaskReturn)
    i.OS_TaskSemPost                         0x00005aac   Section        0  os_task.o(i.OS_TaskSemPost)
    i.OS_TaskSuspend                         0x00005c70   Section        0  os_task.o(i.OS_TaskSuspend)
    i.OS_TickListInit                        0x00005d88   Section        0  os_tick.o(i.OS_TickListInit)
    i.OS_TickListInsert                      0x00005db0   Section        0  os_tick.o(i.OS_TickListInsert)
    i.OS_TickListRemove                      0x00005f6c   Section        0  os_tick.o(i.OS_TickListRemove)
    i.OS_TickListUpdate                      0x00005fa4   Section        0  os_tick.o(i.OS_TickListUpdate)
    i.OS_TickTask                            0x0000612c   Section        0  os_tick.o(i.OS_TickTask)
    i.OS_TickTaskInit                        0x00006158   Section        0  os_tick.o(i.OS_TickTaskInit)
    i.PutChar                                0x00006210   Section        0  glcd.o(i.PutChar)
    i.SystemInit                             0x00006274   Section        0  system_lpc17xx.o(i.SystemInit)
    i.TIMER0_IRQHandler                      0x000063b4   Section        0  irq_timer.o(i.TIMER0_IRQHandler)
    i.TIMER1_IRQHandler                      0x000063f8   Section        0  irq_timer.o(i.TIMER1_IRQHandler)
    i.TIMER2_IRQHandler                      0x00006404   Section        0  irq_timer.o(i.TIMER2_IRQHandler)
    i.TIMER3_IRQHandler                      0x00006410   Section        0  irq_timer.o(i.TIMER3_IRQHandler)
    i.UART2_IRQHandler                       0x00006424   Section        0  uart.o(i.UART2_IRQHandler)
    i.delay_ms                               0x00006426   Section        0  glcd.o(i.delay_ms)
    delay_ms                                 0x00006427   Thumb Code    30  glcd.o(i.delay_ms)
    i.enable_timer                           0x00006444   Section        0  lib_timer.o(i.enable_timer)
    i.init_DMA                               0x00006480   Section        0  lib_dma.o(i.init_DMA)
    i.init_uart                              0x000064d0   Section        0  uart.o(i.init_uart)
    i.main                                   0x00006640   Section        0  main.o(i.main)
    i.tostring                               0x00006740   Section        0  main.o(i.tostring)
    tostring                                 0x00006741   Thumb Code    80  main.o(i.tostring)
    i.transfer_DMA                           0x00006790   Section        0  funct_dma.o(i.transfer_DMA)
    i.wait_delay                             0x00006878   Section        0  glcd.o(i.wait_delay)
    wait_delay                               0x00006879   Thumb Code    12  glcd.o(i.wait_delay)
    .constdata                               0x00006884   Section      164  os_cfg_app.o(.constdata)
    .constdata                               0x00006928   Section      364  os_dbg.o(.constdata)
    .constdata                               0x00006a94   Section     1520  asciilib.o(.constdata)
    AsciiLib                                 0x00006a94   Data        1520  asciilib.o(.constdata)
    .bss                                     0x10000000   Section    15432  lib_mem.o(.bss)
    .data                                    0x2007c000   Section       26  main.o(.data)
    .data                                    0x2007c01c   Section        4  cpu_core.o(.data)
    .data                                    0x2007c020   Section        4  lib_mem.o(.data)
    .data                                    0x2007c024   Section        8  os_prio.o(.data)
    .data                                    0x2007c02c   Section       72  os_var.o(.data)
    .data                                    0x2007c074   Section        4  os_cpu_c.o(.data)
    .data                                    0x2007c078   Section        8  irq_adc.o(.data)
    .data                                    0x2007c080   Section        1  glcd.o(.data)
    LCD_Code                                 0x2007c080   Data           1  glcd.o(.data)
    .data                                    0x2007c084   Section      232  irq_timer.o(.data)
    ticks                                    0x2007c168   Data           4  irq_timer.o(.data)
    .bss                                     0x2007c16c   Section     3624  main.o(.bss)
    APP_TSK_TCB                              0x2007c16c   Data         184  main.o(.bss)
    LOCK_TSK_TCB                             0x2007c224   Data         184  main.o(.bss)
    DISPLAY_TSK_TCB                          0x2007c2dc   Data         184  main.o(.bss)
    APP_TSK_STACK                            0x2007c394   Data        1024  main.o(.bss)
    LOCK_TSK_STACK                           0x2007c794   Data        1024  main.o(.bss)
    DISPLAY_TSK_STACK                        0x2007cb94   Data        1024  main.o(.bss)
    .bss                                     0x2007d000   Section      192  bsp_os.o(.bss)
    .bss                                     0x2007d0c0   Section       16  cpu_core.o(.bss)
    .bss                                     0x2007d0d0   Section     9376  os_cfg_app.o(.bss)
    .bss                                     0x2007f570   Section     1148  os_var.o(.bss)
    .bss                                     0x2007f9ec   Section       96  libspace.o(.bss)
    HEAP                                     0x2007fa50   Section        0  startup_lpc17xx.o(HEAP)
    STACK                                    0x2007fa50   Section      512  startup_lpc17xx.o(STACK)
    Heap_Mem                                 0x2007fa50   Data           0  startup_lpc17xx.o(HEAP)
    Stack_Mem                                0x2007fa50   Data         512  startup_lpc17xx.o(STACK)
    __initial_sp                             0x2007fc50   Data           0  startup_lpc17xx.o(STACK)

    Global Symbols

    Symbol Name                              Value     Ov Type        Size  Object(Section)

    BuildAttributes$$THM_ISAv4$P$D$K$B$S$PE$A:L22UL41UL21$X:L11$S22US41US21$IEEE1$IW$USESV6$~STKCKD$USESV7$~SHL$OSPACE$ROPI$EBA8$UX$STANDARDLIB$REQ8$PRES8$EABIv2 0x00000000   Number         0  anon$$obj.o ABSOLUTE
    __ARM_use_no_argv                        0x00000000   Number         0  main.o ABSOLUTE
    __Vectors                                0x00000000   Data           4  startup_lpc17xx.o(RESET)
    __ARM_exceptions_init                     - Undefined Weak Reference
    __alloca_initialize                       - Undefined Weak Reference
    __arm_fini_                               - Undefined Weak Reference
    __arm_preinit_                            - Undefined Weak Reference
    __cpp_initialize__aeabi_                  - Undefined Weak Reference
    __cxa_finalize                            - Undefined Weak Reference
    __rt_locale                               - Undefined Weak Reference
    __sigvec_lookup                           - Undefined Weak Reference
    _atexit_init                              - Undefined Weak Reference
    _call_atexit_fns                          - Undefined Weak Reference
    _clock_init                               - Undefined Weak Reference
    _fp_trap_init                             - Undefined Weak Reference
    _fp_trap_shutdown                         - Undefined Weak Reference
    _get_lc_collate                           - Undefined Weak Reference
    _get_lc_ctype                             - Undefined Weak Reference
    _get_lc_monetary                          - Undefined Weak Reference
    _get_lc_numeric                           - Undefined Weak Reference
    _get_lc_time                              - Undefined Weak Reference
    _getenv_init                              - Undefined Weak Reference
    _handle_redirection                       - Undefined Weak Reference
    _init_alloc                               - Undefined Weak Reference
    _init_user_alloc                          - Undefined Weak Reference
    _initio                                   - Undefined Weak Reference
    _rand_init                                - Undefined Weak Reference
    _signal_finish                            - Undefined Weak Reference
    _signal_init                              - Undefined Weak Reference
    _terminate_alloc                          - Undefined Weak Reference
    _terminate_user_alloc                     - Undefined Weak Reference
    _terminateio                              - Undefined Weak Reference
    __main                                   0x000000cd   Thumb Code     8  __main.o(!!!main)
    __scatterload                            0x000000d5   Thumb Code     0  __scatter.o(!!!scatter)
    __scatterload_rt2                        0x000000d5   Thumb Code    44  __scatter.o(!!!scatter)
    __scatterload_rt2_thumb_only             0x000000d5   Thumb Code     0  __scatter.o(!!!scatter)
    __scatterload_null                       0x000000e3   Thumb Code     0  __scatter.o(!!!scatter)
    __decompress                             0x00000109   Thumb Code    90  __dczerorl2.o(!!dczerorl2)
    __decompress1                            0x00000109   Thumb Code     0  __dczerorl2.o(!!dczerorl2)
    __scatterload_zeroinit                   0x00000165   Thumb Code    28  __scatter_zi.o(!!handler_zi)
    __rt_lib_init                            0x00000181   Thumb Code     0  libinit.o(.ARM.Collect$$libinit$$00000000)
    __rt_lib_init_alloca_1                   0x00000183   Thumb Code     0  libinit2.o(.ARM.Collect$$libinit$$0000002E)
    __rt_lib_init_argv_1                     0x00000183   Thumb Code     0  libinit2.o(.ARM.Collect$$libinit$$0000002C)
    __rt_lib_init_atexit_1                   0x00000183   Thumb Code     0  libinit2.o(.ARM.Collect$$libinit$$0000001B)
    __rt_lib_init_clock_1                    0x00000183   Thumb Code     0  libinit2.o(.ARM.Collect$$libinit$$00000021)
    __rt_lib_init_cpp_1                      0x00000183   Thumb Code     0  libinit2.o(.ARM.Collect$$libinit$$00000032)
    __rt_lib_init_exceptions_1               0x00000183   Thumb Code     0  libinit2.o(.ARM.Collect$$libinit$$00000030)
    __rt_lib_init_fp_1                       0x00000183   Thumb Code     0  libinit2.o(.ARM.Collect$$libinit$$00000002)
    __rt_lib_init_fp_trap_1                  0x00000183   Thumb Code     0  libinit2.o(.ARM.Collect$$libinit$$0000001F)
    __rt_lib_init_getenv_1                   0x00000183   Thumb Code     0  libinit2.o(.ARM.Collect$$libinit$$00000023)
    __rt_lib_init_heap_1                     0x00000183   Thumb Code     0  libinit2.o(.ARM.Collect$$libinit$$0000000A)
    __rt_lib_init_lc_collate_1               0x00000183   Thumb Code     0  libinit2.o(.ARM.Collect$$libinit$$00000011)
    __rt_lib_init_lc_ctype_1                 0x00000183   Thumb Code     0  libinit2.o(.ARM.Collect$$libinit$$00000013)
    __rt_lib_init_lc_monetary_1              0x00000183   Thumb Code     0  libinit2.o(.ARM.Collect$$libinit$$00000015)
    __rt_lib_init_lc_numeric_1               0x00000183   Thumb Code     0  libinit2.o(.ARM.Collect$$libinit$$00000017)
    __rt_lib_init_lc_time_1                  0x00000183   Thumb Code     0  libinit2.o(.ARM.Collect$$libinit$$00000019)
    __rt_lib_init_preinit_1                  0x00000183   Thumb Code     0  libinit2.o(.ARM.Collect$$libinit$$00000004)
    __rt_lib_init_rand_1                     0x00000183   Thumb Code     0  libinit2.o(.ARM.Collect$$libinit$$0000000E)
    __rt_lib_init_return                     0x00000183   Thumb Code     0  libinit2.o(.ARM.Collect$$libinit$$00000033)
    __rt_lib_init_signal_1                   0x00000183   Thumb Code     0  libinit2.o(.ARM.Collect$$libinit$$0000001D)
    __rt_lib_init_stdio_1                    0x00000183   Thumb Code     0  libinit2.o(.ARM.Collect$$libinit$$00000025)
    __rt_lib_init_user_alloc_1               0x00000183   Thumb Code     0  libinit2.o(.ARM.Collect$$libinit$$0000000C)
    __rt_lib_shutdown                        0x00000185   Thumb Code     0  libshutdown.o(.ARM.Collect$$libshutdown$$00000000)
    __rt_lib_shutdown_cpp_1                  0x00000187   Thumb Code     0  libshutdown2.o(.ARM.Collect$$libshutdown$$00000004)
    __rt_lib_shutdown_fini_1                 0x00000187   Thumb Code     0  libshutdown2.o(.ARM.Collect$$libshutdown$$00000002)
    __rt_lib_shutdown_fp_trap_1              0x00000187   Thumb Code     0  libshutdown2.o(.ARM.Collect$$libshutdown$$00000009)
    __rt_lib_shutdown_heap_1                 0x00000187   Thumb Code     0  libshutdown2.o(.ARM.Collect$$libshutdown$$00000011)
    __rt_lib_shutdown_return                 0x00000187   Thumb Code     0  libshutdown2.o(.ARM.Collect$$libshutdown$$00000012)
    __rt_lib_shutdown_signal_1               0x00000187   Thumb Code     0  libshutdown2.o(.ARM.Collect$$libshutdown$$0000000C)
    __rt_lib_shutdown_stdio_1                0x00000187   Thumb Code     0  libshutdown2.o(.ARM.Collect$$libshutdown$$00000006)
    __rt_lib_shutdown_user_alloc_1           0x00000187   Thumb Code     0  libshutdown2.o(.ARM.Collect$$libshutdown$$0000000E)
    __rt_entry                               0x00000189   Thumb Code     0  __rtentry.o(.ARM.Collect$$rtentry$$00000000)
    __rt_entry_presh_1                       0x00000189   Thumb Code     0  __rtentry2.o(.ARM.Collect$$rtentry$$00000002)
    __rt_entry_sh                            0x00000189   Thumb Code     0  __rtentry4.o(.ARM.Collect$$rtentry$$00000004)
    __rt_entry_li                            0x0000018f   Thumb Code     0  __rtentry2.o(.ARM.Collect$$rtentry$$0000000A)
    __rt_entry_postsh_1                      0x0000018f   Thumb Code     0  __rtentry2.o(.ARM.Collect$$rtentry$$00000009)
    __rt_entry_main                          0x00000193   Thumb Code     0  __rtentry2.o(.ARM.Collect$$rtentry$$0000000D)
    __rt_entry_postli_1                      0x00000193   Thumb Code     0  __rtentry2.o(.ARM.Collect$$rtentry$$0000000C)
    __rt_exit                                0x0000019b   Thumb Code     0  rtexit.o(.ARM.Collect$$rtexit$$00000000)
    __rt_exit_ls                             0x0000019d   Thumb Code     0  rtexit2.o(.ARM.Collect$$rtexit$$00000003)
    __rt_exit_prels_1                        0x0000019d   Thumb Code     0  rtexit2.o(.ARM.Collect$$rtexit$$00000002)
    __rt_exit_exit                           0x000001a1   Thumb Code     0  rtexit2.o(.ARM.Collect$$rtexit$$00000004)
    CPU_IntDis                               0x000001a9   Thumb Code     4  cpu_a.o(.text)
    CPU_IntEn                                0x000001ad   Thumb Code     4  cpu_a.o(.text)
    CPU_SR_Save                              0x000001b1   Thumb Code     8  cpu_a.o(.text)
    CPU_SR_Restore                           0x000001b9   Thumb Code     6  cpu_a.o(.text)
    CPU_WaitForInt                           0x000001bf   Thumb Code     4  cpu_a.o(.text)
    CPU_WaitForExcept                        0x000001c3   Thumb Code     4  cpu_a.o(.text)
    CPU_CntLeadZeros                         0x000001c7   Thumb Code     6  cpu_a.o(.text)
    CPU_CntTrailZeros                        0x000001cd   Thumb Code    10  cpu_a.o(.text)
    CPU_RevBits                              0x000001d7   Thumb Code     6  cpu_a.o(.text)
    OSStartHighRdy                           0x000001dd   Thumb Code    34  os_cpu_a.o(.text)
    OS_CPU_PendSVHandler                     0x000001ff   Thumb Code    20  os_cpu_a.o(.text)
    Reset_Handler                            0x00000261   Thumb Code     4  startup_lpc17xx.o(.text)
    App_NMI_Handler                          0x00000265   Thumb Code     2  startup_lpc17xx.o(.text)
    App_HardFault_Handler                    0x00000267   Thumb Code    18  startup_lpc17xx.o(.text)
    App_MemManage_Handler                    0x00000279   Thumb Code     2  startup_lpc17xx.o(.text)
    App_BusFault_Handler                     0x0000027b   Thumb Code     2  startup_lpc17xx.o(.text)
    App_UsageFault_Handler                   0x0000027d   Thumb Code     2  startup_lpc17xx.o(.text)
    SVC_Handler                              0x0000027f   Thumb Code     2  startup_lpc17xx.o(.text)
    DebugMon_Handler                         0x00000281   Thumb Code     2  startup_lpc17xx.o(.text)
    BOD_IRQHandler                           0x00000287   Thumb Code     0  startup_lpc17xx.o(.text)
    CANActivity_IRQHandler                   0x00000287   Thumb Code     0  startup_lpc17xx.o(.text)
    CAN_IRQHandler                           0x00000287   Thumb Code     0  startup_lpc17xx.o(.text)
    EINT0_IRQHandler                         0x00000287   Thumb Code     0  startup_lpc17xx.o(.text)
    EINT1_IRQHandler                         0x00000287   Thumb Code     0  startup_lpc17xx.o(.text)
    EINT2_IRQHandler                         0x00000287   Thumb Code     0  startup_lpc17xx.o(.text)
    EINT3_IRQHandler                         0x00000287   Thumb Code     0  startup_lpc17xx.o(.text)
    ENET_IRQHandler                          0x00000287   Thumb Code     0  startup_lpc17xx.o(.text)
    I2C0_IRQHandler                          0x00000287   Thumb Code     0  startup_lpc17xx.o(.text)
    I2C1_IRQHandler                          0x00000287   Thumb Code     0  startup_lpc17xx.o(.text)
    I2C2_IRQHandler                          0x00000287   Thumb Code     0  startup_lpc17xx.o(.text)
    I2S_IRQHandler                           0x00000287   Thumb Code     0  startup_lpc17xx.o(.text)
    MCPWM_IRQHandler                         0x00000287   Thumb Code     0  startup_lpc17xx.o(.text)
    PLL0_IRQHandler                          0x00000287   Thumb Code     0  startup_lpc17xx.o(.text)
    PLL1_IRQHandler                          0x00000287   Thumb Code     0  startup_lpc17xx.o(.text)
    PWM1_IRQHandler                          0x00000287   Thumb Code     0  startup_lpc17xx.o(.text)
    QEI_IRQHandler                           0x00000287   Thumb Code     0  startup_lpc17xx.o(.text)
    RIT_IRQHandler                           0x00000287   Thumb Code     0  startup_lpc17xx.o(.text)
    RTC_IRQHandler                           0x00000287   Thumb Code     0  startup_lpc17xx.o(.text)
    SPI_IRQHandler                           0x00000287   Thumb Code     0  startup_lpc17xx.o(.text)
    SSP0_IRQHandler                          0x00000287   Thumb Code     0  startup_lpc17xx.o(.text)
    SSP1_IRQHandler                          0x00000287   Thumb Code     0  startup_lpc17xx.o(.text)
    UART0_IRQHandler                         0x00000287   Thumb Code     0  startup_lpc17xx.o(.text)
    UART1_IRQHandler                         0x00000287   Thumb Code     0  startup_lpc17xx.o(.text)
    UART3_IRQHandler                         0x00000287   Thumb Code     0  startup_lpc17xx.o(.text)
    USBActivity_IRQHandler                   0x00000287   Thumb Code     0  startup_lpc17xx.o(.text)
    USB_IRQHandler                           0x00000287   Thumb Code     0  startup_lpc17xx.o(.text)
    WDT_IRQHandler                           0x00000287   Thumb Code     0  startup_lpc17xx.o(.text)
    __user_initial_stackheap                 0x00000289   Thumb Code     0  startup_lpc17xx.o(.text)
    __use_two_region_memory                  0x000002ad   Thumb Code     2  heapauxi.o(.text)
    __rt_heap_escrow$2region                 0x000002af   Thumb Code     2  heapauxi.o(.text)
    __rt_heap_expand$2region                 0x000002b1   Thumb Code     2  heapauxi.o(.text)
    __user_setup_stackheap                   0x000002b3   Thumb Code    74  sys_stackheap_outer.o(.text)
    __aeabi_memcpy                           0x00000301   Thumb Code     0  rt_memcpy_v6.o(.text)
    __rt_memcpy                              0x00000301   Thumb Code   138  rt_memcpy_v6.o(.text)
    _memcpy_lastbytes                        0x00000367   Thumb Code     0  rt_memcpy_v6.o(.text)
    __aeabi_memcpy4                          0x0000038b   Thumb Code     0  rt_memcpy_w.o(.text)
    __aeabi_memcpy8                          0x0000038b   Thumb Code     0  rt_memcpy_w.o(.text)
    __rt_memcpy_w                            0x0000038b   Thumb Code   100  rt_memcpy_w.o(.text)
    _memcpy_lastbytes_aligned                0x000003d3   Thumb Code     0  rt_memcpy_w.o(.text)
    exit                                     0x000003ef   Thumb Code    18  exit.o(.text)
    __user_libspace                          0x00000401   Thumb Code     8  libspace.o(.text)
    __user_perproc_libspace                  0x00000401   Thumb Code     0  libspace.o(.text)
    __user_perthread_libspace                0x00000401   Thumb Code     0  libspace.o(.text)
    _sys_exit                                0x00000409   Thumb Code     8  sys_exit.o(.text)
    __I$use$semihosting                      0x00000415   Thumb Code     0  use_no_semi.o(.text)
    __use_no_semihosting_swi                 0x00000415   Thumb Code     2  use_no_semi.o(.text)
    __semihosting_library_function           0x00000417   Thumb Code     0  indicate_semi.o(.text)
    ADC_IRQHandler                           0x00000419   Thumb Code    22  irq_adc.o(i.ADC_IRQHandler)
    BSP_IntInit                              0x00000505   Thumb Code    66  bsp_os.o(i.BSP_IntInit)
    BSP_Start                                0x00000551   Thumb Code    24  bsp.o(i.BSP_Start)
    CPU_Init                                 0x0000056d   Thumb Code    12  cpu_core.o(i.CPU_Init)
    CPU_NameClr                              0x00000579   Thumb Code    42  cpu_core.o(i.CPU_NameClr)
    CPU_TS_TmrFreqSet                        0x000005c5   Thumb Code     6  cpu_core.o(i.CPU_TS_TmrFreqSet)
    CPU_TS_TmrInit                           0x000005d1   Thumb Code    40  bsp.o(i.CPU_TS_TmrInit)
    CPU_TS_TmrRd                             0x00000601   Thumb Code     6  bsp.o(i.CPU_TS_TmrRd)
    CSP_PM_CPU_ClkFreqGet                    0x0000060d   Thumb Code   118  csp_pm.o(i.CSP_PM_CPU_ClkFreqGet)
    DISPLAY_TSK                              0x00000695   Thumb Code   320  main.o(i.DISPLAY_TSK)
    DMA_IRQHandler                           0x000007fd   Thumb Code    84  main.o(i.DMA_IRQHandler)
    GUI_Text                                 0x00000891   Thumb Code    80  glcd.o(i.GUI_Text)
    GetASCIICode                             0x000008e1   Thumb Code    26  asciilib.o(i.GetASCIICode)
    LCD_Clear                                0x00000901   Thumb Code  1514  glcd.o(i.LCD_Clear)
    LCD_Initialization                       0x00000f09   Thumb Code 12020  glcd.o(i.LCD_Initialization)
    LCD_SetPoint                             0x00004351   Thumb Code   206  glcd.o(i.LCD_SetPoint)
    LOCK_TSK                                 0x00004425   Thumb Code   246  main.o(i.LOCK_TSK)
    Mem_Clr                                  0x00004589   Thumb Code    18  lib_mem.o(i.Mem_Clr)
    Mem_Init                                 0x0000459d   Thumb Code    54  lib_mem.o(i.Mem_Init)
    Mem_Set                                  0x000045e5   Thumb Code    98  lib_mem.o(i.Mem_Set)
    OSCfg_Init                               0x00004647   Thumb Code     2  os_cfg_app.o(i.OSCfg_Init)
    OSIdleTaskHook                           0x00004649   Thumb Code     2  os_cpu_c.o(i.OSIdleTaskHook)
    OSInit                                   0x0000464d   Thumb Code   200  os_core.o(i.OSInit)
    OSInitHook                               0x0000474d   Thumb Code    42  os_cpu_c.o(i.OSInitHook)
    OSIntExit                                0x00004785   Thumb Code   192  os_core.o(i.OSIntExit)
    OSSched                                  0x00004869   Thumb Code   134  os_core.o(i.OSSched)
    OSStart                                  0x00004911   Thumb Code    78  os_core.o(i.OSStart)
    OSTaskCreate                             0x00004979   Thumb Code   340  os_task.o(i.OSTaskCreate)
    OSTaskCreateHook                         0x00004ae1   Thumb Code     2  os_cpu_c.o(i.OSTaskCreateHook)
    OSTaskResume                             0x00004ae5   Thumb Code    64  os_task.o(i.OSTaskResume)
    OSTaskReturnHook                         0x00004b29   Thumb Code     2  os_cpu_c.o(i.OSTaskReturnHook)
    OSTaskSemPend                            0x00004b2d   Thumb Code   438  os_task.o(i.OSTaskSemPend)
    OSTaskSemPost                            0x00004cf1   Thumb Code    36  os_task.o(i.OSTaskSemPost)
    OSTaskStkInit                            0x00004d15   Thumb Code   188  os_cpu_c.o(i.OSTaskStkInit)
    OSTaskSuspend                            0x00004dd5   Thumb Code    48  os_task.o(i.OSTaskSuspend)
    OSTaskSwHook                             0x00004e0d   Thumb Code    74  os_cpu_c.o(i.OSTaskSwHook)
    OSTimeDly                                0x00004e61   Thumb Code   182  os_time.o(i.OSTimeDly)
    OSTimeTick                               0x00004f25   Thumb Code    36  os_time.o(i.OSTimeTick)
    OSTimeTickHook                           0x00004f55   Thumb Code     2  os_cpu_c.o(i.OSTimeTickHook)
    OS_CPU_SysTickHandler                    0x00004f59   Thumb Code    52  os_cpu_c.o(i.OS_CPU_SysTickHandler)
    OS_CPU_SysTickInit                       0x00004f91   Thumb Code    44  os_cpu_c.o(i.OS_CPU_SysTickInit)
    OS_Dbg_Init                              0x00004fc1   Thumb Code   128  os_dbg.o(i.OS_Dbg_Init)
    OS_FlagInit                              0x00005131   Thumb Code    14  os_flag.o(i.OS_FlagInit)
    OS_IdleTask                              0x00005149   Thumb Code    50  os_core.o(i.OS_IdleTask)
    OS_IdleTaskInit                          0x00005181   Thumb Code    66  os_core.o(i.OS_IdleTaskInit)
    OS_MemInit                               0x000051f1   Thumb Code    14  os_mem.o(i.OS_MemInit)
    OS_MsgPoolInit                           0x00005209   Thumb Code    80  os_msg.o(i.OS_MsgPoolInit)
    OS_MsgQInit                              0x00005265   Thumb Code    14  os_msg.o(i.OS_MsgQInit)
    OS_Pend                                  0x00005275   Thumb Code    98  os_core.o(i.OS_Pend)
    OS_PendDataInit                          0x000052dd   Thumb Code    38  os_core.o(i.OS_PendDataInit)
    OS_PendDbgNameAdd                        0x00005305   Thumb Code    66  os_core.o(i.OS_PendDbgNameAdd)
    OS_PendDbgNameRemove                     0x00005361   Thumb Code    30  os_core.o(i.OS_PendDbgNameRemove)
    OS_PendListInsertPrio                    0x00005385   Thumb Code   102  os_core.o(i.OS_PendListInsertPrio)
    OS_PendListRemove                        0x000053eb   Thumb Code    48  os_core.o(i.OS_PendListRemove)
    OS_PendListRemove1                       0x0000541b   Thumb Code    66  os_core.o(i.OS_PendListRemove1)
    OS_Post                                  0x0000545d   Thumb Code   192  os_core.o(i.OS_Post)
    OS_Post1                                 0x0000551d   Thumb Code    42  os_core.o(i.OS_Post1)
    OS_PrioGetHighest                        0x00005549   Thumb Code    36  os_prio.o(i.OS_PrioGetHighest)
    OS_PrioInit                              0x00005571   Thumb Code    20  os_prio.o(i.OS_PrioInit)
    OS_PrioInsert                            0x00005589   Thumb Code    32  os_prio.o(i.OS_PrioInsert)
    OS_PrioRemove                            0x000055ad   Thumb Code    32  os_prio.o(i.OS_PrioRemove)
    OS_RdyListInit                           0x000055d1   Thumb Code    32  os_core.o(i.OS_RdyListInit)
    OS_RdyListInsert                         0x000055f5   Thumb Code    40  os_core.o(i.OS_RdyListInsert)
    OS_RdyListInsertHead                     0x00005621   Thumb Code    58  os_core.o(i.OS_RdyListInsertHead)
    OS_RdyListInsertTail                     0x00005661   Thumb Code    56  os_core.o(i.OS_RdyListInsertTail)
    OS_RdyListMoveHeadToTail                 0x0000569d   Thumb Code    68  os_core.o(i.OS_RdyListMoveHeadToTail)
    OS_RdyListRemove                         0x000056e1   Thumb Code    86  os_core.o(i.OS_RdyListRemove)
    OS_SchedRoundRobin                       0x0000573d   Thumb Code   190  os_core.o(i.OS_SchedRoundRobin)
    OS_SemInit                               0x0000580d   Thumb Code    14  os_sem.o(i.OS_SemInit)
    OS_TaskBlock                             0x00005825   Thumb Code    56  os_core.o(i.OS_TaskBlock)
    OS_TaskDbgListAdd                        0x0000585d   Thumb Code    42  os_task.o(i.OS_TaskDbgListAdd)
    OS_TaskInit                              0x0000588d   Thumb Code    18  os_task.o(i.OS_TaskInit)
    OS_TaskInitTCB                           0x000058ad   Thumb Code   178  os_task.o(i.OS_TaskInitTCB)
    OS_TaskRdy                               0x0000596d   Thumb Code    28  os_core.o(i.OS_TaskRdy)
    OS_TaskResume                            0x00005989   Thumb Code   256  os_task.o(i.OS_TaskResume)
    OS_TaskReturn                            0x00005a89   Thumb Code    26  os_task.o(i.OS_TaskReturn)
    OS_TaskSemPost                           0x00005aad   Thumb Code   448  os_task.o(i.OS_TaskSemPost)
    OS_TaskSuspend                           0x00005c71   Thumb Code   272  os_task.o(i.OS_TaskSuspend)
    OS_TickListInit                          0x00005d89   Thumb Code    32  os_tick.o(i.OS_TickListInit)
    OS_TickListInsert                        0x00005db1   Thumb Code   430  os_tick.o(i.OS_TickListInsert)
    OS_TickListRemove                        0x00005f6d   Thumb Code    56  os_tick.o(i.OS_TickListRemove)
    OS_TickListUpdate                        0x00005fa5   Thumb Code   376  os_tick.o(i.OS_TickListUpdate)
    OS_TickTask                              0x0000612d   Thumb Code    38  os_tick.o(i.OS_TickTask)
    OS_TickTaskInit                          0x00006159   Thumb Code   128  os_tick.o(i.OS_TickTaskInit)
    PutChar                                  0x00006211   Thumb Code   100  glcd.o(i.PutChar)
    SystemInit                               0x00006275   Thumb Code   302  system_lpc17xx.o(i.SystemInit)
    TIMER0_IRQHandler                        0x000063b5   Thumb Code    54  irq_timer.o(i.TIMER0_IRQHandler)
    TIMER1_IRQHandler                        0x000063f9   Thumb Code     8  irq_timer.o(i.TIMER1_IRQHandler)
    TIMER2_IRQHandler                        0x00006405   Thumb Code     8  irq_timer.o(i.TIMER2_IRQHandler)
    TIMER3_IRQHandler                        0x00006411   Thumb Code    16  irq_timer.o(i.TIMER3_IRQHandler)
    UART2_IRQHandler                         0x00006425   Thumb Code     2  uart.o(i.UART2_IRQHandler)
    enable_timer                             0x00006445   Thumb Code    48  lib_timer.o(i.enable_timer)
    init_DMA                                 0x00006481   Thumb Code    70  lib_dma.o(i.init_DMA)
    init_uart                                0x000064d1   Thumb Code   342  uart.o(i.init_uart)
    main                                     0x00006641   Thumb Code   186  main.o(i.main)
    transfer_DMA                             0x00006791   Thumb Code   222  funct_dma.o(i.transfer_DMA)
    OSCfg_IdleTaskStkBasePtr                 0x00006884   Data           4  os_cfg_app.o(.constdata)
    OSCfg_IdleTaskStkLimit                   0x00006888   Data           4  os_cfg_app.o(.constdata)
    OSCfg_IdleTaskStkSize                    0x0000688c   Data           4  os_cfg_app.o(.constdata)
    OSCfg_IdleTaskStkSizeRAM                 0x00006890   Data           4  os_cfg_app.o(.constdata)
    OSCfg_IntQBasePtr                        0x00006894   Data           4  os_cfg_app.o(.constdata)
    OSCfg_IntQSize                           0x00006898   Data           2  os_cfg_app.o(.constdata)
    OSCfg_IntQSizeRAM                        0x0000689c   Data           4  os_cfg_app.o(.constdata)
    OSCfg_IntQTaskStkBasePtr                 0x000068a0   Data           4  os_cfg_app.o(.constdata)
    OSCfg_IntQTaskStkLimit                   0x000068a4   Data           4  os_cfg_app.o(.constdata)
    OSCfg_IntQTaskStkSize                    0x000068a8   Data           4  os_cfg_app.o(.constdata)
    OSCfg_IntQTaskStkSizeRAM                 0x000068ac   Data           4  os_cfg_app.o(.constdata)
    OSCfg_ISRStkBasePtr                      0x000068b0   Data           4  os_cfg_app.o(.constdata)
    OSCfg_ISRStkSize                         0x000068b4   Data           4  os_cfg_app.o(.constdata)
    OSCfg_ISRStkSizeRAM                      0x000068b8   Data           4  os_cfg_app.o(.constdata)
    OSCfg_MsgPoolSize                        0x000068bc   Data           2  os_cfg_app.o(.constdata)
    OSCfg_MsgPoolSizeRAM                     0x000068c0   Data           4  os_cfg_app.o(.constdata)
    OSCfg_MsgPoolBasePtr                     0x000068c4   Data           4  os_cfg_app.o(.constdata)
    OSCfg_StatTaskPrio                       0x000068c8   Data           1  os_cfg_app.o(.constdata)
    OSCfg_StatTaskRate_Hz                    0x000068cc   Data           4  os_cfg_app.o(.constdata)
    OSCfg_StatTaskStkBasePtr                 0x000068d0   Data           4  os_cfg_app.o(.constdata)
    OSCfg_StatTaskStkLimit                   0x000068d4   Data           4  os_cfg_app.o(.constdata)
    OSCfg_StatTaskStkSize                    0x000068d8   Data           4  os_cfg_app.o(.constdata)
    OSCfg_StatTaskStkSizeRAM                 0x000068dc   Data           4  os_cfg_app.o(.constdata)
    OSCfg_StkSizeMin                         0x000068e0   Data           4  os_cfg_app.o(.constdata)
    OSCfg_TickRate_Hz                        0x000068e4   Data           4  os_cfg_app.o(.constdata)
    OSCfg_TickTaskPrio                       0x000068e8   Data           1  os_cfg_app.o(.constdata)
    OSCfg_TickTaskStkBasePtr                 0x000068ec   Data           4  os_cfg_app.o(.constdata)
    OSCfg_TickTaskStkLimit                   0x000068f0   Data           4  os_cfg_app.o(.constdata)
    OSCfg_TickTaskStkSize                    0x000068f4   Data           4  os_cfg_app.o(.constdata)
    OSCfg_TickTaskStkSizeRAM                 0x000068f8   Data           4  os_cfg_app.o(.constdata)
    OSCfg_TickWheelSize                      0x000068fc   Data           2  os_cfg_app.o(.constdata)
    OSCfg_TickWheelSizeRAM                   0x00006900   Data           4  os_cfg_app.o(.constdata)
    OSCfg_TmrTaskPrio                        0x00006904   Data           1  os_cfg_app.o(.constdata)
    OSCfg_TmrTaskRate_Hz                     0x00006908   Data           4  os_cfg_app.o(.constdata)
    OSCfg_TmrTaskStkBasePtr                  0x0000690c   Data           4  os_cfg_app.o(.constdata)
    OSCfg_TmrTaskStkLimit                    0x00006910   Data           4  os_cfg_app.o(.constdata)
    OSCfg_TmrTaskStkSize                     0x00006914   Data           4  os_cfg_app.o(.constdata)
    OSCfg_TmrTaskStkSizeRAM                  0x00006918   Data           4  os_cfg_app.o(.constdata)
    OSCfg_TmrWheelSize                       0x0000691c   Data           2  os_cfg_app.o(.constdata)
    OSCfg_TmrWheelSizeRAM                    0x00006920   Data           4  os_cfg_app.o(.constdata)
    OSCfg_DataSizeRAM                        0x00006924   Data           4  os_cfg_app.o(.constdata)
    OSDbg_DbgEn                              0x00006928   Data           1  os_dbg.o(.constdata)
    OSDbg_ArgChkEn                           0x00006929   Data           1  os_dbg.o(.constdata)
    OSDbg_AppHooksEn                         0x0000692a   Data           1  os_dbg.o(.constdata)
    OSDbg_EndiannessTest                     0x0000692c   Data           4  os_dbg.o(.constdata)
    OSDbg_CalledFromISRChkEn                 0x00006930   Data           1  os_dbg.o(.constdata)
    OSDbg_FlagEn                             0x00006931   Data           1  os_dbg.o(.constdata)
    OSDbg_FlagGrp                            0x00006934   Data          40  os_dbg.o(.constdata)
    OSDbg_FlagDelEn                          0x0000695c   Data           1  os_dbg.o(.constdata)
    OSDbg_FlagModeClrEn                      0x0000695d   Data           1  os_dbg.o(.constdata)
    OSDbg_FlagPendAbortEn                    0x0000695e   Data           1  os_dbg.o(.constdata)
    OSDbg_FlagGrpSize                        0x00006960   Data           2  os_dbg.o(.constdata)
    OSDbg_FlagWidth                          0x00006962   Data           2  os_dbg.o(.constdata)
    OSDbg_IntQ                               0x00006964   Data           2  os_dbg.o(.constdata)
    OSDbg_ISRPostDeferredEn                  0x00006966   Data           1  os_dbg.o(.constdata)
    OSDbg_Mem                                0x00006968   Data          32  os_dbg.o(.constdata)
    OSDbg_MemEn                              0x00006988   Data           1  os_dbg.o(.constdata)
    OSDbg_MemSize                            0x0000698a   Data           2  os_dbg.o(.constdata)
    OSDbg_MsgEn                              0x0000698c   Data           1  os_dbg.o(.constdata)
    OSDbg_MsgSize                            0x0000698e   Data           2  os_dbg.o(.constdata)
    OSDbg_MsgPoolSize                        0x00006990   Data           2  os_dbg.o(.constdata)
    OSDbg_MsgQSize                           0x00006992   Data           2  os_dbg.o(.constdata)
    OSDbg_Mutex                              0x00006994   Data          44  os_dbg.o(.constdata)
    OSDbg_MutexEn                            0x000069c0   Data           1  os_dbg.o(.constdata)
    OSDbg_MutexDelEn                         0x000069c1   Data           1  os_dbg.o(.constdata)
    OSDbg_MutexPendAbortEn                   0x000069c2   Data           1  os_dbg.o(.constdata)
    OSDbg_MutexSize                          0x000069c4   Data           2  os_dbg.o(.constdata)
    OSDbg_ObjTypeChkEn                       0x000069c6   Data           1  os_dbg.o(.constdata)
    OSDbg_PendMultiEn                        0x000069c7   Data           1  os_dbg.o(.constdata)
    OSDbg_PendDataSize                       0x000069c8   Data           2  os_dbg.o(.constdata)
    OSDbg_PendListSize                       0x000069ca   Data           2  os_dbg.o(.constdata)
    OSDbg_PendObjSize                        0x000069cc   Data           2  os_dbg.o(.constdata)
    OSDbg_PrioMax                            0x000069ce   Data           2  os_dbg.o(.constdata)
    OSDbg_PrioTblSize                        0x000069d0   Data           2  os_dbg.o(.constdata)
    OSDbg_PtrSize                            0x000069d2   Data           2  os_dbg.o(.constdata)
    OSDbg_Q                                  0x000069d4   Data          48  os_dbg.o(.constdata)
    OSDbg_QEn                                0x00006a04   Data           1  os_dbg.o(.constdata)
    OSDbg_QDelEn                             0x00006a05   Data           1  os_dbg.o(.constdata)
    OSDbg_QFlushEn                           0x00006a06   Data           1  os_dbg.o(.constdata)
    OSDbg_QPendAbortEn                       0x00006a07   Data           1  os_dbg.o(.constdata)
    OSDbg_QSize                              0x00006a08   Data           2  os_dbg.o(.constdata)
    OSDbg_SchedRoundRobinEn                  0x00006a0a   Data           1  os_dbg.o(.constdata)
    OSDbg_Sem                                0x00006a0c   Data          40  os_dbg.o(.constdata)
    OSDbg_SemEn                              0x00006a34   Data           1  os_dbg.o(.constdata)
    OSDbg_SemDelEn                           0x00006a35   Data           1  os_dbg.o(.constdata)
    OSDbg_SemPendAbortEn                     0x00006a36   Data           1  os_dbg.o(.constdata)
    OSDbg_SemSetEn                           0x00006a37   Data           1  os_dbg.o(.constdata)
    OSDbg_SemSize                            0x00006a38   Data           2  os_dbg.o(.constdata)
    OSDbg_RdyList                            0x00006a3a   Data           2  os_dbg.o(.constdata)
    OSDbg_RdyListSize                        0x00006a3c   Data           4  os_dbg.o(.constdata)
    OSDbg_StkWidth                           0x00006a40   Data           1  os_dbg.o(.constdata)
    OSDbg_StatTaskEn                         0x00006a41   Data           1  os_dbg.o(.constdata)
    OSDbg_StatTaskStkChkEn                   0x00006a42   Data           1  os_dbg.o(.constdata)
    OSDbg_TaskChangePrioEn                   0x00006a43   Data           1  os_dbg.o(.constdata)
    OSDbg_TaskDelEn                          0x00006a44   Data           1  os_dbg.o(.constdata)
    OSDbg_TaskQEn                            0x00006a45   Data           1  os_dbg.o(.constdata)
    OSDbg_TaskQPendAbortEn                   0x00006a46   Data           1  os_dbg.o(.constdata)
    OSDbg_TaskProfileEn                      0x00006a47   Data           1  os_dbg.o(.constdata)
    OSDbg_TaskRegTblSize                     0x00006a48   Data           2  os_dbg.o(.constdata)
    OSDbg_TaskSemPendAbortEn                 0x00006a4a   Data           1  os_dbg.o(.constdata)
    OSDbg_TaskSuspendEn                      0x00006a4b   Data           1  os_dbg.o(.constdata)
    OSDbg_TCBSize                            0x00006a4c   Data           2  os_dbg.o(.constdata)
    OSDbg_TickSpokeSize                      0x00006a4e   Data           2  os_dbg.o(.constdata)
    OSDbg_TimeDlyHMSMEn                      0x00006a50   Data           1  os_dbg.o(.constdata)
    OSDbg_TimeDlyResumeEn                    0x00006a51   Data           1  os_dbg.o(.constdata)
    OSDbg_TLS_TblSize                        0x00006a52   Data           2  os_dbg.o(.constdata)
    OSDbg_Tmr                                0x00006a54   Data          52  os_dbg.o(.constdata)
    OSDbg_TmrEn                              0x00006a88   Data           1  os_dbg.o(.constdata)
    OSDbg_TmrDelEn                           0x00006a89   Data           1  os_dbg.o(.constdata)
    OSDbg_TmrSize                            0x00006a8a   Data           2  os_dbg.o(.constdata)
    OSDbg_TmrSpokeSize                       0x00006a8c   Data           2  os_dbg.o(.constdata)
    OSDbg_VersionNbr                         0x00006a8e   Data           2  os_dbg.o(.constdata)
    OSDbg_DataSize                           0x00006a90   Data           4  os_dbg.o(.constdata)
    Region$$Table$$Base                      0x00007084   Number         0  anon$$obj.o(Region$$Table)
    Region$$Table$$Limit                     0x000070b4   Number         0  anon$$obj.o(Region$$Table)
    Mem_PoolHeap                             0x10000000   Data          72  lib_mem.o(.bss)
    Mem_Heap                                 0x10000048   Data       15360  lib_mem.o(.bss)
    myparam                                  0x2007c000   Data           8  main.o(.data)
    buffer                                   0x2007c008   Data           7  main.o(.data)
    myFlag                                   0x2007c00f   Data           1  main.o(.data)
    last_state                               0x2007c010   Data           4  main.o(.data)
    T1                                       0x2007c014   Data           1  main.o(.data)
    T2                                       0x2007c015   Data           1  main.o(.data)
    T3                                       0x2007c016   Data           1  main.o(.data)
    T4                                       0x2007c017   Data           1  main.o(.data)
    P1                                       0x2007c018   Data           1  main.o(.data)
    P2                                       0x2007c019   Data           1  main.o(.data)
    CPU_TS_TmrFreq_Hz                        0x2007c01c   Data           4  cpu_core.o(.data)
    Mem_PoolTbl                              0x2007c020   Data           4  lib_mem.o(.data)
    OSPrioTbl                                0x2007c024   Data           8  os_prio.o(.data)
    OSIdleTaskCtr                            0x2007c02c   Data           4  os_var.o(.data)
    OSIntNestingCtr                          0x2007c030   Data           1  os_var.o(.data)
    OSRunning                                0x2007c031   Data           1  os_var.o(.data)
    OSFlagDbgListPtr                         0x2007c034   Data           4  os_var.o(.data)
    OSFlagQty                                0x2007c038   Data           2  os_var.o(.data)
    OSMemDbgListPtr                          0x2007c03c   Data           4  os_var.o(.data)
    OSMemQty                                 0x2007c040   Data           2  os_var.o(.data)
    OSPrioCur                                0x2007c042   Data           1  os_var.o(.data)
    OSPrioHighRdy                            0x2007c043   Data           1  os_var.o(.data)
    OSPrioSaved                              0x2007c044   Data           1  os_var.o(.data)
    OSSchedLockNestingCtr                    0x2007c045   Data           1  os_var.o(.data)
    OSSchedRoundRobinDfltTimeQuanta          0x2007c048   Data           4  os_var.o(.data)
    OSSchedRoundRobinEn                      0x2007c04c   Data           1  os_var.o(.data)
    OSSemDbgListPtr                          0x2007c050   Data           4  os_var.o(.data)
    OSSemQty                                 0x2007c054   Data           2  os_var.o(.data)
    OSTaskCtxSwCtr                           0x2007c058   Data           4  os_var.o(.data)
    OSTaskDbgListPtr                         0x2007c05c   Data           4  os_var.o(.data)
    OSTaskQty                                0x2007c060   Data           2  os_var.o(.data)
    OSTaskRegNextAvailID                     0x2007c062   Data           1  os_var.o(.data)
    OSTickCtr                                0x2007c064   Data           4  os_var.o(.data)
    OSTickTaskTimeMax                        0x2007c068   Data           4  os_var.o(.data)
    OSTCBCurPtr                              0x2007c06c   Data           4  os_var.o(.data)
    OSTCBHighRdyPtr                          0x2007c070   Data           4  os_var.o(.data)
    OS_CPU_ExceptStkBase                     0x2007c074   Data           4  os_cpu_c.o(.data)
    AD_current                               0x2007c078   Data           2  irq_adc.o(.data)
    AD_last                                  0x2007c07a   Data           2  irq_adc.o(.data)
    check                                    0x2007c07c   Data           4  irq_adc.o(.data)
    SinTable                                 0x2007c084   Data          90  irq_timer.o(.data)
    seq4beats                                0x2007c0e0   Data         120  irq_timer.o(.data)
    play                                     0x2007c158   Data           4  irq_timer.o(.data)
    blink_mask                               0x2007c15c   Data           4  irq_timer.o(.data)
    song                                     0x2007c160   Data           4  irq_timer.o(.data)
    note                                     0x2007c164   Data           4  irq_timer.o(.data)
    VectorTbl_RAM                            0x2007d000   Data         192  bsp_os.o(.bss)
    CPU_Name                                 0x2007d0c0   Data          16  cpu_core.o(.bss)
    OSCfg_IdleTaskStk                        0x2007d0d0   Data         512  os_cfg_app.o(.bss)
    OSCfg_ISRStk                             0x2007d2d0   Data        1024  os_cfg_app.o(.bss)
    OSCfg_MsgPool                            0x2007d6d0   Data        7200  os_cfg_app.o(.bss)
    OSCfg_TickTaskStk                        0x2007f2f0   Data         512  os_cfg_app.o(.bss)
    OSCfg_TickWheel                          0x2007f4f0   Data         128  os_cfg_app.o(.bss)
    OSIdleTaskTCB                            0x2007f570   Data         184  os_var.o(.bss)
    OSMsgPool                                0x2007f628   Data          12  os_var.o(.bss)
    OSRdyList                                0x2007f634   Data         768  os_var.o(.bss)
    OSTickTaskTCB                            0x2007f934   Data         184  os_var.o(.bss)
    __libspace_start                         0x2007f9ec   Data          96  libspace.o(.bss)
    __temporary_stack_top$libspace           0x2007fa4c   Data           0  libspace.o(.bss)



==============================================================================

Memory Map of the image

  Image Entry point : 0x000000cd

  Load Region LR_IROM1 (Base: 0x00000000, Size: 0x00007220, Max: 0x00080000, ABSOLUTE, COMPRESSED[0x00007130])

    Execution Region ER_IROM1 (Exec base: 0x00000000, Load base: 0x00000000, Size: 0x000070b4, Max: 0x00080000, ABSOLUTE)

    Exec Addr    Load Addr    Size         Type   Attr      Idx    E Section Name        Object

    0x00000000   0x00000000   0x000000cc   Data   RO         2967    RESET               startup_lpc17xx.o
    0x000000cc   0x000000cc   0x00000008   Code   RO         3019  * !!!main             c_w.l(__main.o)
    0x000000d4   0x000000d4   0x00000034   Code   RO         3217    !!!scatter          c_w.l(__scatter.o)
    0x00000108   0x00000108   0x0000005a   Code   RO         3215    !!dczerorl2         c_w.l(__dczerorl2.o)
    0x00000162   0x00000162   0x00000002   PAD
    0x00000164   0x00000164   0x0000001c   Code   RO         3219    !!handler_zi        c_w.l(__scatter_zi.o)
    0x00000180   0x00000180   0x00000002   Code   RO         3083    .ARM.Collect$$libinit$$00000000  c_w.l(libinit.o)
    0x00000182   0x00000182   0x00000000   Code   RO         3096    .ARM.Collect$$libinit$$00000002  c_w.l(libinit2.o)
    0x00000182   0x00000182   0x00000000   Code   RO         3098    .ARM.Collect$$libinit$$00000004  c_w.l(libinit2.o)
    0x00000182   0x00000182   0x00000000   Code   RO         3101    .ARM.Collect$$libinit$$0000000A  c_w.l(libinit2.o)
    0x00000182   0x00000182   0x00000000   Code   RO         3103    .ARM.Collect$$libinit$$0000000C  c_w.l(libinit2.o)
    0x00000182   0x00000182   0x00000000   Code   RO         3105    .ARM.Collect$$libinit$$0000000E  c_w.l(libinit2.o)
    0x00000182   0x00000182   0x00000000   Code   RO         3108    .ARM.Collect$$libinit$$00000011  c_w.l(libinit2.o)
    0x00000182   0x00000182   0x00000000   Code   RO         3110    .ARM.Collect$$libinit$$00000013  c_w.l(libinit2.o)
    0x00000182   0x00000182   0x00000000   Code   RO         3112    .ARM.Collect$$libinit$$00000015  c_w.l(libinit2.o)
    0x00000182   0x00000182   0x00000000   Code   RO         3114    .ARM.Collect$$libinit$$00000017  c_w.l(libinit2.o)
    0x00000182   0x00000182   0x00000000   Code   RO         3116    .ARM.Collect$$libinit$$00000019  c_w.l(libinit2.o)
    0x00000182   0x00000182   0x00000000   Code   RO         3118    .ARM.Collect$$libinit$$0000001B  c_w.l(libinit2.o)
    0x00000182   0x00000182   0x00000000   Code   RO         3120    .ARM.Collect$$libinit$$0000001D  c_w.l(libinit2.o)
    0x00000182   0x00000182   0x00000000   Code   RO         3122    .ARM.Collect$$libinit$$0000001F  c_w.l(libinit2.o)
    0x00000182   0x00000182   0x00000000   Code   RO         3124    .ARM.Collect$$libinit$$00000021  c_w.l(libinit2.o)
    0x00000182   0x00000182   0x00000000   Code   RO         3126    .ARM.Collect$$libinit$$00000023  c_w.l(libinit2.o)
    0x00000182   0x00000182   0x00000000   Code   RO         3128    .ARM.Collect$$libinit$$00000025  c_w.l(libinit2.o)
    0x00000182   0x00000182   0x00000000   Code   RO         3132    .ARM.Collect$$libinit$$0000002C  c_w.l(libinit2.o)
    0x00000182   0x00000182   0x00000000   Code   RO         3134    .ARM.Collect$$libinit$$0000002E  c_w.l(libinit2.o)
    0x00000182   0x00000182   0x00000000   Code   RO         3136    .ARM.Collect$$libinit$$00000030  c_w.l(libinit2.o)
    0x00000182   0x00000182   0x00000000   Code   RO         3138    .ARM.Collect$$libinit$$00000032  c_w.l(libinit2.o)
    0x00000182   0x00000182   0x00000002   Code   RO         3139    .ARM.Collect$$libinit$$00000033  c_w.l(libinit2.o)
    0x00000184   0x00000184   0x00000002   Code   RO         3170    .ARM.Collect$$libshutdown$$00000000  c_w.l(libshutdown.o)
    0x00000186   0x00000186   0x00000000   Code   RO         3196    .ARM.Collect$$libshutdown$$00000002  c_w.l(libshutdown2.o)
    0x00000186   0x00000186   0x00000000   Code   RO         3198    .ARM.Collect$$libshutdown$$00000004  c_w.l(libshutdown2.o)
    0x00000186   0x00000186   0x00000000   Code   RO         3200    .ARM.Collect$$libshutdown$$00000006  c_w.l(libshutdown2.o)
    0x00000186   0x00000186   0x00000000   Code   RO         3203    .ARM.Collect$$libshutdown$$00000009  c_w.l(libshutdown2.o)
    0x00000186   0x00000186   0x00000000   Code   RO         3206    .ARM.Collect$$libshutdown$$0000000C  c_w.l(libshutdown2.o)
    0x00000186   0x00000186   0x00000000   Code   RO         3208    .ARM.Collect$$libshutdown$$0000000E  c_w.l(libshutdown2.o)
    0x00000186   0x00000186   0x00000000   Code   RO         3211    .ARM.Collect$$libshutdown$$00000011  c_w.l(libshutdown2.o)
    0x00000186   0x00000186   0x00000002   Code   RO         3212    .ARM.Collect$$libshutdown$$00000012  c_w.l(libshutdown2.o)
    0x00000188   0x00000188   0x00000000   Code   RO         3041    .ARM.Collect$$rtentry$$00000000  c_w.l(__rtentry.o)
    0x00000188   0x00000188   0x00000000   Code   RO         3054    .ARM.Collect$$rtentry$$00000002  c_w.l(__rtentry2.o)
    0x00000188   0x00000188   0x00000006   Code   RO         3066    .ARM.Collect$$rtentry$$00000004  c_w.l(__rtentry4.o)
    0x0000018e   0x0000018e   0x00000000   Code   RO         3056    .ARM.Collect$$rtentry$$00000009  c_w.l(__rtentry2.o)
    0x0000018e   0x0000018e   0x00000004   Code   RO         3057    .ARM.Collect$$rtentry$$0000000A  c_w.l(__rtentry2.o)
    0x00000192   0x00000192   0x00000000   Code   RO         3059    .ARM.Collect$$rtentry$$0000000C  c_w.l(__rtentry2.o)
    0x00000192   0x00000192   0x00000008   Code   RO         3060    .ARM.Collect$$rtentry$$0000000D  c_w.l(__rtentry2.o)
    0x0000019a   0x0000019a   0x00000002   Code   RO         3087    .ARM.Collect$$rtexit$$00000000  c_w.l(rtexit.o)
    0x0000019c   0x0000019c   0x00000000   Code   RO         3143    .ARM.Collect$$rtexit$$00000002  c_w.l(rtexit2.o)
    0x0000019c   0x0000019c   0x00000004   Code   RO         3144    .ARM.Collect$$rtexit$$00000003  c_w.l(rtexit2.o)
    0x000001a0   0x000001a0   0x00000006   Code   RO         3145    .ARM.Collect$$rtexit$$00000004  c_w.l(rtexit2.o)
    0x000001a6   0x000001a6   0x00000002   PAD
    0x000001a8   0x000001a8   0x00000034   Code   RO          533    .text               cpu_a.o
    0x000001dc   0x000001dc   0x00000084   Code   RO         2265    .text               os_cpu_a.o
    0x00000260   0x00000260   0x0000004c   Code   RO         2969    .text               startup_lpc17xx.o
    0x000002ac   0x000002ac   0x00000006   Code   RO         3017    .text               c_w.l(heapauxi.o)
    0x000002b2   0x000002b2   0x0000004a   Code   RO         3070    .text               c_w.l(sys_stackheap_outer.o)
    0x000002fc   0x000002fc   0x00000004   Code   RO         2968    .ARM.__at_0x02FC    startup_lpc17xx.o
    0x00000300   0x00000300   0x0000008a   Code   RO         3015    .text               c_w.l(rt_memcpy_v6.o)
    0x0000038a   0x0000038a   0x00000064   Code   RO         3046    .text               c_w.l(rt_memcpy_w.o)
    0x000003ee   0x000003ee   0x00000012   Code   RO         3072    .text               c_w.l(exit.o)
    0x00000400   0x00000400   0x00000008   Code   RO         3084    .text               c_w.l(libspace.o)
    0x00000408   0x00000408   0x0000000c   Code   RO         3140    .text               c_w.l(sys_exit.o)
    0x00000414   0x00000414   0x00000002   Code   RO         3159    .text               c_w.l(use_no_semi.o)
    0x00000416   0x00000416   0x00000000   Code   RO         3161    .text               c_w.l(indicate_semi.o)
    0x00000416   0x00000416   0x00000002   PAD
    0x00000418   0x00000418   0x00000024   Code   RO         2350    i.ADC_IRQHandler    irq_adc.o
    0x0000043c   0x0000043c   0x000000c8   Code   RO            4    i.APP_TSK           main.o
    0x00000504   0x00000504   0x0000004c   Code   RO          317    i.BSP_IntInit       bsp_os.o
    0x00000550   0x00000550   0x0000001c   Code   RO          184    i.BSP_Start         bsp.o
    0x0000056c   0x0000056c   0x0000000c   Code   RO          593    i.CPU_Init          cpu_core.o
    0x00000578   0x00000578   0x00000030   Code   RO          594    i.CPU_NameClr       cpu_core.o
    0x000005a8   0x000005a8   0x00000008   Code   RO          596    i.CPU_NameInit      cpu_core.o
    0x000005b0   0x000005b0   0x00000014   Code   RO          600    i.CPU_TS_Init       cpu_core.o
    0x000005c4   0x000005c4   0x0000000c   Code   RO          602    i.CPU_TS_TmrFreqSet  cpu_core.o
    0x000005d0   0x000005d0   0x00000030   Code   RO          186    i.CPU_TS_TmrInit    bsp.o
    0x00000600   0x00000600   0x0000000c   Code   RO          187    i.CPU_TS_TmrRd      bsp.o
    0x0000060c   0x0000060c   0x00000088   Code   RO          877    i.CSP_PM_CPU_ClkFreqGet  csp_pm.o
    0x00000694   0x00000694   0x00000168   Code   RO            5    i.DISPLAY_TSK       main.o
    0x000007fc   0x000007fc   0x00000094   Code   RO            6    i.DMA_IRQHandler    main.o
    0x00000890   0x00000890   0x00000050   Code   RO         2447    i.GUI_Text          glcd.o
    0x000008e0   0x000008e0   0x00000020   Code   RO         2427    i.GetASCIICode      asciilib.o
    0x00000900   0x00000900   0x000005f0   Code   RO         2449    i.LCD_Clear         glcd.o
    0x00000ef0   0x00000ef0   0x00000018   Code   RO         2450    i.LCD_Configuration  glcd.o
    0x00000f08   0x00000f08   0x00002ef8   Code   RO         2453    i.LCD_Initialization  glcd.o
    0x00003e00   0x00003e00   0x00000550   Code   RO         2454    i.LCD_SetCursor     glcd.o
    0x00004350   0x00004350   0x000000d4   Code   RO         2455    i.LCD_SetPoint      glcd.o
    0x00004424   0x00004424   0x00000164   Code   RO            7    i.LOCK_TSK          main.o
    0x00004588   0x00004588   0x00000012   Code   RO         1149    i.Mem_Clr           lib_mem.o
    0x0000459a   0x0000459a   0x00000002   PAD
    0x0000459c   0x0000459c   0x00000048   Code   RO         1153    i.Mem_Init          lib_mem.o
    0x000045e4   0x000045e4   0x00000062   Code   RO         1166    i.Mem_Set           lib_mem.o
    0x00004646   0x00004646   0x00000002   Code   RO         1420    i.OSCfg_Init        os_cfg_app.o
    0x00004648   0x00004648   0x00000002   Code   RO         2269    i.OSIdleTaskHook    os_cpu_c.o
    0x0000464a   0x0000464a   0x00000002   PAD
    0x0000464c   0x0000464c   0x00000100   Code   RO         1443    i.OSInit            os_core.o
    0x0000474c   0x0000474c   0x00000038   Code   RO         2270    i.OSInitHook        os_cpu_c.o
    0x00004784   0x00004784   0x000000e4   Code   RO         1445    i.OSIntExit         os_core.o
    0x00004868   0x00004868   0x000000a8   Code   RO         1446    i.OSSched           os_core.o
    0x00004910   0x00004910   0x00000068   Code   RO         1451    i.OSStart           os_core.o
    0x00004978   0x00004978   0x00000168   Code   RO         1987    i.OSTaskCreate      os_task.o
    0x00004ae0   0x00004ae0   0x00000002   Code   RO         2272    i.OSTaskCreateHook  os_cpu_c.o
    0x00004ae2   0x00004ae2   0x00000002   PAD
    0x00004ae4   0x00004ae4   0x00000044   Code   RO         1995    i.OSTaskResume      os_task.o
    0x00004b28   0x00004b28   0x00000002   Code   RO         2274    i.OSTaskReturnHook  os_cpu_c.o
    0x00004b2a   0x00004b2a   0x00000002   PAD
    0x00004b2c   0x00004b2c   0x000001c4   Code   RO         1996    i.OSTaskSemPend     os_task.o
    0x00004cf0   0x00004cf0   0x00000024   Code   RO         1998    i.OSTaskSemPost     os_task.o
    0x00004d14   0x00004d14   0x000000c0   Code   RO         2275    i.OSTaskStkInit     os_cpu_c.o
    0x00004dd4   0x00004dd4   0x00000038   Code   RO         2000    i.OSTaskSuspend     os_task.o
    0x00004e0c   0x00004e0c   0x00000054   Code   RO         2276    i.OSTaskSwHook      os_cpu_c.o
    0x00004e60   0x00004e60   0x000000c4   Code   RO         2185    i.OSTimeDly         os_time.o
    0x00004f24   0x00004f24   0x00000030   Code   RO         2190    i.OSTimeTick        os_time.o
    0x00004f54   0x00004f54   0x00000002   Code   RO         2277    i.OSTimeTickHook    os_cpu_c.o
    0x00004f56   0x00004f56   0x00000002   PAD
    0x00004f58   0x00004f58   0x00000038   Code   RO         2278    i.OS_CPU_SysTickHandler  os_cpu_c.o
    0x00004f90   0x00004f90   0x00000030   Code   RO         2279    i.OS_CPU_SysTickInit  os_cpu_c.o
    0x00004fc0   0x00004fc0   0x00000170   Code   RO         1671    i.OS_Dbg_Init       os_dbg.o
    0x00005130   0x00005130   0x00000018   Code   RO         1696    i.OS_FlagInit       os_flag.o
    0x00005148   0x00005148   0x00000038   Code   RO         1453    i.OS_IdleTask       os_core.o
    0x00005180   0x00005180   0x00000070   Code   RO         1454    i.OS_IdleTaskInit   os_core.o
    0x000051f0   0x000051f0   0x00000018   Code   RO         1780    i.OS_MemInit        os_mem.o
    0x00005208   0x00005208   0x0000005c   Code   RO         1812    i.OS_MsgPoolInit    os_msg.o
    0x00005264   0x00005264   0x0000000e   Code   RO         1815    i.OS_MsgQInit       os_msg.o
    0x00005272   0x00005272   0x00000002   PAD
    0x00005274   0x00005274   0x00000068   Code   RO         1455    i.OS_Pend           os_core.o
    0x000052dc   0x000052dc   0x00000026   Code   RO         1458    i.OS_PendDataInit   os_core.o
    0x00005302   0x00005302   0x00000002   PAD
    0x00005304   0x00005304   0x0000005c   Code   RO         1459    i.OS_PendDbgNameAdd  os_core.o
    0x00005360   0x00005360   0x00000024   Code   RO         1460    i.OS_PendDbgNameRemove  os_core.o
    0x00005384   0x00005384   0x00000066   Code   RO         1464    i.OS_PendListInsertPrio  os_core.o
    0x000053ea   0x000053ea   0x00000030   Code   RO         1465    i.OS_PendListRemove  os_core.o
    0x0000541a   0x0000541a   0x00000042   Code   RO         1466    i.OS_PendListRemove1  os_core.o
    0x0000545c   0x0000545c   0x000000c0   Code   RO         1469    i.OS_Post           os_core.o
    0x0000551c   0x0000551c   0x0000002a   Code   RO         1470    i.OS_Post1          os_core.o
    0x00005546   0x00005546   0x00000002   PAD
    0x00005548   0x00005548   0x00000028   Code   RO         1884    i.OS_PrioGetHighest  os_prio.o
    0x00005570   0x00005570   0x00000018   Code   RO         1885    i.OS_PrioInit       os_prio.o
    0x00005588   0x00005588   0x00000024   Code   RO         1886    i.OS_PrioInsert     os_prio.o
    0x000055ac   0x000055ac   0x00000024   Code   RO         1887    i.OS_PrioRemove     os_prio.o
    0x000055d0   0x000055d0   0x00000024   Code   RO         1471    i.OS_RdyListInit    os_core.o
    0x000055f4   0x000055f4   0x0000002c   Code   RO         1472    i.OS_RdyListInsert  os_core.o
    0x00005620   0x00005620   0x00000040   Code   RO         1473    i.OS_RdyListInsertHead  os_core.o
    0x00005660   0x00005660   0x0000003c   Code   RO         1474    i.OS_RdyListInsertTail  os_core.o
    0x0000569c   0x0000569c   0x00000044   Code   RO         1475    i.OS_RdyListMoveHeadToTail  os_core.o
    0x000056e0   0x000056e0   0x0000005c   Code   RO         1476    i.OS_RdyListRemove  os_core.o
    0x0000573c   0x0000573c   0x000000d0   Code   RO         1477    i.OS_SchedRoundRobin  os_core.o
    0x0000580c   0x0000580c   0x00000018   Code   RO         1933    i.OS_SemInit        os_sem.o
    0x00005824   0x00005824   0x00000038   Code   RO         1478    i.OS_TaskBlock      os_core.o
    0x0000585c   0x0000585c   0x00000030   Code   RO         2002    i.OS_TaskDbgListAdd  os_task.o
    0x0000588c   0x0000588c   0x00000020   Code   RO         2004    i.OS_TaskInit       os_task.o
    0x000058ac   0x000058ac   0x000000c0   Code   RO         2005    i.OS_TaskInitTCB    os_task.o
    0x0000596c   0x0000596c   0x0000001c   Code   RO         1479    i.OS_TaskRdy        os_core.o
    0x00005988   0x00005988   0x00000100   Code   RO         2007    i.OS_TaskResume     os_task.o
    0x00005a88   0x00005a88   0x00000024   Code   RO         2008    i.OS_TaskReturn     os_task.o
    0x00005aac   0x00005aac   0x000001c4   Code   RO         2009    i.OS_TaskSemPost    os_task.o
    0x00005c70   0x00005c70   0x00000118   Code   RO         2010    i.OS_TaskSuspend    os_task.o
    0x00005d88   0x00005d88   0x00000028   Code   RO         2137    i.OS_TickListInit   os_tick.o
    0x00005db0   0x00005db0   0x000001bc   Code   RO         2138    i.OS_TickListInsert  os_tick.o
    0x00005f6c   0x00005f6c   0x00000038   Code   RO         2139    i.OS_TickListRemove  os_tick.o
    0x00005fa4   0x00005fa4   0x00000188   Code   RO         2141    i.OS_TickListUpdate  os_tick.o
    0x0000612c   0x0000612c   0x0000002c   Code   RO         2142    i.OS_TickTask       os_tick.o
    0x00006158   0x00006158   0x000000b8   Code   RO         2143    i.OS_TickTaskInit   os_tick.o
    0x00006210   0x00006210   0x00000064   Code   RO         2456    i.PutChar           glcd.o
    0x00006274   0x00006274   0x00000140   Code   RO         2979    i.SystemInit        system_lpc17xx.o
    0x000063b4   0x000063b4   0x00000044   Code   RO         2675    i.TIMER0_IRQHandler  irq_timer.o
    0x000063f8   0x000063f8   0x0000000c   Code   RO         2676    i.TIMER1_IRQHandler  irq_timer.o
    0x00006404   0x00006404   0x0000000c   Code   RO         2677    i.TIMER2_IRQHandler  irq_timer.o
    0x00006410   0x00006410   0x00000014   Code   RO         2678    i.TIMER3_IRQHandler  irq_timer.o
    0x00006424   0x00006424   0x00000002   Code   RO         2836    i.UART2_IRQHandler  uart.o
    0x00006426   0x00006426   0x0000001e   Code   RO         2457    i.delay_ms          glcd.o
    0x00006444   0x00006444   0x0000003c   Code   RO         2730    i.enable_timer      lib_timer.o
    0x00006480   0x00006480   0x00000050   Code   RO         2812    i.init_DMA          lib_dma.o
    0x000064d0   0x000064d0   0x00000170   Code   RO         2837    i.init_uart         uart.o
    0x00006640   0x00006640   0x00000100   Code   RO            8    i.main              main.o
    0x00006740   0x00006740   0x00000050   Code   RO            9    i.tostring          main.o
    0x00006790   0x00006790   0x000000e8   Code   RO         2780    i.transfer_DMA      funct_dma.o
    0x00006878   0x00006878   0x0000000c   Code   RO         2458    i.wait_delay        glcd.o
    0x00006884   0x00006884   0x000000a4   Data   RO         1422    .constdata          os_cfg_app.o
    0x00006928   0x00006928   0x0000016c   Data   RO         1672    .constdata          os_dbg.o
    0x00006a94   0x00006a94   0x000005f0   Data   RO         2428    .constdata          asciilib.o
    0x00007084   0x00007084   0x00000030   Data   RO         3213    Region$$Table       anon$$obj.o


    Execution Region RW_IRAM1 (Exec base: 0x10000000, Load base: 0x000070b4, Size: 0x00003c48, Max: 0x00008000, ABSOLUTE)

    Exec Addr    Load Addr    Size         Type   Attr      Idx    E Section Name        Object

    0x10000000        -       0x00003c48   Zero   RW         1167    .bss                lib_mem.o


    Execution Region RW_IRAM2 (Exec base: 0x2007c000, Load base: 0x000070b4, Size: 0x00003c50, Max: 0x00008000, ABSOLUTE, COMPRESSED[0x0000007c])

    Exec Addr    Load Addr    Size         Type   Attr      Idx    E Section Name        Object

    0x2007c000   COMPRESSED   0x0000001a   Data   RW           11    .data               main.o
    0x2007c01a   COMPRESSED   0x00000002   PAD
    0x2007c01c   COMPRESSED   0x00000004   Data   RW          606    .data               cpu_core.o
    0x2007c020   COMPRESSED   0x00000004   Data   RW         1168    .data               lib_mem.o
    0x2007c024   COMPRESSED   0x00000008   Data   RW         1888    .data               os_prio.o
    0x2007c02c   COMPRESSED   0x00000048   Data   RW         2234    .data               os_var.o
    0x2007c074   COMPRESSED   0x00000004   Data   RW         2280    .data               os_cpu_c.o
    0x2007c078   COMPRESSED   0x00000008   Data   RW         2351    .data               irq_adc.o
    0x2007c080   COMPRESSED   0x00000001   Data   RW         2459    .data               glcd.o
    0x2007c081   COMPRESSED   0x00000003   PAD
    0x2007c084   COMPRESSED   0x000000e8   Data   RW         2680    .data               irq_timer.o
    0x2007c16c        -       0x00000e28   Zero   RW           10    .bss                main.o
    0x2007cf94   COMPRESSED   0x0000006c   PAD
    0x2007d000        -       0x000000c0   Zero   RW          325    .bss                bsp_os.o
    0x2007d0c0        -       0x00000010   Zero   RW          604    .bss                cpu_core.o
    0x2007d0d0        -       0x000024a0   Zero   RW         1421    .bss                os_cfg_app.o
    0x2007f570        -       0x0000047c   Zero   RW         2233    .bss                os_var.o
    0x2007f9ec        -       0x00000060   Zero   RW         3085    .bss                c_w.l(libspace.o)
    0x2007fa4c   COMPRESSED   0x00000004   PAD
    0x2007fa50        -       0x00000000   Zero   RW         2966    HEAP                startup_lpc17xx.o
    0x2007fa50        -       0x00000200   Zero   RW         2965    STACK               startup_lpc17xx.o


==============================================================================

Image component sizes


      Code (inc. data)   RO Data    RW Data    ZI Data      Debug   Object Name

        32          6       1520          0          0       1271   asciilib.o
        88         18          0          0          0      38682   bsp.o
        76         10          0          0        192       2390   bsp_os.o
        52          0          0          0          0        740   cpu_a.o
       100         18          0          4         16      12158   cpu_core.o
       136         18          0          0          0        812   csp_pm.o
       232         10          0          0          0       2651   funct_dma.o
     15362        108          0          1          0      39841   glcd.o
        36         14          0          8          0      17672   irq_adc.o
       112         26          0        232          0       3009   irq_timer.o
         0          0          0          0          0      26463   lib_adc.o
        80         10          0          0          0        655   lib_dma.o
       188         18          0          4      15432      13751   lib_mem.o
        60         12          0          0          0        519   lib_timer.o
      1400        302          0         26       3624      38520   main.o
         2          0        164          0       9376      18120   os_cfg_app.o
      2300        292          0          0          0      16527   os_core.o
       132         32          0          0          0        580   os_cpu_a.o
       444         36          0          4          0       6728   os_cpu_c.o
       368        240        364          0          0       4949   os_dbg.o
        24         10          0          0          0        998   os_flag.o
        24         10          0          0          0        993   os_mem.o
       106         12          0          0          0       1699   os_msg.o
       136         16          0          8          0       2970   os_prio.o
        24         10          0          0          0        993   os_sem.o
      2268        126          0          0          0      10039   os_task.o
      1160        108          0          0          0       5014   os_tick.o
       244         26          0          0          0       1777   os_time.o
         0          0          0         72       1148      16327   os_var.o
        80         30        204          0        512       1112   startup_lpc17xx.o
       320         18          0          0          0        613   system_lpc17xx.o
       370         26          0          0          0       2687   uart.o

    ----------------------------------------------------------------------
     25972       1562       2300        364      30408     291260   Object Totals
         0          0         48          0          0          0   (incl. Generated)
        16          0          0          5        108          0   (incl. Padding)

    ----------------------------------------------------------------------

      Code (inc. data)   RO Data    RW Data    ZI Data      Debug   Library Member Name

        90          0          0          0          0          0   __dczerorl2.o
         8          0          0          0          0         68   __main.o
         0          0          0          0          0          0   __rtentry.o
        12          0          0          0          0          0   __rtentry2.o
         6          0          0          0          0          0   __rtentry4.o
        52          8          0          0          0          0   __scatter.o
        28          0          0          0          0          0   __scatter_zi.o
        18          0          0          0          0         80   exit.o
         6          0          0          0          0        152   heapauxi.o
         0          0          0          0          0          0   indicate_semi.o
         2          0          0          0          0          0   libinit.o
         2          0          0          0          0          0   libinit2.o
         2          0          0          0          0          0   libshutdown.o
         2          0          0          0          0          0   libshutdown2.o
         8          4          0          0         96         68   libspace.o
       138          0          0          0          0         68   rt_memcpy_v6.o
       100          0          0          0          0         80   rt_memcpy_w.o
         2          0          0          0          0          0   rtexit.o
        10          0          0          0          0          0   rtexit2.o
        12          4          0          0          0         68   sys_exit.o
        74          0          0          0          0         80   sys_stackheap_outer.o
         2          0          0          0          0         68   use_no_semi.o

    ----------------------------------------------------------------------
       580         16          0          0        100        732   Library Totals
         6          0          0          0          4          0   (incl. Padding)

    ----------------------------------------------------------------------

      Code (inc. data)   RO Data    RW Data    ZI Data      Debug   Library Name

       574         16          0          0         96        732   c_w.l

    ----------------------------------------------------------------------
       580         16          0          0        100        732   Library Totals

    ----------------------------------------------------------------------

==============================================================================


      Code (inc. data)   RO Data    RW Data    ZI Data      Debug   

     26552       1578       2300        364      30508     286476   Grand Totals
     26552       1578       2300        124      30508     286476   ELF Image Totals (compressed)
     26552       1578       2300        124          0          0   ROM Totals

==============================================================================

    Total RO  Size (Code + RO Data)                28852 (  28.18kB)
    Total RW  Size (RW Data + ZI Data)             30872 (  30.15kB)
    Total ROM Size (Code + RO Data + RW Data)      28976 (  28.30kB)

==============================================================================

